Archive member included to satisfy reference by file (symbol)

D:/stm32_sys/STM32CubeIDE_1.19.0/STM32CubeIDE/plugins/com.st.stm32cube.ide.mcu.externaltools.gnu-tools-for-stm32.13.3.rel1.win32_1.0.0.202411081344/tools/bin/../lib/gcc/arm-none-eabi/13.3.1/../../../../arm-none-eabi/lib/thumb/v6-m/nofp\libc_nano.a(libc_a-exit.o)
                              D:/stm32_sys/STM32CubeIDE_1.19.0/STM32CubeIDE/plugins/com.st.stm32cube.ide.mcu.externaltools.gnu-tools-for-stm32.13.3.rel1.win32_1.0.0.202411081344/tools/bin/../lib/gcc/arm-none-eabi/13.3.1/../../../../arm-none-eabi/lib/thumb/v6-m/nofp/crt0.o (exit)
D:/stm32_sys/STM32CubeIDE_1.19.0/STM32CubeIDE/plugins/com.st.stm32cube.ide.mcu.externaltools.gnu-tools-for-stm32.13.3.rel1.win32_1.0.0.202411081344/tools/bin/../lib/gcc/arm-none-eabi/13.3.1/../../../../arm-none-eabi/lib/thumb/v6-m/nofp\libc_nano.a(libc_a-ctype_.o)
                              ./Core/Src/calculator_engine.o (_ctype_)
D:/stm32_sys/STM32CubeIDE_1.19.0/STM32CubeIDE/plugins/com.st.stm32cube.ide.mcu.externaltools.gnu-tools-for-stm32.13.3.rel1.win32_1.0.0.202411081344/tools/bin/../lib/gcc/arm-none-eabi/13.3.1/../../../../arm-none-eabi/lib/thumb/v6-m/nofp\libc_nano.a(libc_a-findfp.o)
                              D:/stm32_sys/STM32CubeIDE_1.19.0/STM32CubeIDE/plugins/com.st.stm32cube.ide.mcu.externaltools.gnu-tools-for-stm32.13.3.rel1.win32_1.0.0.202411081344/tools/bin/../lib/gcc/arm-none-eabi/13.3.1/../../../../arm-none-eabi/lib/thumb/v6-m/nofp\libc_nano.a(libc_a-exit.o) (__stdio_exit_handler)
D:/stm32_sys/STM32CubeIDE_1.19.0/STM32CubeIDE/plugins/com.st.stm32cube.ide.mcu.externaltools.gnu-tools-for-stm32.13.3.rel1.win32_1.0.0.202411081344/tools/bin/../lib/gcc/arm-none-eabi/13.3.1/../../../../arm-none-eabi/lib/thumb/v6-m/nofp\libc_nano.a(libc_a-fwalk.o)
                              D:/stm32_sys/STM32CubeIDE_1.19.0/STM32CubeIDE/plugins/com.st.stm32cube.ide.mcu.externaltools.gnu-tools-for-stm32.13.3.rel1.win32_1.0.0.202411081344/tools/bin/../lib/gcc/arm-none-eabi/13.3.1/../../../../arm-none-eabi/lib/thumb/v6-m/nofp\libc_nano.a(libc_a-findfp.o) (_fwalk_sglue)
D:/stm32_sys/STM32CubeIDE_1.19.0/STM32CubeIDE/plugins/com.st.stm32cube.ide.mcu.externaltools.gnu-tools-for-stm32.13.3.rel1.win32_1.0.0.202411081344/tools/bin/../lib/gcc/arm-none-eabi/13.3.1/../../../../arm-none-eabi/lib/thumb/v6-m/nofp\libc_nano.a(libc_a-stdio.o)
                              D:/stm32_sys/STM32CubeIDE_1.19.0/STM32CubeIDE/plugins/com.st.stm32cube.ide.mcu.externaltools.gnu-tools-for-stm32.13.3.rel1.win32_1.0.0.202411081344/tools/bin/../lib/gcc/arm-none-eabi/13.3.1/../../../../arm-none-eabi/lib/thumb/v6-m/nofp\libc_nano.a(libc_a-findfp.o) (__sread)
D:/stm32_sys/STM32CubeIDE_1.19.0/STM32CubeIDE/plugins/com.st.stm32cube.ide.mcu.externaltools.gnu-tools-for-stm32.13.3.rel1.win32_1.0.0.202411081344/tools/bin/../lib/gcc/arm-none-eabi/13.3.1/../../../../arm-none-eabi/lib/thumb/v6-m/nofp\libc_nano.a(libc_a-memset.o)
                              D:/stm32_sys/STM32CubeIDE_1.19.0/STM32CubeIDE/plugins/com.st.stm32cube.ide.mcu.externaltools.gnu-tools-for-stm32.13.3.rel1.win32_1.0.0.202411081344/tools/bin/../lib/gcc/arm-none-eabi/13.3.1/../../../../arm-none-eabi/lib/thumb/v6-m/nofp/crt0.o (memset)
D:/stm32_sys/STM32CubeIDE_1.19.0/STM32CubeIDE/plugins/com.st.stm32cube.ide.mcu.externaltools.gnu-tools-for-stm32.13.3.rel1.win32_1.0.0.202411081344/tools/bin/../lib/gcc/arm-none-eabi/13.3.1/../../../../arm-none-eabi/lib/thumb/v6-m/nofp\libc_nano.a(libc_a-strcat.o)
                              ./Core/Src/calculator_engine.o (strcat)
D:/stm32_sys/STM32CubeIDE_1.19.0/STM32CubeIDE/plugins/com.st.stm32cube.ide.mcu.externaltools.gnu-tools-for-stm32.13.3.rel1.win32_1.0.0.202411081344/tools/bin/../lib/gcc/arm-none-eabi/13.3.1/../../../../arm-none-eabi/lib/thumb/v6-m/nofp\libc_nano.a(libc_a-strchr.o)
                              ./Core/Src/calculator_engine.o (strchr)
D:/stm32_sys/STM32CubeIDE_1.19.0/STM32CubeIDE/plugins/com.st.stm32cube.ide.mcu.externaltools.gnu-tools-for-stm32.13.3.rel1.win32_1.0.0.202411081344/tools/bin/../lib/gcc/arm-none-eabi/13.3.1/../../../../arm-none-eabi/lib/thumb/v6-m/nofp\libc_nano.a(libc_a-strncpy.o)
                              ./Core/Src/calculator_engine.o (strncpy)
D:/stm32_sys/STM32CubeIDE_1.19.0/STM32CubeIDE/plugins/com.st.stm32cube.ide.mcu.externaltools.gnu-tools-for-stm32.13.3.rel1.win32_1.0.0.202411081344/tools/bin/../lib/gcc/arm-none-eabi/13.3.1/../../../../arm-none-eabi/lib/thumb/v6-m/nofp\libc_nano.a(libc_a-closer.o)
                              D:/stm32_sys/STM32CubeIDE_1.19.0/STM32CubeIDE/plugins/com.st.stm32cube.ide.mcu.externaltools.gnu-tools-for-stm32.13.3.rel1.win32_1.0.0.202411081344/tools/bin/../lib/gcc/arm-none-eabi/13.3.1/../../../../arm-none-eabi/lib/thumb/v6-m/nofp\libc_nano.a(libc_a-stdio.o) (_close_r)
[...]
Memory Configuration

Name             Origin             Length             Attributes
RAM              0x20000000         0x00001000         xrw
FLASH            0x08000000         0x00008000         xr
*default*        0x00000000         0xffffffff

Linker script and memory map

LOAD D:/stm32_sys/STM32CubeIDE_1.19.0/STM32CubeIDE/plugins/com.st.stm32cube.ide.mcu.externaltools.gnu-tools-for-stm32.13.3.rel1.win32_1.0.0.202411081344/tools/bin/../lib/gcc/arm-none-eabi/13.3.1/thumb/v6-m/nofp/crti.o
LOAD D:/stm32_sys/STM32CubeIDE_1.19.0/STM32CubeIDE/plugins/com.st.stm32cube.ide.mcu.externaltools.gnu-tools-for-stm32.13.3.rel1.win32_1.0.0.202411081344/tools/bin/../lib/gcc/arm-none-eabi/13.3.1/thumb/v6-m/nofp/crtbegin.o
LOAD D:/stm32_sys/STM32CubeIDE_1.19.0/STM32CubeIDE/plugins/com.st.stm32cube.ide.mcu.externaltools.gnu-tools-for-stm32.13.3.rel1.win32_1.0.0.202411081344/tools/bin/../lib/gcc/arm-none-eabi/13.3.1/../../../../arm-none-eabi/lib/thumb/v6-m/nofp/crt0.o
LOAD ./Core/Src/LCD_driver.o
LOAD ./Core/Src/app_main.o
LOAD ./Core/Src/calculator_engine.o
LOAD ./Core/Src/keypad.o
LOAD ./Core/Src/main.o
LOAD ./Core/Src/stm32f0xx_hal_msp.o
LOAD ./Core/Src/stm32f0xx_hal_timebase_tim.o
LOAD ./Core/Src/stm32f0xx_it.o
LOAD ./Core/Src/syscalls.o
LOAD ./Core/Src/sysmem.o
LOAD ./Core/Src/system_stm32f0xx.o
LOAD ./Core/Startup/startup_stm32f030k6tx.o
LOAD ./Drivers/STM32F0xx_HAL_Driver/Src/stm32f0xx_hal.o
LOAD ./Drivers/STM32F0xx_HAL_Driver/Src/stm32f0xx_hal_cortex.o
LOAD ./Drivers/STM32F0xx_HAL_Driver/Src/stm32f0xx_hal_dma.o
LOAD ./Drivers/STM32F0xx_HAL_Driver/Src/stm32f0xx_hal_exti.o
LOAD ./Drivers/STM32F0xx_HAL_Driver/Src/stm32f0xx_hal_flash.o
LOAD ./Drivers/STM32F0xx_HAL_Driver/Src/stm32f0xx_hal_flash_ex.o
LOAD ./Drivers/STM32F0xx_HAL_Driver/Src/stm32f0xx_hal_gpio.o
LOAD ./Drivers/STM32F0xx_HAL_Driver/Src/stm32f0xx_hal_i2c.o
LOAD ./Drivers/STM32F0xx_HAL_Driver/Src/stm32f0xx_hal_i2c_ex.o
LOAD ./Drivers/STM32F0xx_HAL_Driver/Src/stm32f0xx_hal_pwr.o
LOAD ./Drivers/STM32F0xx_HAL_Driver/Src/stm32f0xx_hal_pwr_ex.o
LOAD ./Drivers/STM32F0xx_HAL_Driver/Src/stm32f0xx_hal_rcc.o
LOAD ./Drivers/STM32F0xx_HAL_Driver/Src/stm32f0xx_hal_rcc_ex.o
LOAD ./Drivers/STM32F0xx_HAL_Driver/Src/stm32f0xx_hal_tim.o
LOAD ./Drivers/STM32F0xx_HAL_Driver/Src/stm32f0xx_hal_tim_ex.o
LOAD ./Middlewares/FreeRTOS/ARM_CM0/mpu_wrappers_v2_asm.o
LOAD ./Middlewares/FreeRTOS/ARM_CM0/port.o
LOAD ./Middlewares/FreeRTOS/ARM_CM0/portasm.o
LOAD ./Middlewares/FreeRTOS/MemMang/heap_4.o
LOAD ./Middlewares/FreeRTOS/Src/croutine.o
LOAD ./Middlewares/FreeRTOS/Src/event_groups.o
LOAD ./Middlewares/FreeRTOS/Src/list.o
LOAD ./Middlewares/FreeRTOS/Src/queue.o
LOAD ./Middlewares/FreeRTOS/Src/stream_buffer.o
LOAD ./Middlewares/FreeRTOS/Src/tasks.o
LOAD ./Middlewares/FreeRTOS/Src/timers.o
START GROUP
LOAD D:/stm32_sys/STM32CubeIDE_1.19.0/STM32CubeIDE/plugins/com.st.stm32cube.ide.mcu.externaltools.gnu-tools-for-stm32.13.3.rel1.win32_1.0.0.202411081344/tools/bin/../lib/gcc/arm-none-eabi/13.3.1/../../../../arm-none-eabi/lib/thumb/v6-m/nofp\libc_nano.a
LOAD D:/stm32_sys/STM32CubeIDE_1.19.0/STM32CubeIDE/plugins/com.st.stm32cube.ide.mcu.externaltools.gnu-tools-for-stm32.13.3.rel1.win32_1.0.0.202411081344/tools/bin/../lib/gcc/arm-none-eabi/13.3.1/../../../../arm-none-eabi/lib/thumb/v6-m/nofp\libm.a
END GROUP
START GROUP
LOAD D:/stm32_sys/STM32CubeIDE_1.19.0/STM32CubeIDE/plugins/com.st.stm32cube.ide.mcu.externaltools.gnu-tools-for-stm32.13.3.rel1.win32_1.0.0.202411081344/tools/bin/../lib/gcc/arm-none-eabi/13.3.1/thumb/v6-m/nofp\libgcc.a
LOAD D:/stm32_sys/STM32CubeIDE_1.19.0/STM32CubeIDE/plugins/com.st.stm32cube.ide.mcu.externaltools.gnu-tools-for-stm32.13.3.rel1.win32_1.0.0.202411081344/tools/bin/../lib/gcc/arm-none-eabi/13.3.1/../../../../arm-none-eabi/lib/thumb/v6-m/nofp\libc_nano.a
END GROUP
START GROUP
LOAD D:/stm32_sys/STM32CubeIDE_1.19.0/STM32CubeIDE/plugins/com.st.stm32cube.ide.mcu.externaltools.gnu-tools-for-stm32.13.3.rel1.win32_1.0.0.202411081344/tools/bin/../lib/gcc/arm-none-eabi/13.3.1/thumb/v6-m/nofp\libgcc.a
LOAD D:/stm32_sys/STM32CubeIDE_1.19.0/STM32CubeIDE/plugins/com.st.stm32cube.ide.mcu.externaltools.gnu-tools-for-stm32.13.3.rel1.win32_1.0.0.202411081344/tools/bin/../lib/gcc/arm-none-eabi/13.3.1/../../../../arm-none-eabi/lib/thumb/v6-m/nofp\libc_nano.a
LOAD D:/stm32_sys/STM32CubeIDE_1.19.0/STM32CubeIDE/plugins/com.st.stm32cube.ide.mcu.externaltools.gnu-tools-for-stm32.13.3.rel1.win32_1.0.0.202411081344/tools/bin/../lib/gcc/arm-none-eabi/13.3.1/../../../../arm-none-eabi/lib/thumb/v6-m/nofp\libnosys.a
END GROUP
START GROUP
LOAD D:/stm32_sys/STM32CubeIDE_1.19.0/STM32CubeIDE/plugins/com.st.stm32cube.ide.mcu.externaltools.gnu-tools-for-stm32.13.3.rel1.win32_1.0.0.202411081344/tools/bin/../lib/gcc/arm-none-eabi/13.3.1/thumb/v6-m/nofp\libgcc.a
LOAD D:/stm32_sys/STM32CubeIDE_1.19.0/STM32CubeIDE/plugins/com.st.stm32cube.ide.mcu.externaltools.gnu-tools-for-stm32.13.3.rel1.win32_1.0.0.202411081344/tools/bin/../lib/gcc/arm-none-eabi/13.3.1/../../../../arm-none-eabi/lib/thumb/v6-m/nofp\libc_nano.a
LOAD D:/stm32_sys/STM32CubeIDE_1.19.0/STM32CubeIDE/plugins/com.st.stm32cube.ide.mcu.externaltools.gnu-tools-for-stm32.13.3.rel1.win32_1.0.0.202411081344/tools/bin/../lib/gcc/arm-none-eabi/13.3.1/../../../../arm-none-eabi/lib/thumb/v6-m/nofp\libnosys.a
END GROUP
LOAD D:/stm32_sys/STM32CubeIDE_1.19.0/STM32CubeIDE/plugins/com.st.stm32cube.ide.mcu.externaltools.gnu-tools-for-stm32.13.3.rel1.win32_1.0.0.202411081344/tools/bin/../lib/gcc/arm-none-eabi/13.3.1/thumb/v6-m/nofp/crtend.o
LOAD D:/stm32_sys/STM32CubeIDE_1.19.0/STM32CubeIDE/plugins/com.st.stm32cube.ide.mcu.externaltools.gnu-tools-for-stm32.13.3.rel1.win32_1.0.0.202411081344/tools/bin/../lib/gcc/arm-none-eabi/13.3.1/thumb/v6-m/nofp/crtn.o
                0x20001000                        _estack = (ORIGIN (RAM) + LENGTH (RAM))
                0x00000200                        _Min_Heap_Size = 0x200
                0x00000400                        _Min_Stack_Size = 0x400

.isr_vector     0x08000000       0xc0
                0x08000000                        . = ALIGN (0x4)
 *(.isr_vector)
 .isr_vector    0x08000000       0xc0 ./Core/Startup/startup_stm32f030k6tx.o
                0x08000000                g_pfnVectors
                0x080000c0                        . = ALIGN (0x4)

.text           0x080000c0     0x6738
                0x080000c0                        . = ALIGN (0x4)
 *(.text)
 .text          0x080000c0       0x48 D:/stm32_sys/STM32CubeIDE_1.19.0/STM32CubeIDE/plugins/com.st.stm32cube.ide.mcu.externaltools.gnu-tools-for-stm32.13.3.rel1.win32_1.0.0.202411081344/tools/bin/../lib/gcc/arm-none-eabi/13.3.1/thumb/v6-m/nofp/crtbegin.o
 .text          0x08000108        0xe D:/stm32_sys/STM32CubeIDE_1.19.0/STM32CubeIDE/plugins/com.st.stm32cube.ide.mcu.externaltools.gnu-tools-for-stm32.13.3.rel1.win32_1.0.0.202411081344/tools/bin/../lib/gcc/arm-none-eabi/13.3.1/../../../../arm-none-eabi/lib/thumb/v6-m/nofp\libc_nano.a(libc_a-strlen.o)
                0x08000108                strlen
 *fill*         0x08000116        0x2 
 .text          0x08000118      0x114 D:/stm32_sys/STM32CubeIDE_1.19.0/STM32CubeIDE/plugins/com.st.stm32cube.ide.mcu.externaltools.gnu-tools-for-stm32.13.3.rel1.win32_1.0.0.202411081344/tools/bin/../lib/gcc/arm-none-eabi/13.3.1/thumb/v6-m/nofp\libgcc.a(_udivsi3.o)
                0x08000118                __aeabi_uidiv
                0x08000118                __udivsi3
                0x08000224                __aeabi_uidivmod
 .text          0x0800022c      0x1d4 D:/stm32_sys/STM32CubeIDE_1.19.0/STM32CubeIDE/plugins/com.st.stm32cube.ide.mcu.externaltools.gnu-tools-for-stm32.13.3.rel1.win32_1.0.0.202411081344/tools/bin/../lib/gcc/arm-none-eabi/13.3.1/thumb/v6-m/nofp\libgcc.a(_divsi3.o)
                0x0800022c                __divsi3
                0x0800022c                __aeabi_idiv
                0x080003f8                __aeabi_idivmod
 .text          0x08000400        0x4 D:/stm32_sys/STM32CubeIDE_1.19.0/STM32CubeIDE/plugins/com.st.stm32cube.ide.mcu.externaltools.gnu-tools-for-stm32.13.3.rel1.win32_1.0.0.202411081344/tools/bin/../lib/gcc/arm-none-eabi/13.3.1/thumb/v6-m/nofp\libgcc.a(_dvmd_tls.o)
                0x08000400                __aeabi_idiv0
                0x08000400                __aeabi_ldiv0
 .text          0x08000404       0x7c D:/stm32_sys/STM32CubeIDE_1.19.0/STM32CubeIDE/plugins/com.st.stm32cube.ide.mcu.externaltools.gnu-tools-for-stm32.13.3.rel1.win32_1.0.0.202411081344/tools/bin/../lib/gcc/arm-none-eabi/13.3.1/thumb/v6-m/nofp\libgcc.a(_arm_cmpdf2.o)
                0x08000404                __aeabi_cdrcmple
                0x08000414                __aeabi_cdcmple
                0x08000414                __aeabi_cdcmpeq
                0x08000424                __aeabi_dcmpeq
                0x08000430                __aeabi_dcmplt
                0x08000444                __aeabi_dcmple
                0x08000458                __aeabi_dcmpgt
                0x0800046c                __aeabi_dcmpge
 .text          0x08000480       0x74 D:/stm32_sys/STM32CubeIDE_1.19.0/STM32CubeIDE/plugins/com.st.stm32cube.ide.mcu.externaltools.gnu-tools-for-stm32.13.3.rel1.win32_1.0.0.202411081344/tools/bin/../lib/gcc/arm-none-eabi/13.3.1/thumb/v6-m/nofp\libgcc.a(_arm_cmpsf2.o)
                0x08000480                __aeabi_cfrcmple
                0x08000488                __aeabi_cfcmpeq
                0x08000488                __aeabi_cfcmple
                0x08000498                __aeabi_fcmpeq
                0x080004a4                __aeabi_fcmplt
                0x080004b8                __aeabi_fcmple
                0x080004cc                __aeabi_fcmpgt
                0x080004e0                __aeabi_fcmpge
 .text          0x080004f4      0x3e4 D:/stm32_sys/STM32CubeIDE_1.19.0/STM32CubeIDE/plugins/com.st.stm32cube.ide.mcu.externaltools.gnu-tools-for-stm32.13.3.rel1.win32_1.0.0.202411081344/tools/bin/../lib/gcc/arm-none-eabi/13.3.1/thumb/v6-m/nofp\libgcc.a(addsf3.o)
                0x080004f4                __aeabi_fadd
 .text          0x080008d8      0x22c D:/stm32_sys/STM32CubeIDE_1.19.0/STM32CubeIDE/plugins/com.st.stm32cube.ide.mcu.externaltools.gnu-tools-for-stm32.13.3.rel1.win32_1.0.0.202411081344/tools/bin/../lib/gcc/arm-none-eabi/13.3.1/thumb/v6-m/nofp\libgcc.a(divsf3.o)
                0x080008d8                __aeabi_fdiv
 .text          0x08000b04       0x50 D:/stm32_sys/STM32CubeIDE_1.19.0/STM32CubeIDE/plugins/com.st.stm32cube.ide.mcu.externaltools.gnu-tools-for-stm32.13.3.rel1.win32_1.0.0.202411081344/tools/bin/../lib/gcc/arm-none-eabi/13.3.1/thumb/v6-m/nofp\libgcc.a(eqsf2.o)
                0x08000b04                __eqsf2
                0x08000b04                __nesf2
 .text          0x08000b54       0x90 D:/stm32_sys/STM32CubeIDE_1.19.0/STM32CubeIDE/plugins/com.st.stm32cube.ide.mcu.externaltools.gnu-tools-for-stm32.13.3.rel1.win32_1.0.0.202411081344/tools/bin/../lib/gcc/arm-none-eabi/13.3.1/thumb/v6-m/nofp\libgcc.a(gesf2.o)
                0x08000b54                __gesf2
                0x08000b54                __gtsf2
 .text          0x08000be4       0x90 D:/stm32_sys/STM32CubeIDE_1.19.0/STM32CubeIDE/plugins/com.st.stm32cube.ide.mcu.externaltools.gnu-tools-for-stm32.13.3.rel1.win32_1.0.0.202411081344/tools/bin/../lib/gcc/arm-none-eabi/13.3.1/thumb/v6-m/nofp\libgcc.a(lesf2.o)
                0x08000be4                __ltsf2
                0x08000be4                __lesf2
 .text          0x08000c74      0x2b4 D:/stm32_sys/STM32CubeIDE_1.19.0/STM32CubeIDE/plugins/com.st.stm32cube.ide.mcu.externaltools.gnu-tools-for-stm32.13.3.rel1.win32_1.0.0.202411081344/tools/bin/../lib/gcc/arm-none-eabi/13.3.1/thumb/v6-m/nofp\libgcc.a(mulsf3.o)
                0x08000c74                __aeabi_fmul
 .text          0x08000f28      0x4c8 D:/stm32_sys/STM32CubeIDE_1.19.0/STM32CubeIDE/plugins/com.st.stm32cube.ide.mcu.externaltools.gnu-tools-for-stm32.13.3.rel1.win32_1.0.0.202411081344/tools/bin/../lib/gcc/arm-none-eabi/13.3.1/thumb/v6-m/nofp\libgcc.a(subsf3.o)
                0x08000f28                __aeabi_fsub
 .text          0x080013f0       0x40 D:/stm32_sys/STM32CubeIDE_1.19.0/STM32CubeIDE/plugins/com.st.stm32cube.ide.mcu.externaltools.gnu-tools-for-stm32.13.3.rel1.win32_1.0.0.202411081344/tools/bin/../lib/gcc/arm-none-eabi/13.3.1/thumb/v6-m/nofp\libgcc.a(fixsfsi.o)
                0x080013f0                __aeabi_f2iz
 .text          0x08001430       0xa0 D:/stm32_sys/STM32CubeIDE_1.19.0/STM32CubeIDE/plugins/com.st.stm32cube.ide.mcu.externaltools.gnu-tools-for-stm32.13.3.rel1.win32_1.0.0.202411081344/tools/bin/../lib/gcc/arm-none-eabi/13.3.1/thumb/v6-m/nofp\libgcc.a(floatsisf.o)
                0x08001430                __aeabi_i2f
 .text          0x080014d0       0x88 D:/stm32_sys/STM32CubeIDE_1.19.0/STM32CubeIDE/plugins/com.st.stm32cube.ide.mcu.externaltools.gnu-tools-for-stm32.13.3.rel1.win32_1.0.0.202411081344/tools/bin/../lib/gcc/arm-none-eabi/13.3.1/thumb/v6-m/nofp\libgcc.a(eqdf2.o)
                0x080014d0                __nedf2
                0x080014d0                __eqdf2
 .text          0x08001558       0xe0 D:/stm32_sys/STM32CubeIDE_1.19.0/STM32CubeIDE/plugins/com.st.stm32cube.ide.mcu.externaltools.gnu-tools-for-stm32.13.3.rel1.win32_1.0.0.202411081344/tools/bin/../lib/gcc/arm-none-eabi/13.3.1/thumb/v6-m/nofp\libgcc.a(gedf2.o)
                0x08001558                __gedf2
                0x08001558                __gtdf2
 .text          0x08001638       0xdc D:/stm32_sys/STM32CubeIDE_1.19.0/STM32CubeIDE/plugins/com.st.stm32cube.ide.mcu.externaltools.gnu-tools-for-stm32.13.3.rel1.win32_1.0.0.202411081344/tools/bin/../lib/gcc/arm-none-eabi/13.3.1/thumb/v6-m/nofp\libgcc.a(ledf2.o)
                0x08001638                __ledf2
                0x08001638                __ltdf2
 .text          0x08001714      0x5cc D:/stm32_sys/STM32CubeIDE_1.19.0/STM32CubeIDE/plugins/com.st.stm32cube.ide.mcu.externaltools.gnu-tools-for-stm32.13.3.rel1.win32_1.0.0.202411081344/tools/bin/../lib/gcc/arm-none-eabi/13.3.1/thumb/v6-m/nofp\libgcc.a(muldf3.o)
                0x08001714                __aeabi_dmul
 .text          0x08001ce0       0x90 D:/stm32_sys/STM32CubeIDE_1.19.0/STM32CubeIDE/plugins/com.st.stm32cube.ide.mcu.externaltools.gnu-tools-for-stm32.13.3.rel1.win32_1.0.0.202411081344/tools/bin/../lib/gcc/arm-none-eabi/13.3.1/thumb/v6-m/nofp\libgcc.a(extendsfdf2.o)
                0x08001ce0                __aeabi_f2d
 .text          0x08001d70      0x104 D:/stm32_sys/STM32CubeIDE_1.19.0/STM32CubeIDE/plugins/com.st.stm32cube.ide.mcu.externaltools.gnu-tools-for-stm32.13.3.rel1.win32_1.0.0.202411081344/tools/bin/../lib/gcc/arm-none-eabi/13.3.1/thumb/v6-m/nofp\libgcc.a(truncdfsf2.o)
                0x08001d70                __aeabi_d2f
 .text          0x08001e74       0x3c D:/stm32_sys/STM32CubeIDE_1.19.0/STM32CubeIDE/plugins/com.st.stm32cube.ide.mcu.externaltools.gnu-tools-for-stm32.13.3.rel1.win32_1.0.0.202411081344/tools/bin/../lib/gcc/arm-none-eabi/13.3.1/thumb/v6-m/nofp\libgcc.a(_clzsi2.o)
                0x08001e74                __clzsi2
 *(.text*)
 .text.LCD_sendNibble_BareMetal
                0x08001eb0       0x9c ./Core/Src/LCD_driver.o
 .text.LCD_sendNibble
                0x08001f4c       0x9c ./Core/Src/LCD_driver.o
 .text.LCD_sendByte
                0x08001fe8       0x2c ./Core/Src/LCD_driver.o
 .text.LCD_sendByte_BareMetal
                0x08002014       0x2c ./Core/Src/LCD_driver.o
 .text.LCD_sendCmd
                0x08002040       0x2c ./Core/Src/LCD_driver.o
 .text.LCD_init
                0x0800206c       0x48 ./Core/Src/LCD_driver.o
                0x0800206c                LCD_init
 .text.LCD_clear
                0x080020b4       0x16 ./Core/Src/LCD_driver.o
                0x080020b4                LCD_clear
 .text.LCD_setCursor
                0x080020ca       0x4e ./Core/Src/LCD_driver.o
                0x080020ca                LCD_setCursor
 .text.LCD_sendChar
                0x08002118       0x2c ./Core/Src/LCD_driver.o
                0x08002118                LCD_sendChar
 .text.LCD_puts
                0x08002144       0x2c ./Core/Src/LCD_driver.o
                0x08002144                LCD_puts
 .text.App_RunCalculatorMode
                0x08002170      0x200 ./Core/Src/app_main.o
                0x08002170                App_RunCalculatorMode
 .text.App_RunSolverMode
                0x08002370      0x118 ./Core/Src/app_main.o
                0x08002370                App_RunSolverMode
 .text.eval_simple
                0x08002488      0x240 ./Core/Src/calculator_engine.o
 .text.calc     0x080026c8       0x8a ./Core/Src/calculator_engine.o
 .text.binary_search_root
                0x08002752       0xec ./Core/Src/calculator_engine.o
 .text.reverse_str
                0x0800283e       0x64 ./Core/Src/calculator_engine.o
 .text.Calculate
                0x080028a2      0x18e ./Core/Src/calculator_engine.o
                0x080028a2                Calculate
 .text.solve_the_equation
                0x08002a30      0x20c ./Core/Src/calculator_engine.o
                0x08002a30                solve_the_equation
 .text.int_to_str
                0x08002c3c       0xce ./Core/Src/calculator_engine.o
                0x08002c3c                int_to_str
 *fill*         0x08002d0a        0x2 
 .text.float_to_str
                0x08002d0c      0x184 ./Core/Src/calculator_engine.o
                0x08002d0c                float_to_str
 .text.set_all_row_high
                0x08002e90       0x44 ./Core/Src/keypad.o
 .text.keyPad_scan
                0x08002ed4       0xd4 ./Core/Src/keypad.o
                0x08002ed4                keyPad_scan
 .text.vApplicationMallocFailedHook
                0x08002fa8        0xa ./Core/Src/main.o
                0x08002fa8                vApplicationMallocFailedHook
 .text.vApplicationStackOverflowHook
                0x08002fb2       0x10 ./Core/Src/main.o
                0x08002fb2                vApplicationStackOverflowHook
 *fill*         0x08002fc2        0x2 
 .text.vTask_UpdateDisplay
                0x08002fc4       0xe4 ./Core/Src/main.o
                0x08002fc4                vTask_UpdateDisplay
 .text.main     0x080030a8       0x3c ./Core/Src/main.o
                0x080030a8                main
 .text.SystemClock_Config
                0x080030e4       0x80 ./Core/Src/main.o
                0x080030e4                SystemClock_Config
 .text.MX_GPIO_Init
                0x08003164       0xe8 ./Core/Src/main.o
 .text.HAL_TIM_PeriodElapsedCallback
                0x0800324c       0x24 ./Core/Src/main.o
                0x0800324c                HAL_TIM_PeriodElapsedCallback
 .text.Error_Handler
                0x08003270        0xc ./Core/Src/main.o
                0x08003270                Error_Handler
 .text.HAL_MspInit
                0x0800327c       0x48 ./Core/Src/stm32f0xx_hal_msp.o
                0x0800327c                HAL_MspInit
 .text.HAL_InitTick
                0x080032c4      0x108 ./Core/Src/stm32f0xx_hal_timebase_tim.o
                0x080032c4                HAL_InitTick
 .text.NMI_Handler
                0x080033cc        0x8 ./Core/Src/stm32f0xx_it.o
                0x080033cc                NMI_Handler
 .text.HardFault_Handler
                0x080033d4        0x8 ./Core/Src/stm32f0xx_it.o
                0x080033d4                HardFault_Handler
 .text.TIM3_IRQHandler
                0x080033dc       0x18 ./Core/Src/stm32f0xx_it.o
                0x080033dc                TIM3_IRQHandler
 .text.SystemInit
                0x080033f4        0xa ./Core/Src/system_stm32f0xx.o
                0x080033f4                SystemInit
 *fill*         0x080033fe        0x2 
 .text.Reset_Handler
                0x08003400       0x50 ./Core/Startup/startup_stm32f030k6tx.o
                0x08003400                Reset_Handler
 .text.Default_Handler
                0x08003450        0x2 ./Core/Startup/startup_stm32f030k6tx.o
                0x08003450                TIM1_CC_IRQHandler
                0x08003450                I2C1_IRQHandler
                0x08003450                SPI1_IRQHandler
                0x08003450                EXTI2_3_IRQHandler
                0x08003450                ADC1_IRQHandler
                0x08003450                TIM17_IRQHandler
                0x08003450                RTC_IRQHandler
                0x08003450                TIM16_IRQHandler
                0x08003450                EXTI4_15_IRQHandler
                0x08003450                RCC_IRQHandler
                0x08003450                DMA1_Channel1_IRQHandler
                0x08003450                Default_Handler
                0x08003450                TIM14_IRQHandler
                0x08003450                DMA1_Channel4_5_IRQHandler
                0x08003450                EXTI0_1_IRQHandler
                0x08003450                WWDG_IRQHandler
                0x08003450                DMA1_Channel2_3_IRQHandler
                0x08003450                FLASH_IRQHandler
                0x08003450                USART1_IRQHandler
                0x08003450                TIM1_BRK_UP_TRG_COM_IRQHandler
 *fill*         0x08003452        0x2 
 .text.HAL_Init
                0x08003454       0x28 ./Drivers/STM32F0xx_HAL_Driver/Src/stm32f0xx_hal.o
                0x08003454                HAL_Init
 .text.HAL_IncTick
                0x0800347c       0x24 ./Drivers/STM32F0xx_HAL_Driver/Src/stm32f0xx_hal.o
                0x0800347c                HAL_IncTick
 .text.HAL_GetTick
                0x080034a0       0x14 ./Drivers/STM32F0xx_HAL_Driver/Src/stm32f0xx_hal.o
                0x080034a0                HAL_GetTick
 .text.HAL_Delay
                0x080034b4       0x48 ./Drivers/STM32F0xx_HAL_Driver/Src/stm32f0xx_hal.o
                0x080034b4                HAL_Delay
 .text.__NVIC_EnableIRQ
                0x080034fc       0x34 ./Drivers/STM32F0xx_HAL_Driver/Src/stm32f0xx_hal_cortex.o
 .text.__NVIC_SetPriority
                0x08003530       0xdc ./Drivers/STM32F0xx_HAL_Driver/Src/stm32f0xx_hal_cortex.o
 .text.HAL_NVIC_SetPriority
                0x0800360c       0x2a ./Drivers/STM32F0xx_HAL_Driver/Src/stm32f0xx_hal_cortex.o
                0x0800360c                HAL_NVIC_SetPriority
 .text.HAL_NVIC_EnableIRQ
                0x08003636       0x20 ./Drivers/STM32F0xx_HAL_Driver/Src/stm32f0xx_hal_cortex.o
                0x08003636                HAL_NVIC_EnableIRQ
 *fill*         0x08003656        0x2 
 .text.HAL_GPIO_Init
                0x08003658      0x2e0 ./Drivers/STM32F0xx_HAL_Driver/Src/stm32f0xx_hal_gpio.o
                0x08003658                HAL_GPIO_Init
 .text.HAL_GPIO_ReadPin
                0x08003938       0x3a ./Drivers/STM32F0xx_HAL_Driver/Src/stm32f0xx_hal_gpio.o
                0x08003938                HAL_GPIO_ReadPin
 .text.HAL_GPIO_WritePin
                0x08003972       0x3a ./Drivers/STM32F0xx_HAL_Driver/Src/stm32f0xx_hal_gpio.o
                0x08003972                HAL_GPIO_WritePin
 .text.HAL_RCC_OscConfig
                0x080039ac      0x634 ./Drivers/STM32F0xx_HAL_Driver/Src/stm32f0xx_hal_rcc.o
                0x080039ac                HAL_RCC_OscConfig
 .text.HAL_RCC_ClockConfig
                0x08003fe0      0x19c ./Drivers/STM32F0xx_HAL_Driver/Src/stm32f0xx_hal_rcc.o
                0x08003fe0                HAL_RCC_ClockConfig
 .text.HAL_RCC_GetSysClockFreq
                0x0800417c       0xac ./Drivers/STM32F0xx_HAL_Driver/Src/stm32f0xx_hal_rcc.o
                0x0800417c                HAL_RCC_GetSysClockFreq
 .text.HAL_RCC_GetHCLKFreq
                0x08004228       0x14 ./Drivers/STM32F0xx_HAL_Driver/Src/stm32f0xx_hal_rcc.o
                0x08004228                HAL_RCC_GetHCLKFreq
 .text.HAL_RCC_GetPCLK1Freq
                0x0800423c       0x2c ./Drivers/STM32F0xx_HAL_Driver/Src/stm32f0xx_hal_rcc.o
                0x0800423c                HAL_RCC_GetPCLK1Freq
 .text.HAL_RCC_GetClockConfig
                0x08004268       0x54 ./Drivers/STM32F0xx_HAL_Driver/Src/stm32f0xx_hal_rcc.o
                0x08004268                HAL_RCC_GetClockConfig
 .text.HAL_TIM_Base_Init
                0x080042bc       0xa0 ./Drivers/STM32F0xx_HAL_Driver/Src/stm32f0xx_hal_tim.o
                0x080042bc                HAL_TIM_Base_Init
 .text.HAL_TIM_Base_MspInit
                0x0800435c       0x10 ./Drivers/STM32F0xx_HAL_Driver/Src/stm32f0xx_hal_tim.o
                0x0800435c                HAL_TIM_Base_MspInit
 .text.HAL_TIM_Base_Start_IT
                0x0800436c       0x8c ./Drivers/STM32F0xx_HAL_Driver/Src/stm32f0xx_hal_tim.o
                0x0800436c                HAL_TIM_Base_Start_IT
 .text.HAL_TIM_IRQHandler
                0x080043f8      0x1dc ./Drivers/STM32F0xx_HAL_Driver/Src/stm32f0xx_hal_tim.o
                0x080043f8                HAL_TIM_IRQHandler
 .text.HAL_TIM_OC_DelayElapsedCallback
                0x080045d4       0x10 ./Drivers/STM32F0xx_HAL_Driver/Src/stm32f0xx_hal_tim.o
                0x080045d4                HAL_TIM_OC_DelayElapsedCallback
 .text.HAL_TIM_IC_CaptureCallback
                0x080045e4       0x10 ./Drivers/STM32F0xx_HAL_Driver/Src/stm32f0xx_hal_tim.o
                0x080045e4                HAL_TIM_IC_CaptureCallback
 .text.HAL_TIM_PWM_PulseFinishedCallback
                0x080045f4       0x10 ./Drivers/STM32F0xx_HAL_Driver/Src/stm32f0xx_hal_tim.o
                0x080045f4                HAL_TIM_PWM_PulseFinishedCallback
 .text.HAL_TIM_TriggerCallback
                0x08004604       0x10 ./Drivers/STM32F0xx_HAL_Driver/Src/stm32f0xx_hal_tim.o
                0x08004604                HAL_TIM_TriggerCallback
 .text.TIM_Base_SetConfig
                0x08004614       0xf4 ./Drivers/STM32F0xx_HAL_Driver/Src/stm32f0xx_hal_tim.o
                0x08004614                TIM_Base_SetConfig
 .text.HAL_TIMEx_CommutCallback
                0x08004708       0x10 ./Drivers/STM32F0xx_HAL_Driver/Src/stm32f0xx_hal_tim_ex.o
                0x08004708                HAL_TIMEx_CommutCallback
 .text.HAL_TIMEx_BreakCallback
                0x08004718       0x10 ./Drivers/STM32F0xx_HAL_Driver/Src/stm32f0xx_hal_tim_ex.o
                0x08004718                HAL_TIMEx_BreakCallback
 .text.vPortSetupTimerInterrupt
                0x08004728       0x44 ./Middlewares/FreeRTOS/ARM_CM0/port.o
                0x08004728                vPortSetupTimerInterrupt
 .text.prvTaskExitError
                0x0800476c       0x1e ./Middlewares/FreeRTOS/ARM_CM0/port.o
 *fill*         0x0800478a        0x2 
 .text.vPortYield
                0x0800478c       0x20 ./Middlewares/FreeRTOS/ARM_CM0/port.o
                0x0800478c                vPortYield
 .text.vPortEnterCritical
                0x080047ac       0x24 ./Middlewares/FreeRTOS/ARM_CM0/port.o
                0x080047ac                vPortEnterCritical
 .text.vPortExitCritical
                0x080047d0       0x24 ./Middlewares/FreeRTOS/ARM_CM0/port.o
                0x080047d0                vPortExitCritical
 .text.SysTick_Handler
                0x080047f4       0x34 ./Middlewares/FreeRTOS/ARM_CM0/port.o
                0x080047f4                SysTick_Handler
 .text.vPortSVCHandler_C
                0x08004828       0x32 ./Middlewares/FreeRTOS/ARM_CM0/port.o
                0x08004828                vPortSVCHandler_C
 *fill*         0x0800485a        0x2 
 .text.pxPortInitialiseStack
                0x0800485c      0x11c ./Middlewares/FreeRTOS/ARM_CM0/port.o
                0x0800485c                pxPortInitialiseStack
 .text.xPortStartScheduler
                0x08004978       0x60 ./Middlewares/FreeRTOS/ARM_CM0/port.o
                0x08004978                xPortStartScheduler
 *fill*         0x080049d8        0x8 
 .text.vRestoreContextOfFirstTask
                0x080049e0       0x28 ./Middlewares/FreeRTOS/ARM_CM0/portasm.o
                0x080049e0                vRestoreContextOfFirstTask
 *fill*         0x08004a08        0x8 
 .text.vStartFirstTask
                0x08004a10       0x14 ./Middlewares/FreeRTOS/ARM_CM0/portasm.o
                0x08004a10                vStartFirstTask
 .text.ulSetInterruptMask
                0x08004a24        0xc ./Middlewares/FreeRTOS/ARM_CM0/portasm.o
                0x08004a24                ulSetInterruptMask
 .text.vClearInterruptMask
                0x08004a30        0x8 ./Middlewares/FreeRTOS/ARM_CM0/portasm.o
                0x08004a30                vClearInterruptMask
 *fill*         0x08004a38        0x8 
 .text.PendSV_Handler
                0x08004a40       0x48 ./Middlewares/FreeRTOS/ARM_CM0/portasm.o
                0x08004a40                PendSV_Handler
 *fill*         0x08004a88        0x8 
 .text.SVC_Handler
                0x08004a90       0x24 ./Middlewares/FreeRTOS/ARM_CM0/portasm.o
                0x08004a90                SVC_Handler
 .text.pvPortMalloc
                0x08004ab4      0x164 ./Middlewares/FreeRTOS/MemMang/heap_4.o
                0x08004ab4                pvPortMalloc
 .text.vPortFree
                0x08004c18       0x74 ./Middlewares/FreeRTOS/MemMang/heap_4.o
                0x08004c18                vPortFree
 .text.prvHeapInit
                0x08004c8c       0xb0 ./Middlewares/FreeRTOS/MemMang/heap_4.o
 .text.prvInsertBlockIntoFreeList
                0x08004d3c       0xb0 ./Middlewares/FreeRTOS/MemMang/heap_4.o
 .text.vListInitialise
                0x08004dec       0x3c ./Middlewares/FreeRTOS/Src/list.o
                0x08004dec                vListInitialise
 .text.vListInitialiseItem
                0x08004e28       0x16 ./Middlewares/FreeRTOS/Src/list.o
                0x08004e28                vListInitialiseItem
 .text.vListInsert
                0x08004e3e       0x6c ./Middlewares/FreeRTOS/Src/list.o
                0x08004e3e                vListInsert
 .text.uxListRemove
                0x08004eaa       0x50 ./Middlewares/FreeRTOS/Src/list.o
                0x08004eaa                uxListRemove
 .text.xQueueGenericReset
                0x08004efa       0xfe ./Middlewares/FreeRTOS/Src/queue.o
                0x08004efa                xQueueGenericReset
 .text.xQueueGenericCreate
                0x08004ff8       0xb0 ./Middlewares/FreeRTOS/Src/queue.o
                0x08004ff8                xQueueGenericCreate
 .text.prvInitialiseNewQueue
                0x080050a8       0x44 ./Middlewares/FreeRTOS/Src/queue.o
 .text.xQueueReceive
                0x080050ec      0x128 ./Middlewares/FreeRTOS/Src/queue.o
                0x080050ec                xQueueReceive
 .text.prvCopyDataFromQueue
                0x08005214       0x4c ./Middlewares/FreeRTOS/Src/queue.o
 .text.prvUnlockQueue
                0x08005260       0xbc ./Middlewares/FreeRTOS/Src/queue.o
 .text.prvIsQueueEmpty
                0x0800531c       0x2c ./Middlewares/FreeRTOS/Src/queue.o
 .text.vQueueWaitForMessageRestricted
                0x08005348       0x66 ./Middlewares/FreeRTOS/Src/queue.o
                0x08005348                vQueueWaitForMessageRestricted
 .text.prvCreateTask
                0x080053ae       0x82 ./Middlewares/FreeRTOS/Src/tasks.o
 .text.xTaskCreate
                0x08005430       0x4c ./Middlewares/FreeRTOS/Src/tasks.o
                0x08005430                xTaskCreate
 .text.prvInitialiseNewTask
                0x0800547c       0xe8 ./Middlewares/FreeRTOS/Src/tasks.o
 .text.prvAddNewTaskToReadyList
                0x08005564      0x118 ./Middlewares/FreeRTOS/Src/tasks.o
 .text.vTaskDelay
                0x0800567c       0x3a ./Middlewares/FreeRTOS/Src/tasks.o
                0x0800567c                vTaskDelay
 *fill*         0x080056b6        0x2 
 .text.prvCreateIdleTasks
                0x080056b8       0x98 ./Middlewares/FreeRTOS/Src/tasks.o
 .text.vTaskStartScheduler
                0x08005750       0x58 ./Middlewares/FreeRTOS/Src/tasks.o
                0x08005750                vTaskStartScheduler
 .text.vTaskSuspendAll
                0x080057a8       0x18 ./Middlewares/FreeRTOS/Src/tasks.o
                0x080057a8                vTaskSuspendAll
 .text.xTaskResumeAll
                0x080057c0      0x1dc ./Middlewares/FreeRTOS/Src/tasks.o
                0x080057c0                xTaskResumeAll
 .text.xTaskGetTickCount
                0x0800599c       0x1c ./Middlewares/FreeRTOS/Src/tasks.o
                0x0800599c                xTaskGetTickCount
 .text.xTaskIncrementTick
                0x080059b8      0x20c ./Middlewares/FreeRTOS/Src/tasks.o
                0x080059b8                xTaskIncrementTick
 .text.vTaskSwitchContext
                0x08005bc4       0xf0 ./Middlewares/FreeRTOS/Src/tasks.o
                0x08005bc4                vTaskSwitchContext
 .text.vTaskPlaceOnEventList
                0x08005cb4       0x34 ./Middlewares/FreeRTOS/Src/tasks.o
                0x08005cb4                vTaskPlaceOnEventList
 .text.vTaskPlaceOnEventListRestricted
                0x08005ce8       0x74 ./Middlewares/FreeRTOS/Src/tasks.o
                0x08005ce8                vTaskPlaceOnEventListRestricted
 .text.xTaskRemoveFromEventList
                0x08005d5c      0x190 ./Middlewares/FreeRTOS/Src/tasks.o
                0x08005d5c                xTaskRemoveFromEventList
 .text.vTaskInternalSetTimeOutState
                0x08005eec       0x28 ./Middlewares/FreeRTOS/Src/tasks.o
                0x08005eec                vTaskInternalSetTimeOutState
 .text.xTaskCheckForTimeOut
                0x08005f14       0xb4 ./Middlewares/FreeRTOS/Src/tasks.o
                0x08005f14                xTaskCheckForTimeOut
 .text.vTaskMissedYield
                0x08005fc8       0x14 ./Middlewares/FreeRTOS/Src/tasks.o
                0x08005fc8                vTaskMissedYield
 .text.prvIdleTask
                0x08005fdc       0x20 ./Middlewares/FreeRTOS/Src/tasks.o
 .text.prvInitialiseTaskLists
                0x08005ffc       0x88 ./Middlewares/FreeRTOS/Src/tasks.o
 .text.prvCheckTasksWaitingTermination
                0x08006084       0x5c ./Middlewares/FreeRTOS/Src/tasks.o
 .text.prvDeleteTCB
                0x080060e0       0x22 ./Middlewares/FreeRTOS/Src/tasks.o
 *fill*         0x08006102        0x2 
 .text.prvResetNextTaskUnblockTime
                0x08006104       0x34 ./Middlewares/FreeRTOS/Src/tasks.o
 .text.prvAddCurrentTaskToDelayedList
                0x08006138       0xec ./Middlewares/FreeRTOS/Src/tasks.o
 .text.xTimerCreateTimerTask
                0x08006224       0x48 ./Middlewares/FreeRTOS/Src/timers.o
                0x08006224                xTimerCreateTimerTask
 .text.prvReloadTimer
                0x0800626c       0x42 ./Middlewares/FreeRTOS/Src/timers.o
 *fill*         0x080062ae        0x2 
 .text.prvProcessExpiredTimer
                0x080062b0       0x64 ./Middlewares/FreeRTOS/Src/timers.o
 .text.prvTimerTask
                0x08006314       0x2a ./Middlewares/FreeRTOS/Src/timers.o
 *fill*         0x0800633e        0x2 
 .text.prvProcessTimerOrBlockTask
                0x08006340       0x90 ./Middlewares/FreeRTOS/Src/timers.o
 .text.prvGetNextExpireTime
                0x080063d0       0x44 ./Middlewares/FreeRTOS/Src/timers.o
 .text.prvSampleTimeNow
                0x08006414       0x40 ./Middlewares/FreeRTOS/Src/timers.o
 .text.prvInsertTimerInActiveList
                0x08006454       0x84 ./Middlewares/FreeRTOS/Src/timers.o
 .text.prvProcessReceivedCommands
                0x080064d8      0x180 ./Middlewares/FreeRTOS/Src/timers.o
 .text.prvSwitchTimerLists
                0x08006658       0x50 ./Middlewares/FreeRTOS/Src/timers.o
 .text.prvCheckForValidListAndQueue
                0x080066a8       0x5c ./Middlewares/FreeRTOS/Src/timers.o
 .text.memset   0x08006704       0x10 D:/stm32_sys/STM32CubeIDE_1.19.0/STM32CubeIDE/plugins/com.st.stm32cube.ide.mcu.externaltools.gnu-tools-for-stm32.13.3.rel1.win32_1.0.0.202411081344/tools/bin/../lib/gcc/arm-none-eabi/13.3.1/../../../../arm-none-eabi/lib/thumb/v6-m/nofp\libc_nano.a(libc_a-memset.o)
                0x08006704                memset
 .text.strcat   0x08006714       0x1a D:/stm32_sys/STM32CubeIDE_1.19.0/STM32CubeIDE/plugins/com.st.stm32cube.ide.mcu.externaltools.gnu-tools-for-stm32.13.3.rel1.win32_1.0.0.202411081344/tools/bin/../lib/gcc/arm-none-eabi/13.3.1/../../../../arm-none-eabi/lib/thumb/v6-m/nofp\libc_nano.a(libc_a-strcat.o)
                0x08006714                strcat
 .text.strchr   0x0800672e       0x1c D:/stm32_sys/STM32CubeIDE_1.19.0/STM32CubeIDE/plugins/com.st.stm32cube.ide.mcu.externaltools.gnu-tools-for-stm32.13.3.rel1.win32_1.0.0.202411081344/tools/bin/../lib/gcc/arm-none-eabi/13.3.1/../../../../arm-none-eabi/lib/thumb/v6-m/nofp\libc_nano.a(libc_a-strchr.o)
                0x0800672e                strchr
 .text.strncpy  0x0800674a       0x28 D:/stm32_sys/STM32CubeIDE_1.19.0/STM32CubeIDE/plugins/com.st.stm32cube.ide.mcu.externaltools.gnu-tools-for-stm32.13.3.rel1.win32_1.0.0.202411081344/tools/bin/../lib/gcc/arm-none-eabi/13.3.1/../../../../arm-none-eabi/lib/thumb/v6-m/nofp\libc_nano.a(libc_a-strncpy.o)
                0x0800674a                strncpy
 *fill*         0x08006772        0x2 
 .text.__libc_init_array
                0x08006774       0x48 D:/stm32_sys/STM32CubeIDE_1.19.0/STM32CubeIDE/plugins/com.st.stm32cube.ide.mcu.externaltools.gnu-tools-for-stm32.13.3.rel1.win32_1.0.0.202411081344/tools/bin/../lib/gcc/arm-none-eabi/13.3.1/../../../../arm-none-eabi/lib/thumb/v6-m/nofp\libc_nano.a(libc_a-init.o)
                0x08006774                __libc_init_array
 .text.strcpy   0x080067bc       0x10 D:/stm32_sys/STM32CubeIDE_1.19.0/STM32CubeIDE/plugins/com.st.stm32cube.ide.mcu.externaltools.gnu-tools-for-stm32.13.3.rel1.win32_1.0.0.202411081344/tools/bin/../lib/gcc/arm-none-eabi/13.3.1/../../../../arm-none-eabi/lib/thumb/v6-m/nofp\libc_nano.a(libc_a-strcpy.o)
                0x080067bc                strcpy
 .text.memcpy   0x080067cc       0x12 D:/stm32_sys/STM32CubeIDE_1.19.0/STM32CubeIDE/plugins/com.st.stm32cube.ide.mcu.externaltools.gnu-tools-for-stm32.13.3.rel1.win32_1.0.0.202411081344/tools/bin/../lib/gcc/arm-none-eabi/13.3.1/../../../../arm-none-eabi/lib/thumb/v6-m/nofp\libc_nano.a(libc_a-memcpy-stub.o)
                0x080067cc                memcpy
 *(.glue_7)
 .glue_7        0x080067de        0x0 linker stubs
 *(.glue_7t)
 .glue_7t       0x080067de        0x0 linker stubs
 *(.eh_frame)
 *fill*         0x080067de        0x2 
 .eh_frame      0x080067e0        0x0 D:/stm32_sys/STM32CubeIDE_1.19.0/STM32CubeIDE/plugins/com.st.stm32cube.ide.mcu.externaltools.gnu-tools-for-stm32.13.3.rel1.win32_1.0.0.202411081344/tools/bin/../lib/gcc/arm-none-eabi/13.3.1/thumb/v6-m/nofp/crtbegin.o
 *(.init)
 .init          0x080067e0        0x4 D:/stm32_sys/STM32CubeIDE_1.19.0/STM32CubeIDE/plugins/com.st.stm32cube.ide.mcu.externaltools.gnu-tools-for-stm32.13.3.rel1.win32_1.0.0.202411081344/tools/bin/../lib/gcc/arm-none-eabi/13.3.1/thumb/v6-m/nofp/crti.o
                0x080067e0                _init
 .init          0x080067e4        0x8 D:/stm32_sys/STM32CubeIDE_1.19.0/STM32CubeIDE/plugins/com.st.stm32cube.ide.mcu.externaltools.gnu-tools-for-stm32.13.3.rel1.win32_1.0.0.202411081344/tools/bin/../lib/gcc/arm-none-eabi/13.3.1/thumb/v6-m/nofp/crtn.o
 *(.fini)
 .fini          0x080067ec        0x4 D:/stm32_sys/STM32CubeIDE_1.19.0/STM32CubeIDE/plugins/com.st.stm32cube.ide.mcu.externaltools.gnu-tools-for-stm32.13.3.rel1.win32_1.0.0.202411081344/tools/bin/../lib/gcc/arm-none-eabi/13.3.1/thumb/v6-m/nofp/crti.o
                0x080067ec                _fini
 .fini          0x080067f0        0x8 D:/stm32_sys/STM32CubeIDE_1.19.0/STM32CubeIDE/plugins/com.st.stm32cube.ide.mcu.externaltools.gnu-tools-for-stm32.13.3.rel1.win32_1.0.0.202411081344/tools/bin/../lib/gcc/arm-none-eabi/13.3.1/thumb/v6-m/nofp/crtn.o
                0x080067f8                        . = ALIGN (0x4)
                0x080067f8                        _etext = .

.vfp11_veneer   0x080067f8        0x0
 .vfp11_veneer  0x080067f8        0x0 linker stubs

.v4_bx          0x080067f8        0x0
 .v4_bx         0x080067f8        0x0 linker stubs

.iplt           0x080067f8        0x0
 .iplt          0x080067f8        0x0 D:/stm32_sys/STM32CubeIDE_1.19.0/STM32CubeIDE/plugins/com.st.stm32cube.ide.mcu.externaltools.gnu-tools-for-stm32.13.3.rel1.win32_1.0.0.202411081344/tools/bin/../lib/gcc/arm-none-eabi/13.3.1/thumb/v6-m/nofp/crtbegin.o

.rodata         0x080067f8      0x230
                0x080067f8                        . = ALIGN (0x4)
 *(.rodata)
 .rodata        0x080067f8       0x18 ./Core/Src/calculator_engine.o
 .rodata        0x08006810       0x23 ./Core/Src/main.o
 *fill*         0x08006833        0x1 
 .rodata        0x08006834        0x5 ./Middlewares/FreeRTOS/Src/tasks.o
 *fill*         0x08006839        0x3 
 .rodata        0x0800683c        0x8 ./Middlewares/FreeRTOS/Src/timers.o
 .rodata        0x08006844       0x7c D:/stm32_sys/STM32CubeIDE_1.19.0/STM32CubeIDE/plugins/com.st.stm32cube.ide.mcu.externaltools.gnu-tools-for-stm32.13.3.rel1.win32_1.0.0.202411081344/tools/bin/../lib/gcc/arm-none-eabi/13.3.1/thumb/v6-m/nofp\libgcc.a(divsf3.o)
 *(.rodata*)
 .rodata.AHBPrescTable
                0x080068c0       0x10 ./Core/Src/system_stm32f0xx.o
                0x080068c0                AHBPrescTable
 .rodata.APBPrescTable
                0x080068d0        0x8 ./Core/Src/system_stm32f0xx.o
                0x080068d0                APBPrescTable
 .rodata.aPLLMULFactorTable.1
                0x080068d8       0x10 ./Drivers/STM32F0xx_HAL_Driver/Src/stm32f0xx_hal_rcc.o
 .rodata.aPredivFactorTable.0
                0x080068e8       0x10 ./Drivers/STM32F0xx_HAL_Driver/Src/stm32f0xx_hal_rcc.o
 .rodata.uxTopUsedPriority
                0x080068f8        0x4 ./Middlewares/FreeRTOS/Src/tasks.o
 .rodata.prvProcessReceivedCommands
                0x080068fc       0x28 ./Middlewares/FreeRTOS/Src/timers.o
 .rodata._ctype_
                0x08006924      0x101 D:/stm32_sys/STM32CubeIDE_1.19.0/STM32CubeIDE/plugins/com.st.stm32cube.ide.mcu.externaltools.gnu-tools-for-stm32.13.3.rel1.win32_1.0.0.202411081344/tools/bin/../lib/gcc/arm-none-eabi/13.3.1/../../../../arm-none-eabi/lib/thumb/v6-m/nofp\libc_nano.a(libc_a-ctype_.o)
                0x08006924                _ctype_
                0x08006a28                        . = ALIGN (0x4)
 *fill*         0x08006a25        0x3 

.ARM.extab      0x08006a28        0x0
                0x08006a28                        . = ALIGN (0x4)
 *(.ARM.extab* .gnu.linkonce.armextab.*)
                0x08006a28                        . = ALIGN (0x4)

.ARM            0x08006a28        0x0
                0x08006a28                        . = ALIGN (0x4)
                0x08006a28                        __exidx_start = .
 *(.ARM.exidx*)
                0x08006a28                        __exidx_end = .
                0x08006a28                        . = ALIGN (0x4)

.preinit_array  0x08006a28        0x0
                0x08006a28                        . = ALIGN (0x4)
                0x08006a28                        PROVIDE (__preinit_array_start = .)
 *(.preinit_array*)
                0x08006a28                        PROVIDE (__preinit_array_end = .)
                0x08006a28                        . = ALIGN (0x4)

.init_array     0x08006a28        0x4
                0x08006a28                        . = ALIGN (0x4)
                0x08006a28                        PROVIDE (__init_array_start = .)
 *(SORT_BY_NAME(.init_array.*))
 *(.init_array*)
 .init_array    0x08006a28        0x4 D:/stm32_sys/STM32CubeIDE_1.19.0/STM32CubeIDE/plugins/com.st.stm32cube.ide.mcu.externaltools.gnu-tools-for-stm32.13.3.rel1.win32_1.0.0.202411081344/tools/bin/../lib/gcc/arm-none-eabi/13.3.1/thumb/v6-m/nofp/crtbegin.o
                0x08006a2c                        PROVIDE (__init_array_end = .)
                0x08006a2c                        . = ALIGN (0x4)

.fini_array     0x08006a2c        0x4
                0x08006a2c                        . = ALIGN (0x4)
                [!provide]                        PROVIDE (__fini_array_start = .)
 *(SORT_BY_NAME(.fini_array.*))
 *(.fini_array*)
 .fini_array    0x08006a2c        0x4 D:/stm32_sys/STM32CubeIDE_1.19.0/STM32CubeIDE/plugins/com.st.stm32cube.ide.mcu.externaltools.gnu-tools-for-stm32.13.3.rel1.win32_1.0.0.202411081344/tools/bin/../lib/gcc/arm-none-eabi/13.3.1/thumb/v6-m/nofp/crtbegin.o
                [!provide]                        PROVIDE (__fini_array_end = .)
                0x08006a30                        . = ALIGN (0x4)
                0x08006a30                        _sidata = LOADADDR (.data)

.rel.dyn        0x08006a30        0x0
 .rel.iplt      0x08006a30        0x0 D:/stm32_sys/STM32CubeIDE_1.19.0/STM32CubeIDE/plugins/com.st.stm32cube.ide.mcu.externaltools.gnu-tools-for-stm32.13.3.rel1.win32_1.0.0.202411081344/tools/bin/../lib/gcc/arm-none-eabi/13.3.1/thumb/v6-m/nofp/crtbegin.o

.data           0x20000000       0x5c load address 0x08006a30
                0x20000000                        . = ALIGN (0x4)
                0x20000000                        _sdata = .
 *(.data)
 *(.data*)
 .data.keypad   0x20000000       0x14 ./Core/Src/keypad.o
                0x20000000                keypad
 .data.colPort  0x20000014       0x14 ./Core/Src/keypad.o
 .data.colPin   0x20000028        0xa ./Core/Src/keypad.o
 *fill*         0x20000032        0x2 
 .data.rowPort  0x20000034       0x10 ./Core/Src/keypad.o
 .data.rowPin   0x20000044        0x8 ./Core/Src/keypad.o
 .data.SystemCoreClock
                0x2000004c        0x4 ./Core/Src/system_stm32f0xx.o
                0x2000004c                SystemCoreClock
 .data.uwTickPrio
                0x20000050        0x4 ./Drivers/STM32F0xx_HAL_Driver/Src/stm32f0xx_hal.o
                0x20000050                uwTickPrio
 .data.uwTickFreq
                0x20000054        0x1 ./Drivers/STM32F0xx_HAL_Driver/Src/stm32f0xx_hal.o
                0x20000054                uwTickFreq
 *fill*         0x20000055        0x3 
 .data.ulCriticalNesting
                0x20000058        0x4 ./Middlewares/FreeRTOS/ARM_CM0/port.o
 *(.RamFunc)
 *(.RamFunc*)
                0x2000005c                        . = ALIGN (0x4)
                0x2000005c                        _edata = .

.igot.plt       0x2000005c        0x0 load address 0x08006a8c
 .igot.plt      0x2000005c        0x0 D:/stm32_sys/STM32CubeIDE_1.19.0/STM32CubeIDE/plugins/com.st.stm32cube.ide.mcu.externaltools.gnu-tools-for-stm32.13.3.rel1.win32_1.0.0.202411081344/tools/bin/../lib/gcc/arm-none-eabi/13.3.1/thumb/v6-m/nofp/crtbegin.o
                0x2000005c                        . = ALIGN (0x4)

.bss            0x2000005c      0x9a0 load address 0x08006a8c
                0x2000005c                        _sbss = .
                0x2000005c                        __bss_start__ = _sbss
 *(.bss)
 .bss           0x2000005c       0x1c D:/stm32_sys/STM32CubeIDE_1.19.0/STM32CubeIDE/plugins/com.st.stm32cube.ide.mcu.externaltools.gnu-tools-for-stm32.13.3.rel1.win32_1.0.0.202411081344/tools/bin/../lib/gcc/arm-none-eabi/13.3.1/thumb/v6-m/nofp/crtbegin.o
 *(.bss*)
 .bss.row       0x20000078        0x4 ./Core/Src/LCD_driver.o
                0x20000078                row
 .bss.col       0x2000007c        0x4 ./Core/Src/LCD_driver.o
                0x2000007c                col
 .bss.htim3     0x20000080       0x48 ./Core/Src/stm32f0xx_hal_timebase_tim.o
                0x20000080                htim3
 .bss.uwTick    0x200000c8        0x4 ./Drivers/STM32F0xx_HAL_Driver/Src/stm32f0xx_hal.o
                0x200000c8                uwTick
 .bss.ucHeap    0x200000cc      0x7e8 ./Middlewares/FreeRTOS/MemMang/heap_4.o
 .bss.xStart    0x200008b4        0x8 ./Middlewares/FreeRTOS/MemMang/heap_4.o
 .bss.pxEnd     0x200008bc        0x4 ./Middlewares/FreeRTOS/MemMang/heap_4.o
 .bss.xFreeBytesRemaining
                0x200008c0        0x4 ./Middlewares/FreeRTOS/MemMang/heap_4.o
 .bss.xMinimumEverFreeBytesRemaining
                0x200008c4        0x4 ./Middlewares/FreeRTOS/MemMang/heap_4.o
 .bss.xNumberOfSuccessfulAllocations
                0x200008c8        0x4 ./Middlewares/FreeRTOS/MemMang/heap_4.o
 .bss.xNumberOfSuccessfulFrees
                0x200008cc        0x4 ./Middlewares/FreeRTOS/MemMang/heap_4.o
 .bss.pxCurrentTCB
                0x200008d0        0x4 ./Middlewares/FreeRTOS/Src/tasks.o
                0x200008d0                pxCurrentTCB
 .bss.pxReadyTasksLists
                0x200008d4       0x50 ./Middlewares/FreeRTOS/Src/tasks.o
 .bss.xDelayedTaskList1
                0x20000924       0x14 ./Middlewares/FreeRTOS/Src/tasks.o
 .bss.xDelayedTaskList2
                0x20000938       0x14 ./Middlewares/FreeRTOS/Src/tasks.o
 .bss.pxDelayedTaskList
                0x2000094c        0x4 ./Middlewares/FreeRTOS/Src/tasks.o
 .bss.pxOverflowDelayedTaskList
                0x20000950        0x4 ./Middlewares/FreeRTOS/Src/tasks.o
 .bss.xPendingReadyList
                0x20000954       0x14 ./Middlewares/FreeRTOS/Src/tasks.o
 .bss.xTasksWaitingTermination
                0x20000968       0x14 ./Middlewares/FreeRTOS/Src/tasks.o
 .bss.uxDeletedTasksWaitingCleanUp
                0x2000097c        0x4 ./Middlewares/FreeRTOS/Src/tasks.o
 .bss.xSuspendedTaskList
                0x20000980       0x14 ./Middlewares/FreeRTOS/Src/tasks.o
 .bss.uxCurrentNumberOfTasks
                0x20000994        0x4 ./Middlewares/FreeRTOS/Src/tasks.o
 .bss.xTickCount
                0x20000998        0x4 ./Middlewares/FreeRTOS/Src/tasks.o
 .bss.uxTopReadyPriority
                0x2000099c        0x4 ./Middlewares/FreeRTOS/Src/tasks.o
 .bss.xSchedulerRunning
                0x200009a0        0x4 ./Middlewares/FreeRTOS/Src/tasks.o
 .bss.xPendedTicks
                0x200009a4        0x4 ./Middlewares/FreeRTOS/Src/tasks.o
 .bss.xYieldPendings
                0x200009a8        0x4 ./Middlewares/FreeRTOS/Src/tasks.o
 .bss.xNumOfOverflows
                0x200009ac        0x4 ./Middlewares/FreeRTOS/Src/tasks.o
 .bss.uxTaskNumber
                0x200009b0        0x4 ./Middlewares/FreeRTOS/Src/tasks.o
 .bss.xNextTaskUnblockTime
                0x200009b4        0x4 ./Middlewares/FreeRTOS/Src/tasks.o
 .bss.xIdleTaskHandles
                0x200009b8        0x4 ./Middlewares/FreeRTOS/Src/tasks.o
 .bss.uxSchedulerSuspended
                0x200009bc        0x4 ./Middlewares/FreeRTOS/Src/tasks.o
 .bss.xActiveTimerList1
                0x200009c0       0x14 ./Middlewares/FreeRTOS/Src/timers.o
 .bss.xActiveTimerList2
                0x200009d4       0x14 ./Middlewares/FreeRTOS/Src/timers.o
 .bss.pxCurrentTimerList
                0x200009e8        0x4 ./Middlewares/FreeRTOS/Src/timers.o
 .bss.pxOverflowTimerList
                0x200009ec        0x4 ./Middlewares/FreeRTOS/Src/timers.o
 .bss.xTimerQueue
                0x200009f0        0x4 ./Middlewares/FreeRTOS/Src/timers.o
 .bss.xTimerTaskHandle
                0x200009f4        0x4 ./Middlewares/FreeRTOS/Src/timers.o
 .bss.xLastTime.0
                0x200009f8        0x4 ./Middlewares/FreeRTOS/Src/timers.o
 *(COMMON)
                0x200009fc                        . = ALIGN (0x4)
                0x200009fc                        _ebss = .
                0x200009fc                        __bss_end__ = _ebss

._user_heap_stack
                0x200009fc      0x604 load address 0x08006a8c
                0x20000a00                        . = ALIGN (0x8)
 *fill*         0x200009fc        0x4 
                [!provide]                        PROVIDE (end = .)
                0x20000a00                        PROVIDE (_end = .)
                0x20000c00                        . = (. + _Min_Heap_Size)
 *fill*         0x20000a00      0x200 
                0x20001000                        . = (. + _Min_Stack_Size)
 *fill*         0x20000c00      0x400 
                0x20001000                        . = ALIGN (0x8)

/DISCARD/
 libc.a(*)
 libm.a(*)
 libgcc.a(*)

.ARM.attributes
                0x00000000       0x28
 *(.ARM.attributes)
 .ARM.attributes
                0x00000000       0x1e D:/stm32_sys/STM32CubeIDE_1.19.0/STM32CubeIDE/plugins/com.st.stm32cube.ide.mcu.externaltools.gnu-tools-for-stm32.13.3.rel1.win32_1.0.0.202411081344/tools/bin/../lib/gcc/arm-none-eabi/13.3.1/thumb/v6-m/nofp/crti.o
 .ARM.attributes
                0x0000001e       0x2c D:/stm32_sys/STM32CubeIDE_1.19.0/STM32CubeIDE/plugins/com.st.stm32cube.ide.mcu.externaltools.gnu-tools-for-stm32.13.3.rel1.win32_1.0.0.202411081344/tools/bin/../lib/gcc/arm-none-eabi/13.3.1/thumb/v6-m/nofp/crtbegin.o
 .ARM.attributes
                0x0000004a       0x2c ./Core/Src/LCD_driver.o
 .ARM.attributes
                0x00000076       0x2c ./Core/Src/app_main.o
 .ARM.attributes
                0x000000a2       0x2c ./Core/Src/calculator_engine.o
 .ARM.attributes
                0x000000ce       0x2c ./Core/Src/keypad.o
 .ARM.attributes
                0x000000fa       0x2c ./Core/Src/main.o
 .ARM.attributes
                0x00000126       0x2c ./Core/Src/stm32f0xx_hal_msp.o
 .ARM.attributes
                0x00000152       0x2c ./Core/Src/stm32f0xx_hal_timebase_tim.o
 .ARM.attributes
                0x0000017e       0x2c ./Core/Src/stm32f0xx_it.o
 .ARM.attributes
                0x000001aa       0x2c ./Core/Src/system_stm32f0xx.o
 .ARM.attributes
                0x000001d6       0x21 ./Core/Startup/startup_stm32f030k6tx.o
 .ARM.attributes
                0x000001f7       0x2c ./Drivers/STM32F0xx_HAL_Driver/Src/stm32f0xx_hal.o
 .ARM.attributes
                0x00000223       0x2c ./Drivers/STM32F0xx_HAL_Driver/Src/stm32f0xx_hal_cortex.o
 .ARM.attributes
                0x0000024f       0x2c ./Drivers/STM32F0xx_HAL_Driver/Src/stm32f0xx_hal_gpio.o
 .ARM.attributes
                0x0000027b       0x2c ./Drivers/STM32F0xx_HAL_Driver/Src/stm32f0xx_hal_rcc.o
 .ARM.attributes
                0x000002a7       0x2c ./Drivers/STM32F0xx_HAL_Driver/Src/stm32f0xx_hal_tim.o
 .ARM.attributes
                0x000002d3       0x2c ./Drivers/STM32F0xx_HAL_Driver/Src/stm32f0xx_hal_tim_ex.o
 .ARM.attributes
                0x000002ff       0x2c ./Middlewares/FreeRTOS/ARM_CM0/port.o
 .ARM.attributes
                0x0000032b       0x2c ./Middlewares/FreeRTOS/ARM_CM0/portasm.o
 .ARM.attributes
                0x00000357       0x2c ./Middlewares/FreeRTOS/MemMang/heap_4.o
 .ARM.attributes
                0x00000383       0x2c ./Middlewares/FreeRTOS/Src/list.o
 .ARM.attributes
                0x000003af       0x2c ./Middlewares/FreeRTOS/Src/queue.o
 .ARM.attributes
                0x000003db       0x2c ./Middlewares/FreeRTOS/Src/tasks.o
 .ARM.attributes
                0x00000407       0x2c ./Middlewares/FreeRTOS/Src/timers.o
 .ARM.attributes
                0x00000433       0x2c D:/stm32_sys/STM32CubeIDE_1.19.0/STM32CubeIDE/plugins/com.st.stm32cube.ide.mcu.externaltools.gnu-tools-for-stm32.13.3.rel1.win32_1.0.0.202411081344/tools/bin/../lib/gcc/arm-none-eabi/13.3.1/../../../../arm-none-eabi/lib/thumb/v6-m/nofp\libc_nano.a(libc_a-ctype_.o)
 .ARM.attributes
                0x0000045f       0x2c D:/stm32_sys/STM32CubeIDE_1.19.0/STM32CubeIDE/plugins/com.st.stm32cube.ide.mcu.externaltools.gnu-tools-for-stm32.13.3.rel1.win32_1.0.0.202411081344/tools/bin/../lib/gcc/arm-none-eabi/13.3.1/../../../../arm-none-eabi/lib/thumb/v6-m/nofp\libc_nano.a(libc_a-memset.o)
 .ARM.attributes
                0x0000048b       0x2c D:/stm32_sys/STM32CubeIDE_1.19.0/STM32CubeIDE/plugins/com.st.stm32cube.ide.mcu.externaltools.gnu-tools-for-stm32.13.3.rel1.win32_1.0.0.202411081344/tools/bin/../lib/gcc/arm-none-eabi/13.3.1/../../../../arm-none-eabi/lib/thumb/v6-m/nofp\libc_nano.a(libc_a-strcat.o)
 .ARM.attributes
                0x000004b7       0x2c D:/stm32_sys/STM32CubeIDE_1.19.0/STM32CubeIDE/plugins/com.st.stm32cube.ide.mcu.externaltools.gnu-tools-for-stm32.13.3.rel1.win32_1.0.0.202411081344/tools/bin/../lib/gcc/arm-none-eabi/13.3.1/../../../../arm-none-eabi/lib/thumb/v6-m/nofp\libc_nano.a(libc_a-strchr.o)
 .ARM.attributes
                0x000004e3       0x2c D:/stm32_sys/STM32CubeIDE_1.19.0/STM32CubeIDE/plugins/com.st.stm32cube.ide.mcu.externaltools.gnu-tools-for-stm32.13.3.rel1.win32_1.0.0.202411081344/tools/bin/../lib/gcc/arm-none-eabi/13.3.1/../../../../arm-none-eabi/lib/thumb/v6-m/nofp\libc_nano.a(libc_a-strncpy.o)
 .ARM.attributes
                0x0000050f       0x2c D:/stm32_sys/STM32CubeIDE_1.19.0/STM32CubeIDE/plugins/com.st.stm32cube.ide.mcu.externaltools.gnu-tools-for-stm32.13.3.rel1.win32_1.0.0.202411081344/tools/bin/../lib/gcc/arm-none-eabi/13.3.1/../../../../arm-none-eabi/lib/thumb/v6-m/nofp\libc_nano.a(libc_a-init.o)
 .ARM.attributes
                0x0000053b       0x2c D:/stm32_sys/STM32CubeIDE_1.19.0/STM32CubeIDE/plugins/com.st.stm32cube.ide.mcu.externaltools.gnu-tools-for-stm32.13.3.rel1.win32_1.0.0.202411081344/tools/bin/../lib/gcc/arm-none-eabi/13.3.1/../../../../arm-none-eabi/lib/thumb/v6-m/nofp\libc_nano.a(libc_a-strcpy.o)
 .ARM.attributes
                0x00000567       0x2c D:/stm32_sys/STM32CubeIDE_1.19.0/STM32CubeIDE/plugins/com.st.stm32cube.ide.mcu.externaltools.gnu-tools-for-stm32.13.3.rel1.win32_1.0.0.202411081344/tools/bin/../lib/gcc/arm-none-eabi/13.3.1/../../../../arm-none-eabi/lib/thumb/v6-m/nofp\libc_nano.a(libc_a-memcpy-stub.o)
 .ARM.attributes
                0x00000593       0x1c D:/stm32_sys/STM32CubeIDE_1.19.0/STM32CubeIDE/plugins/com.st.stm32cube.ide.mcu.externaltools.gnu-tools-for-stm32.13.3.rel1.win32_1.0.0.202411081344/tools/bin/../lib/gcc/arm-none-eabi/13.3.1/../../../../arm-none-eabi/lib/thumb/v6-m/nofp\libc_nano.a(libc_a-strlen.o)
 .ARM.attributes
                0x000005af       0x1e D:/stm32_sys/STM32CubeIDE_1.19.0/STM32CubeIDE/plugins/com.st.stm32cube.ide.mcu.externaltools.gnu-tools-for-stm32.13.3.rel1.win32_1.0.0.202411081344/tools/bin/../lib/gcc/arm-none-eabi/13.3.1/thumb/v6-m/nofp\libgcc.a(_udivsi3.o)
 .ARM.attributes
                0x000005cd       0x1e D:/stm32_sys/STM32CubeIDE_1.19.0/STM32CubeIDE/plugins/com.st.stm32cube.ide.mcu.externaltools.gnu-tools-for-stm32.13.3.rel1.win32_1.0.0.202411081344/tools/bin/../lib/gcc/arm-none-eabi/13.3.1/thumb/v6-m/nofp\libgcc.a(_divsi3.o)
 .ARM.attributes
                0x000005eb       0x1e D:/stm32_sys/STM32CubeIDE_1.19.0/STM32CubeIDE/plugins/com.st.stm32cube.ide.mcu.externaltools.gnu-tools-for-stm32.13.3.rel1.win32_1.0.0.202411081344/tools/bin/../lib/gcc/arm-none-eabi/13.3.1/thumb/v6-m/nofp\libgcc.a(_dvmd_tls.o)
 .ARM.attributes
                0x00000609       0x1e D:/stm32_sys/STM32CubeIDE_1.19.0/STM32CubeIDE/plugins/com.st.stm32cube.ide.mcu.externaltools.gnu-tools-for-stm32.13.3.rel1.win32_1.0.0.202411081344/tools/bin/../lib/gcc/arm-none-eabi/13.3.1/thumb/v6-m/nofp\libgcc.a(_arm_cmpdf2.o)
 .ARM.attributes
                0x00000627       0x1e D:/stm32_sys/STM32CubeIDE_1.19.0/STM32CubeIDE/plugins/com.st.stm32cube.ide.mcu.externaltools.gnu-tools-for-stm32.13.3.rel1.win32_1.0.0.202411081344/tools/bin/../lib/gcc/arm-none-eabi/13.3.1/thumb/v6-m/nofp\libgcc.a(_arm_cmpsf2.o)
 .ARM.attributes
                0x00000645       0x2c D:/stm32_sys/STM32CubeIDE_1.19.0/STM32CubeIDE/plugins/com.st.stm32cube.ide.mcu.externaltools.gnu-tools-for-stm32.13.3.rel1.win32_1.0.0.202411081344/tools/bin/../lib/gcc/arm-none-eabi/13.3.1/thumb/v6-m/nofp\libgcc.a(addsf3.o)
 .ARM.attributes
                0x00000671       0x2c D:/stm32_sys/STM32CubeIDE_1.19.0/STM32CubeIDE/plugins/com.st.stm32cube.ide.mcu.externaltools.gnu-tools-for-stm32.13.3.rel1.win32_1.0.0.202411081344/tools/bin/../lib/gcc/arm-none-eabi/13.3.1/thumb/v6-m/nofp\libgcc.a(divsf3.o)
 .ARM.attributes
                0x0000069d       0x2c D:/stm32_sys/STM32CubeIDE_1.19.0/STM32CubeIDE/plugins/com.st.stm32cube.ide.mcu.externaltools.gnu-tools-for-stm32.13.3.rel1.win32_1.0.0.202411081344/tools/bin/../lib/gcc/arm-none-eabi/13.3.1/thumb/v6-m/nofp\libgcc.a(eqsf2.o)
 .ARM.attributes
                0x000006c9       0x2c D:/stm32_sys/STM32CubeIDE_1.19.0/STM32CubeIDE/plugins/com.st.stm32cube.ide.mcu.externaltools.gnu-tools-for-stm32.13.3.rel1.win32_1.0.0.202411081344/tools/bin/../lib/gcc/arm-none-eabi/13.3.1/thumb/v6-m/nofp\libgcc.a(gesf2.o)
 .ARM.attributes
                0x000006f5       0x2c D:/stm32_sys/STM32CubeIDE_1.19.0/STM32CubeIDE/plugins/com.st.stm32cube.ide.mcu.externaltools.gnu-tools-for-stm32.13.3.rel1.win32_1.0.0.202411081344/tools/bin/../lib/gcc/arm-none-eabi/13.3.1/thumb/v6-m/nofp\libgcc.a(lesf2.o)
 .ARM.attributes
                0x00000721       0x2c D:/stm32_sys/STM32CubeIDE_1.19.0/STM32CubeIDE/plugins/com.st.stm32cube.ide.mcu.externaltools.gnu-tools-for-stm32.13.3.rel1.win32_1.0.0.202411081344/tools/bin/../lib/gcc/arm-none-eabi/13.3.1/thumb/v6-m/nofp\libgcc.a(mulsf3.o)
 .ARM.attributes
                0x0000074d       0x2c D:/stm32_sys/STM32CubeIDE_1.19.0/STM32CubeIDE/plugins/com.st.stm32cube.ide.mcu.externaltools.gnu-tools-for-stm32.13.3.rel1.win32_1.0.0.202411081344/tools/bin/../lib/gcc/arm-none-eabi/13.3.1/thumb/v6-m/nofp\libgcc.a(subsf3.o)
 .ARM.attributes
                0x00000779       0x2c D:/stm32_sys/STM32CubeIDE_1.19.0/STM32CubeIDE/plugins/com.st.stm32cube.ide.mcu.externaltools.gnu-tools-for-stm32.13.3.rel1.win32_1.0.0.202411081344/tools/bin/../lib/gcc/arm-none-eabi/13.3.1/thumb/v6-m/nofp\libgcc.a(fixsfsi.o)
 .ARM.attributes
                0x000007a5       0x2c D:/stm32_sys/STM32CubeIDE_1.19.0/STM32CubeIDE/plugins/com.st.stm32cube.ide.mcu.externaltools.gnu-tools-for-stm32.13.3.rel1.win32_1.0.0.202411081344/tools/bin/../lib/gcc/arm-none-eabi/13.3.1/thumb/v6-m/nofp\libgcc.a(floatsisf.o)
 .ARM.attributes
                0x000007d1       0x2c D:/stm32_sys/STM32CubeIDE_1.19.0/STM32CubeIDE/plugins/com.st.stm32cube.ide.mcu.externaltools.gnu-tools-for-stm32.13.3.rel1.win32_1.0.0.202411081344/tools/bin/../lib/gcc/arm-none-eabi/13.3.1/thumb/v6-m/nofp\libgcc.a(eqdf2.o)
 .ARM.attributes
                0x000007fd       0x2c D:/stm32_sys/STM32CubeIDE_1.19.0/STM32CubeIDE/plugins/com.st.stm32cube.ide.mcu.externaltools.gnu-tools-for-stm32.13.3.rel1.win32_1.0.0.202411081344/tools/bin/../lib/gcc/arm-none-eabi/13.3.1/thumb/v6-m/nofp\libgcc.a(gedf2.o)
 .ARM.attributes
                0x00000829       0x2c D:/stm32_sys/STM32CubeIDE_1.19.0/STM32CubeIDE/plugins/com.st.stm32cube.ide.mcu.externaltools.gnu-tools-for-stm32.13.3.rel1.win32_1.0.0.202411081344/tools/bin/../lib/gcc/arm-none-eabi/13.3.1/thumb/v6-m/nofp\libgcc.a(ledf2.o)
 .ARM.attributes
                0x00000855       0x2c D:/stm32_sys/STM32CubeIDE_1.19.0/STM32CubeIDE/plugins/com.st.stm32cube.ide.mcu.externaltools.gnu-tools-for-stm32.13.3.rel1.win32_1.0.0.202411081344/tools/bin/../lib/gcc/arm-none-eabi/13.3.1/thumb/v6-m/nofp\libgcc.a(muldf3.o)
 .ARM.attributes
                0x00000881       0x2c D:/stm32_sys/STM32CubeIDE_1.19.0/STM32CubeIDE/plugins/com.st.stm32cube.ide.mcu.externaltools.gnu-tools-for-stm32.13.3.rel1.win32_1.0.0.202411081344/tools/bin/../lib/gcc/arm-none-eabi/13.3.1/thumb/v6-m/nofp\libgcc.a(extendsfdf2.o)
 .ARM.attributes
                0x000008ad       0x2c D:/stm32_sys/STM32CubeIDE_1.19.0/STM32CubeIDE/plugins/com.st.stm32cube.ide.mcu.externaltools.gnu-tools-for-stm32.13.3.rel1.win32_1.0.0.202411081344/tools/bin/../lib/gcc/arm-none-eabi/13.3.1/thumb/v6-m/nofp\libgcc.a(truncdfsf2.o)
 .ARM.attributes
                0x000008d9       0x1e D:/stm32_sys/STM32CubeIDE_1.19.0/STM32CubeIDE/plugins/com.st.stm32cube.ide.mcu.externaltools.gnu-tools-for-stm32.13.3.rel1.win32_1.0.0.202411081344/tools/bin/../lib/gcc/arm-none-eabi/13.3.1/thumb/v6-m/nofp\libgcc.a(_clzsi2.o)
 .ARM.attributes
                0x000008f7       0x1e D:/stm32_sys/STM32CubeIDE_1.19.0/STM32CubeIDE/plugins/com.st.stm32cube.ide.mcu.externaltools.gnu-tools-for-stm32.13.3.rel1.win32_1.0.0.202411081344/tools/bin/../lib/gcc/arm-none-eabi/13.3.1/thumb/v6-m/nofp/crtn.o
OUTPUT(casio_stm32.elf elf32-littlearm)
LOAD linker stubs
LOAD D:/stm32_sys/STM32CubeIDE_1.19.0/STM32CubeIDE/plugins/com.st.stm32cube.ide.mcu.externaltools.gnu-tools-for-stm32.13.3.rel1.win32_1.0.0.202411081344/tools/bin/../lib/gcc/arm-none-eabi/13.3.1/../../../../arm-none-eabi/lib/thumb/v6-m/nofp\libc.a
LOAD D:/stm32_sys/STM32CubeIDE_1.19.0/STM32CubeIDE/plugins/com.st.stm32cube.ide.mcu.externaltools.gnu-tools-for-stm32.13.3.rel1.win32_1.0.0.202411081344/tools/bin/../lib/gcc/arm-none-eabi/13.3.1/../../../../arm-none-eabi/lib/thumb/v6-m/nofp\libm.a
LOAD D:/stm32_sys/STM32CubeIDE_1.19.0/STM32CubeIDE/plugins/com.st.stm32cube.ide.mcu.externaltools.gnu-tools-for-stm32.13.3.rel1.win32_1.0.0.202411081344/tools/bin/../lib/gcc/arm-none-eabi/13.3.1/thumb/v6-m/nofp\libgcc.a

.debug_info     0x00000000     0xd2d4
 .debug_info    0x00000000      0x3a4 ./Core/Src/LCD_driver.o
 .debug_info    0x000003a4      0x2b2 ./Core/Src/app_main.o
 .debug_info    0x00000656      0x6c5 ./Core/Src/calculator_engine.o
 .debug_info    0x00000d1b      0x313 ./Core/Src/keypad.o
 .debug_info    0x0000102e      0xc85 ./Core/Src/main.o
 .debug_info    0x00001cb3      0x199 ./Core/Src/stm32f0xx_hal_msp.o
 .debug_info    0x00001e4c      0x919 ./Core/Src/stm32f0xx_hal_timebase_tim.o
 .debug_info    0x00002765      0x61f ./Core/Src/stm32f0xx_it.o
 .debug_info    0x00002d84      0x242 ./Core/Src/system_stm32f0xx.o
 .debug_info    0x00002fc6       0x30 ./Core/Startup/startup_stm32f030k6tx.o
 .debug_info    0x00002ff6      0x652 ./Drivers/STM32F0xx_HAL_Driver/Src/stm32f0xx_hal.o
 .debug_info    0x00003648      0x67d ./Drivers/STM32F0xx_HAL_Driver/Src/stm32f0xx_hal_cortex.o
 .debug_info    0x00003cc5      0x5c8 ./Drivers/STM32F0xx_HAL_Driver/Src/stm32f0xx_hal_gpio.o
 .debug_info    0x0000428d      0x844 ./Drivers/STM32F0xx_HAL_Driver/Src/stm32f0xx_hal_rcc.o
 .debug_info    0x00004ad1     0x2946 ./Drivers/STM32F0xx_HAL_Driver/Src/stm32f0xx_hal_tim.o
 .debug_info    0x00007417     0x1488 ./Drivers/STM32F0xx_HAL_Driver/Src/stm32f0xx_hal_tim_ex.o
 .debug_info    0x0000889f      0x31b ./Middlewares/FreeRTOS/ARM_CM0/port.o
 .debug_info    0x00008bba      0x153 ./Middlewares/FreeRTOS/ARM_CM0/portasm.o
 .debug_info    0x00008d0d      0x4b5 ./Middlewares/FreeRTOS/MemMang/heap_4.o
 .debug_info    0x000091c2      0x2aa ./Middlewares/FreeRTOS/Src/list.o
 .debug_info    0x0000946c     0x10f8 ./Middlewares/FreeRTOS/Src/queue.o
 .debug_info    0x0000a564     0x1f0b ./Middlewares/FreeRTOS/Src/tasks.o
 .debug_info    0x0000c46f      0xe65 ./Middlewares/FreeRTOS/Src/timers.o

.debug_abbrev   0x00000000     0x2a49
 .debug_abbrev  0x00000000      0x195 ./Core/Src/LCD_driver.o
 .debug_abbrev  0x00000195      0x149 ./Core/Src/app_main.o
 .debug_abbrev  0x000002de      0x18f ./Core/Src/calculator_engine.o
 .debug_abbrev  0x0000046d      0x169 ./Core/Src/keypad.o
 .debug_abbrev  0x000005d6      0x2eb ./Core/Src/main.o
 .debug_abbrev  0x000008c1       0xc6 ./Core/Src/stm32f0xx_hal_msp.o
 .debug_abbrev  0x00000987      0x21f ./Core/Src/stm32f0xx_hal_timebase_tim.o
 .debug_abbrev  0x00000ba6      0x191 ./Core/Src/stm32f0xx_it.o
 .debug_abbrev  0x00000d37      0x11c ./Core/Src/system_stm32f0xx.o
 .debug_abbrev  0x00000e53       0x24 ./Core/Startup/startup_stm32f030k6tx.o
 .debug_abbrev  0x00000e77      0x24b ./Drivers/STM32F0xx_HAL_Driver/Src/stm32f0xx_hal.o
 .debug_abbrev  0x000010c2      0x28c ./Drivers/STM32F0xx_HAL_Driver/Src/stm32f0xx_hal_cortex.o
 .debug_abbrev  0x0000134e      0x1c6 ./Drivers/STM32F0xx_HAL_Driver/Src/stm32f0xx_hal_gpio.o
 .debug_abbrev  0x00001514      0x28b ./Drivers/STM32F0xx_HAL_Driver/Src/stm32f0xx_hal_rcc.o
 .debug_abbrev  0x0000179f      0x28c ./Drivers/STM32F0xx_HAL_Driver/Src/stm32f0xx_hal_tim.o
 .debug_abbrev  0x00001a2b      0x297 ./Drivers/STM32F0xx_HAL_Driver/Src/stm32f0xx_hal_tim_ex.o
 .debug_abbrev  0x00001cc2      0x1bd ./Middlewares/FreeRTOS/ARM_CM0/port.o
 .debug_abbrev  0x00001e7f       0xb8 ./Middlewares/FreeRTOS/ARM_CM0/portasm.o
 .debug_abbrev  0x00001f37      0x1f3 ./Middlewares/FreeRTOS/MemMang/heap_4.o
 .debug_abbrev  0x0000212a       0xee ./Middlewares/FreeRTOS/Src/list.o
 .debug_abbrev  0x00002218      0x26f ./Middlewares/FreeRTOS/Src/queue.o
 .debug_abbrev  0x00002487      0x317 ./Middlewares/FreeRTOS/Src/tasks.o
 .debug_abbrev  0x0000279e      0x2ab ./Middlewares/FreeRTOS/Src/timers.o

.debug_aranges  0x00000000      0xf70
 .debug_aranges
                0x00000000       0x70 ./Core/Src/LCD_driver.o
 .debug_aranges
                0x00000070       0x28 ./Core/Src/app_main.o
 .debug_aranges
                0x00000098       0x58 ./Core/Src/calculator_engine.o
 .debug_aranges
                0x000000f0       0x28 ./Core/Src/keypad.o
 .debug_aranges
                0x00000118       0x58 ./Core/Src/main.o
 .debug_aranges
                0x00000170       0x20 ./Core/Src/stm32f0xx_hal_msp.o
 .debug_aranges
                0x00000190       0x30 ./Core/Src/stm32f0xx_hal_timebase_tim.o
 .debug_aranges
                0x000001c0       0x30 ./Core/Src/stm32f0xx_it.o
 .debug_aranges
                0x000001f0       0x28 ./Core/Src/system_stm32f0xx.o
 .debug_aranges
                0x00000218       0x28 ./Core/Startup/startup_stm32f030k6tx.o
 .debug_aranges
                0x00000240       0xd0 ./Drivers/STM32F0xx_HAL_Driver/Src/stm32f0xx_hal.o
 .debug_aranges
                0x00000310       0xc0 ./Drivers/STM32F0xx_HAL_Driver/Src/stm32f0xx_hal_cortex.o
 .debug_aranges
                0x000003d0       0x58 ./Drivers/STM32F0xx_HAL_Driver/Src/stm32f0xx_hal_gpio.o
 .debug_aranges
                0x00000428       0x80 ./Drivers/STM32F0xx_HAL_Driver/Src/stm32f0xx_hal_rcc.o
 .debug_aranges
                0x000004a8      0x3d0 ./Drivers/STM32F0xx_HAL_Driver/Src/stm32f0xx_hal_tim.o
 .debug_aranges
                0x00000878      0x168 ./Drivers/STM32F0xx_HAL_Driver/Src/stm32f0xx_hal_tim_ex.o
 .debug_aranges
                0x000009e0       0x70 ./Middlewares/FreeRTOS/ARM_CM0/port.o
 .debug_aranges
                0x00000a50       0x60 ./Middlewares/FreeRTOS/ARM_CM0/portasm.o
 .debug_aranges
                0x00000ab0       0x68 ./Middlewares/FreeRTOS/MemMang/heap_4.o
 .debug_aranges
                0x00000b18       0x40 ./Middlewares/FreeRTOS/Src/list.o
 .debug_aranges
                0x00000b58      0x110 ./Middlewares/FreeRTOS/Src/queue.o
 .debug_aranges
                0x00000c68      0x210 ./Middlewares/FreeRTOS/Src/tasks.o
 .debug_aranges
                0x00000e78       0xf8 ./Middlewares/FreeRTOS/Src/timers.o

.debug_rnglists
                0x00000000      0xbdd
 .debug_rnglists
                0x00000000       0x51 ./Core/Src/LCD_driver.o
 .debug_rnglists
                0x00000051       0x1b ./Core/Src/app_main.o
 .debug_rnglists
                0x0000006c       0x44 ./Core/Src/calculator_engine.o
 .debug_rnglists
                0x000000b0       0x1a ./Core/Src/keypad.o
 .debug_rnglists
                0x000000ca       0x40 ./Core/Src/main.o
 .debug_rnglists
                0x0000010a       0x13 ./Core/Src/stm32f0xx_hal_msp.o
 .debug_rnglists
                0x0000011d       0x20 ./Core/Src/stm32f0xx_hal_timebase_tim.o
 .debug_rnglists
                0x0000013d       0x1f ./Core/Src/stm32f0xx_it.o
 .debug_rnglists
                0x0000015c       0x1a ./Core/Src/system_stm32f0xx.o
 .debug_rnglists
                0x00000176       0x19 ./Core/Startup/startup_stm32f030k6tx.o
 .debug_rnglists
                0x0000018f       0x97 ./Drivers/STM32F0xx_HAL_Driver/Src/stm32f0xx_hal.o
 .debug_rnglists
                0x00000226       0x8c ./Drivers/STM32F0xx_HAL_Driver/Src/stm32f0xx_hal_cortex.o
 .debug_rnglists
                0x000002b2       0x3f ./Drivers/STM32F0xx_HAL_Driver/Src/stm32f0xx_hal_gpio.o
 .debug_rnglists
                0x000002f1       0x61 ./Drivers/STM32F0xx_HAL_Driver/Src/stm32f0xx_hal_rcc.o
 .debug_rnglists
                0x00000352      0x31b ./Drivers/STM32F0xx_HAL_Driver/Src/stm32f0xx_hal_tim.o
 .debug_rnglists
                0x0000066d      0x126 ./Drivers/STM32F0xx_HAL_Driver/Src/stm32f0xx_hal_tim_ex.o
 .debug_rnglists
                0x00000793       0x50 ./Middlewares/FreeRTOS/ARM_CM0/port.o
 .debug_rnglists
                0x000007e3       0x43 ./Middlewares/FreeRTOS/ARM_CM0/portasm.o
 .debug_rnglists
                0x00000826       0x4d ./Middlewares/FreeRTOS/MemMang/heap_4.o
 .debug_rnglists
                0x00000873       0x2b ./Middlewares/FreeRTOS/Src/list.o
 .debug_rnglists
                0x0000089e       0xd2 ./Middlewares/FreeRTOS/Src/queue.o
 .debug_rnglists
                0x00000970      0x1b5 ./Middlewares/FreeRTOS/Src/tasks.o
 .debug_rnglists
                0x00000b25       0xb8 ./Middlewares/FreeRTOS/Src/timers.o

.debug_macro    0x00000000    0x140f3
 .debug_macro   0x00000000      0x240 ./Core/Src/LCD_driver.o
 .debug_macro   0x00000240      0xaae ./Core/Src/LCD_driver.o
 .debug_macro   0x00000cee      0x12d ./Core/Src/LCD_driver.o
 .debug_macro   0x00000e1b       0x2e ./Core/Src/LCD_driver.o
 .debug_macro   0x00000e49       0x22 ./Core/Src/LCD_driver.o
 .debug_macro   0x00000e6b       0x22 ./Core/Src/LCD_driver.o
 .debug_macro   0x00000e8d       0x8e ./Core/Src/LCD_driver.o
 .debug_macro   0x00000f1b       0x51 ./Core/Src/LCD_driver.o
 .debug_macro   0x00000f6c      0x103 ./Core/Src/LCD_driver.o
 .debug_macro   0x0000106f       0x6a ./Core/Src/LCD_driver.o
 .debug_macro   0x000010d9      0x1df ./Core/Src/LCD_driver.o
 .debug_macro   0x000012b8       0x1c ./Core/Src/LCD_driver.o
 .debug_macro   0x000012d4       0x22 ./Core/Src/LCD_driver.o
 .debug_macro   0x000012f6       0xaf ./Core/Src/LCD_driver.o
 .debug_macro   0x000013a5      0x391 ./Core/Src/LCD_driver.o
 .debug_macro   0x00001736     0x6e6e ./Core/Src/LCD_driver.o
 .debug_macro   0x000085a4       0x66 ./Core/Src/LCD_driver.o
 .debug_macro   0x0000860a     0x34da ./Core/Src/LCD_driver.o
 .debug_macro   0x0000bae4      0x190 ./Core/Src/LCD_driver.o
 .debug_macro   0x0000bc74       0x55 ./Core/Src/LCD_driver.o
 .debug_macro   0x0000bcc9      0x924 ./Core/Src/LCD_driver.o
 .debug_macro   0x0000c5ed       0xe5 ./Core/Src/LCD_driver.o
 .debug_macro   0x0000c6d2      0x1ae ./Core/Src/LCD_driver.o
 .debug_macro   0x0000c880       0xb3 ./Core/Src/LCD_driver.o
 .debug_macro   0x0000c933      0x1a0 ./Core/Src/LCD_driver.o
 .debug_macro   0x0000cad3      0x1ed ./Core/Src/LCD_driver.o
 .debug_macro   0x0000ccc0       0x34 ./Core/Src/LCD_driver.o
 .debug_macro   0x0000ccf4       0x43 ./Core/Src/LCD_driver.o
 .debug_macro   0x0000cd37       0x28 ./Core/Src/LCD_driver.o
 .debug_macro   0x0000cd5f       0xb0 ./Core/Src/LCD_driver.o
 .debug_macro   0x0000ce0f      0x15a ./Core/Src/LCD_driver.o
 .debug_macro   0x0000cf69      0x22c ./Core/Src/LCD_driver.o
 .debug_macro   0x0000d195       0x61 ./Core/Src/LCD_driver.o
 .debug_macro   0x0000d1f6       0xa5 ./Core/Src/LCD_driver.o
 .debug_macro   0x0000d29b       0x4c ./Core/Src/LCD_driver.o
 .debug_macro   0x0000d2e7       0x2b ./Core/Src/LCD_driver.o
 .debug_macro   0x0000d312      0x8f4 ./Core/Src/LCD_driver.o
 .debug_macro   0x0000dc06       0x28 ./Core/Src/LCD_driver.o
 .debug_macro   0x0000dc2e       0xf1 ./Core/Src/LCD_driver.o
 .debug_macro   0x0000dd1f       0xbe ./Core/Src/LCD_driver.o
 .debug_macro   0x0000dddd       0x16 ./Core/Src/LCD_driver.o
 .debug_macro   0x0000ddf3      0x11e ./Core/Src/LCD_driver.o
 .debug_macro   0x0000df11       0x1c ./Core/Src/LCD_driver.o
 .debug_macro   0x0000df2d      0x182 ./Core/Src/LCD_driver.o
 .debug_macro   0x0000e0af      0x267 ./Core/Src/LCD_driver.o
 .debug_macro   0x0000e316       0x22 ./Core/Src/LCD_driver.o
 .debug_macro   0x0000e338       0x1f ./Core/Src/LCD_driver.o
 .debug_macro   0x0000e357       0x12 ./Core/Src/LCD_driver.o
 .debug_macro   0x0000e369     0x10d3 ./Core/Src/LCD_driver.o
 .debug_macro   0x0000f43c       0xc3 ./Core/Src/LCD_driver.o
 .debug_macro   0x0000f4ff      0x14f ./Core/Src/LCD_driver.o
 .debug_macro   0x0000f64e       0x58 ./Core/Src/LCD_driver.o
 .debug_macro   0x0000f6a6      0x37d ./Core/Src/app_main.o
 .debug_macro   0x0000fa23      0x118 ./Core/Src/app_main.o
 .debug_macro   0x0000fb3b       0x80 ./Core/Src/app_main.o
 .debug_macro   0x0000fbbb       0x61 ./Core/Src/app_main.o
 .debug_macro   0x0000fc1c       0x24 ./Core/Src/app_main.o
 .debug_macro   0x0000fc40       0x43 ./Core/Src/app_main.o
 .debug_macro   0x0000fc83       0x34 ./Core/Src/app_main.o
 .debug_macro   0x0000fcb7      0x370 ./Core/Src/app_main.o
 .debug_macro   0x00010027       0x16 ./Core/Src/app_main.o
 .debug_macro   0x0001003d       0x4a ./Core/Src/app_main.o
 .debug_macro   0x00010087       0x34 ./Core/Src/app_main.o
 .debug_macro   0x000100bb       0x10 ./Core/Src/app_main.o
 .debug_macro   0x000100cb       0x58 ./Core/Src/app_main.o
 .debug_macro   0x00010123       0x8e ./Core/Src/app_main.o
 .debug_macro   0x000101b1       0x1c ./Core/Src/app_main.o
 .debug_macro   0x000101cd      0x185 ./Core/Src/app_main.o
 .debug_macro   0x00010352       0x10 ./Core/Src/app_main.o
 .debug_macro   0x00010362       0x3c ./Core/Src/app_main.o
 .debug_macro   0x0001039e       0x20 ./Core/Src/app_main.o
 .debug_macro   0x000103be       0x77 ./Core/Src/app_main.o
 .debug_macro   0x00010435       0x22 ./Core/Src/app_main.o
 .debug_macro   0x00010457      0x19b ./Core/Src/app_main.o
 .debug_macro   0x000105f2      0x11f ./Core/Src/app_main.o
 .debug_macro   0x00010711      0x369 ./Core/Src/calculator_engine.o
 .debug_macro   0x00010a7a      0x23d ./Core/Src/keypad.o
 .debug_macro   0x00010cb7       0xb8 ./Core/Src/keypad.o
 .debug_macro   0x00010d6f      0x3b1 ./Core/Src/main.o
 .debug_macro   0x00011120       0x5b ./Core/Src/main.o
 .debug_macro   0x0001117b       0x94 ./Core/Src/main.o
 .debug_macro   0x0001120f       0x16 ./Core/Src/main.o
 .debug_macro   0x00011225       0x57 ./Core/Src/main.o
 .debug_macro   0x0001127c       0x9e ./Core/Src/main.o
 .debug_macro   0x0001131a      0x112 ./Core/Src/main.o
 .debug_macro   0x0001142c       0x10 ./Core/Src/main.o
 .debug_macro   0x0001143c       0x16 ./Core/Src/main.o
 .debug_macro   0x00011452       0x16 ./Core/Src/main.o
 .debug_macro   0x00011468      0x146 ./Core/Src/main.o
 .debug_macro   0x000115ae       0x4f ./Core/Src/main.o
 .debug_macro   0x000115fd       0x16 ./Core/Src/main.o
 .debug_macro   0x00011613       0x4c ./Core/Src/main.o
 .debug_macro   0x0001165f      0x1bc ./Core/Src/stm32f0xx_hal_msp.o
 .debug_macro   0x0001181b      0x1ad ./Core/Src/stm32f0xx_hal_timebase_tim.o
 .debug_macro   0x000119c8      0x23d ./Core/Src/stm32f0xx_it.o
 .debug_macro   0x00011c05      0x1ad ./Core/Src/system_stm32f0xx.o
 .debug_macro   0x00011db2      0x1d1 ./Drivers/STM32F0xx_HAL_Driver/Src/stm32f0xx_hal.o
 .debug_macro   0x00011f83      0x1ad ./Drivers/STM32F0xx_HAL_Driver/Src/stm32f0xx_hal_cortex.o
 .debug_macro   0x00012130      0x1b4 ./Drivers/STM32F0xx_HAL_Driver/Src/stm32f0xx_hal_gpio.o
 .debug_macro   0x000122e4      0x1bf ./Drivers/STM32F0xx_HAL_Driver/Src/stm32f0xx_hal_rcc.o
 .debug_macro   0x000124a3      0x1ae ./Drivers/STM32F0xx_HAL_Driver/Src/stm32f0xx_hal_tim.o
 .debug_macro   0x00012651      0x1ad ./Drivers/STM32F0xx_HAL_Driver/Src/stm32f0xx_hal_tim_ex.o
 .debug_macro   0x000127fe      0x3b3 ./Middlewares/FreeRTOS/ARM_CM0/port.o
 .debug_macro   0x00012bb1      0x235 ./Middlewares/FreeRTOS/ARM_CM0/portasm.o
 .debug_macro   0x00012de6      0x382 ./Middlewares/FreeRTOS/MemMang/heap_4.o
 .debug_macro   0x00013168      0x11c ./Middlewares/FreeRTOS/MemMang/heap_4.o
 .debug_macro   0x00013284       0x9b ./Middlewares/FreeRTOS/MemMang/heap_4.o
 .debug_macro   0x0001331f      0x2ed ./Middlewares/FreeRTOS/Src/list.o
 .debug_macro   0x0001360c      0x384 ./Middlewares/FreeRTOS/Src/queue.o
 .debug_macro   0x00013990      0x411 ./Middlewares/FreeRTOS/Src/tasks.o
 .debug_macro   0x00013da1       0x16 ./Middlewares/FreeRTOS/Src/tasks.o
 .debug_macro   0x00013db7      0x33c ./Middlewares/FreeRTOS/Src/timers.o

.debug_line     0x00000000    0x145bd
 .debug_line    0x00000000      0x9b5 ./Core/Src/LCD_driver.o
 .debug_line    0x000009b5      0xc3a ./Core/Src/app_main.o
 .debug_line    0x000015ef      0xfe4 ./Core/Src/calculator_engine.o
 .debug_line    0x000025d3      0x8d3 ./Core/Src/keypad.o
 .debug_line    0x00002ea6      0xc6f ./Core/Src/main.o
 .debug_line    0x00003b15      0x71b ./Core/Src/stm32f0xx_hal_msp.o
 .debug_line    0x00004230      0x799 ./Core/Src/stm32f0xx_hal_timebase_tim.o
 .debug_line    0x000049c9      0x889 ./Core/Src/stm32f0xx_it.o
 .debug_line    0x00005252      0x78b ./Core/Src/system_stm32f0xx.o
 .debug_line    0x000059dd       0x7b ./Core/Startup/startup_stm32f030k6tx.o
 .debug_line    0x00005a58      0x99a ./Drivers/STM32F0xx_HAL_Driver/Src/stm32f0xx_hal.o
 .debug_line    0x000063f2      0xa42 ./Drivers/STM32F0xx_HAL_Driver/Src/stm32f0xx_hal_cortex.o
 .debug_line    0x00006e34      0xaff ./Drivers/STM32F0xx_HAL_Driver/Src/stm32f0xx_hal_gpio.o
 .debug_line    0x00007933      0xe2b ./Drivers/STM32F0xx_HAL_Driver/Src/stm32f0xx_hal_rcc.o
 .debug_line    0x0000875e     0x362b ./Drivers/STM32F0xx_HAL_Driver/Src/stm32f0xx_hal_tim.o
 .debug_line    0x0000bd89     0x182a ./Drivers/STM32F0xx_HAL_Driver/Src/stm32f0xx_hal_tim_ex.o
 .debug_line    0x0000d5b3      0xa6d ./Middlewares/FreeRTOS/ARM_CM0/port.o
 .debug_line    0x0000e020      0x935 ./Middlewares/FreeRTOS/ARM_CM0/portasm.o
 .debug_line    0x0000e955      0xdd8 ./Middlewares/FreeRTOS/MemMang/heap_4.o
 .debug_line    0x0000f72d      0xb91 ./Middlewares/FreeRTOS/Src/list.o
 .debug_line    0x000102be     0x1466 ./Middlewares/FreeRTOS/Src/queue.o
 .debug_line    0x00011724     0x1e6e ./Middlewares/FreeRTOS/Src/tasks.o
 .debug_line    0x00013592     0x102b ./Middlewares/FreeRTOS/Src/timers.o

.debug_str      0x00000000    0x71e22
 .debug_str     0x00000000    0x71e22 ./Core/Src/LCD_driver.o
                              0x64fcc (size before relaxing)
 .debug_str     0x00071e22    0x69fe0 ./Core/Src/app_main.o
 .debug_str     0x00071e22    0x6a028 ./Core/Src/calculator_engine.o
 .debug_str     0x00071e22    0x64e24 ./Core/Src/keypad.o
 .debug_str     0x00071e22    0x6ae13 ./Core/Src/main.o
 .debug_str     0x00071e22    0x59c29 ./Core/Src/stm32f0xx_hal_msp.o
 .debug_str     0x00071e22    0x5a177 ./Core/Src/stm32f0xx_hal_timebase_tim.o
 .debug_str     0x00071e22    0x65229 ./Core/Src/stm32f0xx_it.o
 .debug_str     0x00071e22    0x59a4b ./Core/Src/system_stm32f0xx.o
 .debug_str     0x00071e22       0x81 ./Core/Startup/startup_stm32f030k6tx.o
 .debug_str     0x00071e22    0x59faa ./Drivers/STM32F0xx_HAL_Driver/Src/stm32f0xx_hal.o
 .debug_str     0x00071e22    0x59d9b ./Drivers/STM32F0xx_HAL_Driver/Src/stm32f0xx_hal_cortex.o
 .debug_str     0x00071e22    0x59bec ./Drivers/STM32F0xx_HAL_Driver/Src/stm32f0xx_hal_gpio.o
 .debug_str     0x00071e22    0x59e87 ./Drivers/STM32F0xx_HAL_Driver/Src/stm32f0xx_hal_rcc.o
 .debug_str     0x00071e22    0x5ae61 ./Drivers/STM32F0xx_HAL_Driver/Src/stm32f0xx_hal_tim.o
 .debug_str     0x00071e22    0x5a66d ./Drivers/STM32F0xx_HAL_Driver/Src/stm32f0xx_hal_tim_ex.o
 .debug_str     0x00071e22    0x662d1 ./Middlewares/FreeRTOS/ARM_CM0/port.o
 .debug_str     0x00071e22    0x6362b ./Middlewares/FreeRTOS/ARM_CM0/portasm.o
 .debug_str     0x00071e22    0x68596 ./Middlewares/FreeRTOS/MemMang/heap_4.o
 .debug_str     0x00071e22    0x66a4e ./Middlewares/FreeRTOS/Src/list.o
 .debug_str     0x00071e22    0x6923d ./Middlewares/FreeRTOS/Src/queue.o
 .debug_str     0x00071e22    0x6a311 ./Middlewares/FreeRTOS/Src/tasks.o
 .debug_str     0x00071e22    0x696b8 ./Middlewares/FreeRTOS/Src/timers.o

.comment        0x00000000       0x43
 .comment       0x00000000       0x43 ./Core/Src/LCD_driver.o
                                 0x44 (size before relaxing)
 .comment       0x00000043       0x44 ./Core/Src/app_main.o
 .comment       0x00000043       0x44 ./Core/Src/calculator_engine.o
 .comment       0x00000043       0x44 ./Core/Src/keypad.o
 .comment       0x00000043       0x44 ./Core/Src/main.o
 .comment       0x00000043       0x44 ./Core/Src/stm32f0xx_hal_msp.o
 .comment       0x00000043       0x44 ./Core/Src/stm32f0xx_hal_timebase_tim.o
 .comment       0x00000043       0x44 ./Core/Src/stm32f0xx_it.o
 .comment       0x00000043       0x44 ./Core/Src/system_stm32f0xx.o
 .comment       0x00000043       0x44 ./Drivers/STM32F0xx_HAL_Driver/Src/stm32f0xx_hal.o
 .comment       0x00000043       0x44 ./Drivers/STM32F0xx_HAL_Driver/Src/stm32f0xx_hal_cortex.o
 .comment       0x00000043       0x44 ./Drivers/STM32F0xx_HAL_Driver/Src/stm32f0xx_hal_gpio.o
 .comment       0x00000043       0x44 ./Drivers/STM32F0xx_HAL_Driver/Src/stm32f0xx_hal_rcc.o
 .comment       0x00000043       0x44 ./Drivers/STM32F0xx_HAL_Driver/Src/stm32f0xx_hal_tim.o
 .comment       0x00000043       0x44 ./Drivers/STM32F0xx_HAL_Driver/Src/stm32f0xx_hal_tim_ex.o
 .comment       0x00000043       0x44 ./Middlewares/FreeRTOS/ARM_CM0/port.o
 .comment       0x00000043       0x44 ./Middlewares/FreeRTOS/ARM_CM0/portasm.o
 .comment       0x00000043       0x44 ./Middlewares/FreeRTOS/MemMang/heap_4.o
 .comment       0x00000043       0x44 ./Middlewares/FreeRTOS/Src/list.o
 .comment       0x00000043       0x44 ./Middlewares/FreeRTOS/Src/queue.o
 .comment       0x00000043       0x44 ./Middlewares/FreeRTOS/Src/tasks.o
 .comment       0x00000043       0x44 ./Middlewares/FreeRTOS/Src/timers.o

.debug_frame    0x00000000     0x3958
 .debug_frame   0x00000000      0x168 ./Core/Src/LCD_driver.o
 .debug_frame   0x00000168       0x58 ./Core/Src/app_main.o
 .debug_frame   0x000001c0      0x11c ./Core/Src/calculator_engine.o
 .debug_frame   0x000002dc       0x50 ./Core/Src/keypad.o
 .debug_frame   0x0000032c      0x10c ./Core/Src/main.o
 .debug_frame   0x00000438       0x30 ./Core/Src/stm32f0xx_hal_msp.o
 .debug_frame   0x00000468       0x6c ./Core/Src/stm32f0xx_hal_timebase_tim.o
 .debug_frame   0x000004d4       0x64 ./Core/Src/stm32f0xx_it.o
 .debug_frame   0x00000538       0x4c ./Core/Src/system_stm32f0xx.o
 .debug_frame   0x00000584      0x2a4 ./Drivers/STM32F0xx_HAL_Driver/Src/stm32f0xx_hal.o
 .debug_frame   0x00000828      0x2a0 ./Drivers/STM32F0xx_HAL_Driver/Src/stm32f0xx_hal_cortex.o
 .debug_frame   0x00000ac8      0x110 ./Drivers/STM32F0xx_HAL_Driver/Src/stm32f0xx_hal_gpio.o
 .debug_frame   0x00000bd8      0x198 ./Drivers/STM32F0xx_HAL_Driver/Src/stm32f0xx_hal_rcc.o
 .debug_frame   0x00000d70      0xf00 ./Drivers/STM32F0xx_HAL_Driver/Src/stm32f0xx_hal_tim.o
 .debug_frame   0x00001c70      0x560 ./Drivers/STM32F0xx_HAL_Driver/Src/stm32f0xx_hal_tim_ex.o
 .debug_frame   0x000021d0      0x15c ./Middlewares/FreeRTOS/ARM_CM0/port.o
 .debug_frame   0x0000232c       0xa0 ./Middlewares/FreeRTOS/ARM_CM0/portasm.o
 .debug_frame   0x000023cc      0x140 ./Middlewares/FreeRTOS/MemMang/heap_4.o
 .debug_frame   0x0000250c       0xb0 ./Middlewares/FreeRTOS/Src/list.o
 .debug_frame   0x000025bc      0x3f8 ./Middlewares/FreeRTOS/Src/queue.o
 .debug_frame   0x000029b4      0x7e0 ./Middlewares/FreeRTOS/Src/tasks.o
 .debug_frame   0x00003194      0x384 ./Middlewares/FreeRTOS/Src/timers.o
 .debug_frame   0x00003518       0x20 D:/stm32_sys/STM32CubeIDE_1.19.0/STM32CubeIDE/plugins/com.st.stm32cube.ide.mcu.externaltools.gnu-tools-for-stm32.13.3.rel1.win32_1.0.0.202411081344/tools/bin/../lib/gcc/arm-none-eabi/13.3.1/../../../../arm-none-eabi/lib/thumb/v6-m/nofp\libc_nano.a(libc_a-memset.o)
 .debug_frame   0x00003538       0x28 D:/stm32_sys/STM32CubeIDE_1.19.0/STM32CubeIDE/plugins/com.st.stm32cube.ide.mcu.externaltools.gnu-tools-for-stm32.13.3.rel1.win32_1.0.0.202411081344/tools/bin/../lib/gcc/arm-none-eabi/13.3.1/../../../../arm-none-eabi/lib/thumb/v6-m/nofp\libc_nano.a(libc_a-strcat.o)
 .debug_frame   0x00003560       0x20 D:/stm32_sys/STM32CubeIDE_1.19.0/STM32CubeIDE/plugins/com.st.stm32cube.ide.mcu.externaltools.gnu-tools-for-stm32.13.3.rel1.win32_1.0.0.202411081344/tools/bin/../lib/gcc/arm-none-eabi/13.3.1/../../../../arm-none-eabi/lib/thumb/v6-m/nofp\libc_nano.a(libc_a-strchr.o)
 .debug_frame   0x00003580       0x2c D:/stm32_sys/STM32CubeIDE_1.19.0/STM32CubeIDE/plugins/com.st.stm32cube.ide.mcu.externaltools.gnu-tools-for-stm32.13.3.rel1.win32_1.0.0.202411081344/tools/bin/../lib/gcc/arm-none-eabi/13.3.1/../../../../arm-none-eabi/lib/thumb/v6-m/nofp\libc_nano.a(libc_a-strncpy.o)
 .debug_frame   0x000035ac       0x2c D:/stm32_sys/STM32CubeIDE_1.19.0/STM32CubeIDE/plugins/com.st.stm32cube.ide.mcu.externaltools.gnu-tools-for-stm32.13.3.rel1.win32_1.0.0.202411081344/tools/bin/../lib/gcc/arm-none-eabi/13.3.1/../../../../arm-none-eabi/lib/thumb/v6-m/nofp\libc_nano.a(libc_a-init.o)
 .debug_frame   0x000035d8       0x20 D:/stm32_sys/STM32CubeIDE_1.19.0/STM32CubeIDE/plugins/com.st.stm32cube.ide.mcu.externaltools.gnu-tools-for-stm32.13.3.rel1.win32_1.0.0.202411081344/tools/bin/../lib/gcc/arm-none-eabi/13.3.1/../../../../arm-none-eabi/lib/thumb/v6-m/nofp\libc_nano.a(libc_a-strcpy.o)
 .debug_frame   0x000035f8       0x28 D:/stm32_sys/STM32CubeIDE_1.19.0/STM32CubeIDE/plugins/com.st.stm32cube.ide.mcu.externaltools.gnu-tools-for-stm32.13.3.rel1.win32_1.0.0.202411081344/tools/bin/../lib/gcc/arm-none-eabi/13.3.1/../../../../arm-none-eabi/lib/thumb/v6-m/nofp\libc_nano.a(libc_a-memcpy-stub.o)
 .debug_frame   0x00003620       0x20 D:/stm32_sys/STM32CubeIDE_1.19.0/STM32CubeIDE/plugins/com.st.stm32cube.ide.mcu.externaltools.gnu-tools-for-stm32.13.3.rel1.win32_1.0.0.202411081344/tools/bin/../lib/gcc/arm-none-eabi/13.3.1/thumb/v6-m/nofp\libgcc.a(_udivsi3.o)
 .debug_frame   0x00003640       0x20 D:/stm32_sys/STM32CubeIDE_1.19.0/STM32CubeIDE/plugins/com.st.stm32cube.ide.mcu.externaltools.gnu-tools-for-stm32.13.3.rel1.win32_1.0.0.202411081344/tools/bin/../lib/gcc/arm-none-eabi/13.3.1/thumb/v6-m/nofp\libgcc.a(_divsi3.o)
 .debug_frame   0x00003660       0x38 D:/stm32_sys/STM32CubeIDE_1.19.0/STM32CubeIDE/plugins/com.st.stm32cube.ide.mcu.externaltools.gnu-tools-for-stm32.13.3.rel1.win32_1.0.0.202411081344/tools/bin/../lib/gcc/arm-none-eabi/13.3.1/thumb/v6-m/nofp\libgcc.a(addsf3.o)
 .debug_frame   0x00003698       0x38 D:/stm32_sys/STM32CubeIDE_1.19.0/STM32CubeIDE/plugins/com.st.stm32cube.ide.mcu.externaltools.gnu-tools-for-stm32.13.3.rel1.win32_1.0.0.202411081344/tools/bin/../lib/gcc/arm-none-eabi/13.3.1/thumb/v6-m/nofp\libgcc.a(divsf3.o)
 .debug_frame   0x000036d0       0x2c D:/stm32_sys/STM32CubeIDE_1.19.0/STM32CubeIDE/plugins/com.st.stm32cube.ide.mcu.externaltools.gnu-tools-for-stm32.13.3.rel1.win32_1.0.0.202411081344/tools/bin/../lib/gcc/arm-none-eabi/13.3.1/thumb/v6-m/nofp\libgcc.a(eqsf2.o)
 .debug_frame   0x000036fc       0x2c D:/stm32_sys/STM32CubeIDE_1.19.0/STM32CubeIDE/plugins/com.st.stm32cube.ide.mcu.externaltools.gnu-tools-for-stm32.13.3.rel1.win32_1.0.0.202411081344/tools/bin/../lib/gcc/arm-none-eabi/13.3.1/thumb/v6-m/nofp\libgcc.a(gesf2.o)
 .debug_frame   0x00003728       0x2c D:/stm32_sys/STM32CubeIDE_1.19.0/STM32CubeIDE/plugins/com.st.stm32cube.ide.mcu.externaltools.gnu-tools-for-stm32.13.3.rel1.win32_1.0.0.202411081344/tools/bin/../lib/gcc/arm-none-eabi/13.3.1/thumb/v6-m/nofp\libgcc.a(lesf2.o)
 .debug_frame   0x00003754       0x38 D:/stm32_sys/STM32CubeIDE_1.19.0/STM32CubeIDE/plugins/com.st.stm32cube.ide.mcu.externaltools.gnu-tools-for-stm32.13.3.rel1.win32_1.0.0.202411081344/tools/bin/../lib/gcc/arm-none-eabi/13.3.1/thumb/v6-m/nofp\libgcc.a(mulsf3.o)
 .debug_frame   0x0000378c       0x38 D:/stm32_sys/STM32CubeIDE_1.19.0/STM32CubeIDE/plugins/com.st.stm32cube.ide.mcu.externaltools.gnu-tools-for-stm32.13.3.rel1.win32_1.0.0.202411081344/tools/bin/../lib/gcc/arm-none-eabi/13.3.1/thumb/v6-m/nofp\libgcc.a(subsf3.o)
 .debug_frame   0x000037c4       0x20 D:/stm32_sys/STM32CubeIDE_1.19.0/STM32CubeIDE/plugins/com.st.stm32cube.ide.mcu.externaltools.gnu-tools-for-stm32.13.3.rel1.win32_1.0.0.202411081344/tools/bin/../lib/gcc/arm-none-eabi/13.3.1/thumb/v6-m/nofp\libgcc.a(fixsfsi.o)
 .debug_frame   0x000037e4       0x2c D:/stm32_sys/STM32CubeIDE_1.19.0/STM32CubeIDE/plugins/com.st.stm32cube.ide.mcu.externaltools.gnu-tools-for-stm32.13.3.rel1.win32_1.0.0.202411081344/tools/bin/../lib/gcc/arm-none-eabi/13.3.1/thumb/v6-m/nofp\libgcc.a(floatsisf.o)
 .debug_frame   0x00003810       0x38 D:/stm32_sys/STM32CubeIDE_1.19.0/STM32CubeIDE/plugins/com.st.stm32cube.ide.mcu.externaltools.gnu-tools-for-stm32.13.3.rel1.win32_1.0.0.202411081344/tools/bin/../lib/gcc/arm-none-eabi/13.3.1/thumb/v6-m/nofp\libgcc.a(eqdf2.o)
 .debug_frame   0x00003848       0x3c D:/stm32_sys/STM32CubeIDE_1.19.0/STM32CubeIDE/plugins/com.st.stm32cube.ide.mcu.externaltools.gnu-tools-for-stm32.13.3.rel1.win32_1.0.0.202411081344/tools/bin/../lib/gcc/arm-none-eabi/13.3.1/thumb/v6-m/nofp\libgcc.a(gedf2.o)
 .debug_frame   0x00003884       0x3c D:/stm32_sys/STM32CubeIDE_1.19.0/STM32CubeIDE/plugins/com.st.stm32cube.ide.mcu.externaltools.gnu-tools-for-stm32.13.3.rel1.win32_1.0.0.202411081344/tools/bin/../lib/gcc/arm-none-eabi/13.3.1/thumb/v6-m/nofp\libgcc.a(ledf2.o)
 .debug_frame   0x000038c0       0x3c D:/stm32_sys/STM32CubeIDE_1.19.0/STM32CubeIDE/plugins/com.st.stm32cube.ide.mcu.externaltools.gnu-tools-for-stm32.13.3.rel1.win32_1.0.0.202411081344/tools/bin/../lib/gcc/arm-none-eabi/13.3.1/thumb/v6-m/nofp\libgcc.a(muldf3.o)
 .debug_frame   0x000038fc       0x2c D:/stm32_sys/STM32CubeIDE_1.19.0/STM32CubeIDE/plugins/com.st.stm32cube.ide.mcu.externaltools.gnu-tools-for-stm32.13.3.rel1.win32_1.0.0.202411081344/tools/bin/../lib/gcc/arm-none-eabi/13.3.1/thumb/v6-m/nofp\libgcc.a(extendsfdf2.o)
 .debug_frame   0x00003928       0x30 D:/stm32_sys/STM32CubeIDE_1.19.0/STM32CubeIDE/plugins/com.st.stm32cube.ide.mcu.externaltools.gnu-tools-for-stm32.13.3.rel1.win32_1.0.0.202411081344/tools/bin/../lib/gcc/arm-none-eabi/13.3.1/thumb/v6-m/nofp\libgcc.a(truncdfsf2.o)

.debug_line_str
                0x00000000       0x65
 .debug_line_str
                0x00000000       0x65 ./Core/Startup/startup_stm32f030k6tx.o