Archive member included to satisfy reference by file (symbol)

D:/stm32_sys/STM32CubeIDE_1.19.0/STM32CubeIDE/plugins/com.st.stm32cube.ide.mcu.externaltools.gnu-tools-for-stm32.13.3.rel1.win32_1.0.0.202411081344/tools/bin/../lib/gcc/arm-none-eabi/13.3.1/../../../../arm-none-eabi/lib/thumb/v6-m/nofp\libc_nano.a(libc_a-exit.o)
                              D:/stm32_sys/STM32CubeIDE_1.19.0/STM32CubeIDE/plugins/com.st.stm32cube.ide.mcu.externaltools.gnu-tools-for-stm32.13.3.rel1.win32_1.0.0.202411081344/tools/bin/../lib/gcc/arm-none-eabi/13.3.1/../../../../arm-none-eabi/lib/thumb/v6-m/nofp/crt0.o (exit)
D:/stm32_sys/STM32CubeIDE_1.19.0/STM32CubeIDE/plugins/com.st.stm32cube.ide.mcu.externaltools.gnu-tools-for-stm32.13.3.rel1.win32_1.0.0.202411081344/tools/bin/../lib/gcc/arm-none-eabi/13.3.1/../../../../arm-none-eabi/lib/thumb/v6-m/nofp\libc_nano.a(libc_a-ctype_.o)
                              ./Core/Src/main.o (_ctype_)
D:/stm32_sys/STM32CubeIDE_1.19.0/STM32CubeIDE/plugins/com.st.stm32cube.ide.mcu.externaltools.gnu-tools-for-stm32.13.3.rel1.win32_1.0.0.202411081344/tools/bin/../lib/gcc/arm-none-eabi/13.3.1/../../../../arm-none-eabi/lib/thumb/v6-m/nofp\libc_nano.a(libc_a-findfp.o)
                              D:/stm32_sys/STM32CubeIDE_1.19.0/STM32CubeIDE/plugins/com.st.stm32cube.ide.mcu.externaltools.gnu-tools-for-stm32.13.3.rel1.win32_1.0.0.202411081344/tools/bin/../lib/gcc/arm-none-eabi/13.3.1/../../../../arm-none-eabi/lib/thumb/v6-m/nofp\libc_nano.a(libc_a-exit.o) (__stdio_exit_handler)
D:/stm32_sys/STM32CubeIDE_1.19.0/STM32CubeIDE/plugins/com.st.stm32cube.ide.mcu.externaltools.gnu-tools-for-stm32.13.3.rel1.win32_1.0.0.202411081344/tools/bin/../lib/gcc/arm-none-eabi/13.3.1/../../../../arm-none-eabi/lib/thumb/v6-m/nofp\libc_nano.a(libc_a-fwalk.o)
                              D:/stm32_sys/STM32CubeIDE_1.19.0/STM32CubeIDE/plugins/com.st.stm32cube.ide.mcu.externaltools.gnu-tools-for-stm32.13.3.rel1.win32_1.0.0.202411081344/tools/bin/../lib/gcc/arm-none-eabi/13.3.1/../../../../arm-none-eabi/lib/thumb/v6-m/nofp\libc_nano.a(libc_a-findfp.o) (_fwalk_sglue)
D:/stm32_sys/STM32CubeIDE_1.19.0/STM32CubeIDE/plugins/com.st.stm32cube.ide.mcu.externaltools.gnu-tools-for-stm32.13.3.rel1.win32_1.0.0.202411081344/tools/bin/../lib/gcc/arm-none-eabi/13.3.1/../../../../arm-none-eabi/lib/thumb/v6-m/nofp\libc_nano.a(libc_a-stdio.o)
                              D:/stm32_sys/STM32CubeIDE_1.19.0/STM32CubeIDE/plugins/com.st.stm32cube.ide.mcu.externaltools.gnu-tools-for-stm32.13.3.rel1.win32_1.0.0.202411081344/tools/bin/../lib/gcc/arm-none-eabi/13.3.1/../../../../arm-none-eabi/lib/thumb/v6-m/nofp\libc_nano.a(libc_a-findfp.o) (__sread)
D:/stm32_sys/STM32CubeIDE_1.19.0/STM32CubeIDE/plugins/com.st.stm32cube.ide.mcu.externaltools.gnu-tools-for-stm32.13.3.rel1.win32_1.0.0.202411081344/tools/bin/../lib/gcc/arm-none-eabi/13.3.1/../../../../arm-none-eabi/lib/thumb/v6-m/nofp\libc_nano.a(libc_a-memset.o)
                              D:/stm32_sys/STM32CubeIDE_1.19.0/STM32CubeIDE/plugins/com.st.stm32cube.ide.mcu.externaltools.gnu-tools-for-stm32.13.3.rel1.win32_1.0.0.202411081344/tools/bin/../lib/gcc/arm-none-eabi/13.3.1/../../../../arm-none-eabi/lib/thumb/v6-m/nofp/crt0.o (memset)
D:/stm32_sys/STM32CubeIDE_1.19.0/STM32CubeIDE/plugins/com.st.stm32cube.ide.mcu.externaltools.gnu-tools-for-stm32.13.3.rel1.win32_1.0.0.202411081344/tools/bin/../lib/gcc/arm-none-eabi/13.3.1/../../../../arm-none-eabi/lib/thumb/v6-m/nofp\libc_nano.a(libc_a-strcat.o)
                              ./Core/Src/main.o (strcat)
D:/stm32_sys/STM32CubeIDE_1.19.0/STM32CubeIDE/plugins/com.st.stm32cube.ide.mcu.externaltools.gnu-tools-for-stm32.13.3.rel1.win32_1.0.0.202411081344/tools/bin/../lib/gcc/arm-none-eabi/13.3.1/../../../../arm-none-eabi/lib/thumb/v6-m/nofp\libc_nano.a(libc_a-strchr.o)
                              ./Core/Src/main.o (strchr)
D:/stm32_sys/STM32CubeIDE_1.19.0/STM32CubeIDE/plugins/com.st.stm32cube.ide.mcu.externaltools.gnu-tools-for-stm32.13.3.rel1.win32_1.0.0.202411081344/tools/bin/../lib/gcc/arm-none-eabi/13.3.1/../../../../arm-none-eabi/lib/thumb/v6-m/nofp\libc_nano.a(libc_a-strncpy.o)
                              ./Core/Src/main.o (strncpy)
D:/stm32_sys/STM32CubeIDE_1.19.0/STM32CubeIDE/plugins/com.st.stm32cube.ide.mcu.externaltools.gnu-tools-for-stm32.13.3.rel1.win32_1.0.0.202411081344/tools/bin/../lib/gcc/arm-none-eabi/13.3.1/../../../../arm-none-eabi/lib/thumb/v6-m/nofp\libc_nano.a(libc_a-closer.o)
                              D:/stm32_sys/STM32CubeIDE_1.19.0/STM32CubeIDE/plugins/com.st.stm32cube.ide.mcu.externaltools.gnu-tools-for-stm32.13.3.rel1.win32_1.0.0.202411081344/tools/bin/../lib/gcc/arm-none-eabi/13.3.1/../../../../arm-none-eabi/lib/thumb/v6-m/nofp\libc_nano.a(libc_a-stdio.o) (_close_r)
[...]
Memory Configuration

Name             Origin             Length             Attributes
RAM              0x20000000         0x00001000         xrw
FLASH            0x08000000         0x00008000         xr
*default*        0x00000000         0xffffffff

Linker script and memory map

LOAD D:/stm32_sys/STM32CubeIDE_1.19.0/STM32CubeIDE/plugins/com.st.stm32cube.ide.mcu.externaltools.gnu-tools-for-stm32.13.3.rel1.win32_1.0.0.202411081344/tools/bin/../lib/gcc/arm-none-eabi/13.3.1/thumb/v6-m/nofp/crti.o
LOAD D:/stm32_sys/STM32CubeIDE_1.19.0/STM32CubeIDE/plugins/com.st.stm32cube.ide.mcu.externaltools.gnu-tools-for-stm32.13.3.rel1.win32_1.0.0.202411081344/tools/bin/../lib/gcc/arm-none-eabi/13.3.1/thumb/v6-m/nofp/crtbegin.o
LOAD D:/stm32_sys/STM32CubeIDE_1.19.0/STM32CubeIDE/plugins/com.st.stm32cube.ide.mcu.externaltools.gnu-tools-for-stm32.13.3.rel1.win32_1.0.0.202411081344/tools/bin/../lib/gcc/arm-none-eabi/13.3.1/../../../../arm-none-eabi/lib/thumb/v6-m/nofp/crt0.o
LOAD ./Core/Src/croutine.o
LOAD ./Core/Src/event_groups.o
LOAD ./Core/Src/heap_4.o
LOAD ./Core/Src/list.o
LOAD ./Core/Src/main.o
LOAD ./Core/Src/port.o
LOAD ./Core/Src/portasm.o
LOAD ./Core/Src/queue.o
LOAD ./Core/Src/stm32f0xx_hal_msp.o
LOAD ./Core/Src/stm32f0xx_hal_timebase_tim.o
LOAD ./Core/Src/stm32f0xx_it.o
LOAD ./Core/Src/stream_buffer.o
LOAD ./Core/Src/syscalls.o
LOAD ./Core/Src/sysmem.o
LOAD ./Core/Src/system_stm32f0xx.o
LOAD ./Core/Src/tasks.o
LOAD ./Core/Src/timers.o
LOAD ./Core/Startup/startup_stm32f030k6tx.o
LOAD ./Drivers/STM32F0xx_HAL_Driver/Src/stm32f0xx_hal.o
LOAD ./Drivers/STM32F0xx_HAL_Driver/Src/stm32f0xx_hal_cortex.o
LOAD ./Drivers/STM32F0xx_HAL_Driver/Src/stm32f0xx_hal_dma.o
LOAD ./Drivers/STM32F0xx_HAL_Driver/Src/stm32f0xx_hal_exti.o
LOAD ./Drivers/STM32F0xx_HAL_Driver/Src/stm32f0xx_hal_flash.o
LOAD ./Drivers/STM32F0xx_HAL_Driver/Src/stm32f0xx_hal_flash_ex.o
LOAD ./Drivers/STM32F0xx_HAL_Driver/Src/stm32f0xx_hal_gpio.o
LOAD ./Drivers/STM32F0xx_HAL_Driver/Src/stm32f0xx_hal_i2c.o
LOAD ./Drivers/STM32F0xx_HAL_Driver/Src/stm32f0xx_hal_i2c_ex.o
LOAD ./Drivers/STM32F0xx_HAL_Driver/Src/stm32f0xx_hal_pwr.o
LOAD ./Drivers/STM32F0xx_HAL_Driver/Src/stm32f0xx_hal_pwr_ex.o
LOAD ./Drivers/STM32F0xx_HAL_Driver/Src/stm32f0xx_hal_rcc.o
LOAD ./Drivers/STM32F0xx_HAL_Driver/Src/stm32f0xx_hal_rcc_ex.o
LOAD ./Drivers/STM32F0xx_HAL_Driver/Src/stm32f0xx_hal_tim.o
LOAD ./Drivers/STM32F0xx_HAL_Driver/Src/stm32f0xx_hal_tim_ex.o
START GROUP
LOAD D:/stm32_sys/STM32CubeIDE_1.19.0/STM32CubeIDE/plugins/com.st.stm32cube.ide.mcu.externaltools.gnu-tools-for-stm32.13.3.rel1.win32_1.0.0.202411081344/tools/bin/../lib/gcc/arm-none-eabi/13.3.1/../../../../arm-none-eabi/lib/thumb/v6-m/nofp\libc_nano.a
LOAD D:/stm32_sys/STM32CubeIDE_1.19.0/STM32CubeIDE/plugins/com.st.stm32cube.ide.mcu.externaltools.gnu-tools-for-stm32.13.3.rel1.win32_1.0.0.202411081344/tools/bin/../lib/gcc/arm-none-eabi/13.3.1/../../../../arm-none-eabi/lib/thumb/v6-m/nofp\libm.a
END GROUP
START GROUP
LOAD D:/stm32_sys/STM32CubeIDE_1.19.0/STM32CubeIDE/plugins/com.st.stm32cube.ide.mcu.externaltools.gnu-tools-for-stm32.13.3.rel1.win32_1.0.0.202411081344/tools/bin/../lib/gcc/arm-none-eabi/13.3.1/thumb/v6-m/nofp\libgcc.a
LOAD D:/stm32_sys/STM32CubeIDE_1.19.0/STM32CubeIDE/plugins/com.st.stm32cube.ide.mcu.externaltools.gnu-tools-for-stm32.13.3.rel1.win32_1.0.0.202411081344/tools/bin/../lib/gcc/arm-none-eabi/13.3.1/../../../../arm-none-eabi/lib/thumb/v6-m/nofp\libc_nano.a
END GROUP
START GROUP
LOAD D:/stm32_sys/STM32CubeIDE_1.19.0/STM32CubeIDE/plugins/com.st.stm32cube.ide.mcu.externaltools.gnu-tools-for-stm32.13.3.rel1.win32_1.0.0.202411081344/tools/bin/../lib/gcc/arm-none-eabi/13.3.1/thumb/v6-m/nofp\libgcc.a
LOAD D:/stm32_sys/STM32CubeIDE_1.19.0/STM32CubeIDE/plugins/com.st.stm32cube.ide.mcu.externaltools.gnu-tools-for-stm32.13.3.rel1.win32_1.0.0.202411081344/tools/bin/../lib/gcc/arm-none-eabi/13.3.1/../../../../arm-none-eabi/lib/thumb/v6-m/nofp\libc_nano.a
LOAD D:/stm32_sys/STM32CubeIDE_1.19.0/STM32CubeIDE/plugins/com.st.stm32cube.ide.mcu.externaltools.gnu-tools-for-stm32.13.3.rel1.win32_1.0.0.202411081344/tools/bin/../lib/gcc/arm-none-eabi/13.3.1/../../../../arm-none-eabi/lib/thumb/v6-m/nofp\libnosys.a
END GROUP
START GROUP
LOAD D:/stm32_sys/STM32CubeIDE_1.19.0/STM32CubeIDE/plugins/com.st.stm32cube.ide.mcu.externaltools.gnu-tools-for-stm32.13.3.rel1.win32_1.0.0.202411081344/tools/bin/../lib/gcc/arm-none-eabi/13.3.1/thumb/v6-m/nofp\libgcc.a
LOAD D:/stm32_sys/STM32CubeIDE_1.19.0/STM32CubeIDE/plugins/com.st.stm32cube.ide.mcu.externaltools.gnu-tools-for-stm32.13.3.rel1.win32_1.0.0.202411081344/tools/bin/../lib/gcc/arm-none-eabi/13.3.1/../../../../arm-none-eabi/lib/thumb/v6-m/nofp\libc_nano.a
LOAD D:/stm32_sys/STM32CubeIDE_1.19.0/STM32CubeIDE/plugins/com.st.stm32cube.ide.mcu.externaltools.gnu-tools-for-stm32.13.3.rel1.win32_1.0.0.202411081344/tools/bin/../lib/gcc/arm-none-eabi/13.3.1/../../../../arm-none-eabi/lib/thumb/v6-m/nofp\libnosys.a
END GROUP
LOAD D:/stm32_sys/STM32CubeIDE_1.19.0/STM32CubeIDE/plugins/com.st.stm32cube.ide.mcu.externaltools.gnu-tools-for-stm32.13.3.rel1.win32_1.0.0.202411081344/tools/bin/../lib/gcc/arm-none-eabi/13.3.1/thumb/v6-m/nofp/crtend.o
LOAD D:/stm32_sys/STM32CubeIDE_1.19.0/STM32CubeIDE/plugins/com.st.stm32cube.ide.mcu.externaltools.gnu-tools-for-stm32.13.3.rel1.win32_1.0.0.202411081344/tools/bin/../lib/gcc/arm-none-eabi/13.3.1/thumb/v6-m/nofp/crtn.o
                0x20001000                        _estack = (ORIGIN (RAM) + LENGTH (RAM))
                0x00000200                        _Min_Heap_Size = 0x200
                0x00000400                        _Min_Stack_Size = 0x400

.isr_vector     0x08000000       0xc0
                0x08000000                        . = ALIGN (0x4)
 *(.isr_vector)
 .isr_vector    0x08000000       0xc0 ./Core/Startup/startup_stm32f030k6tx.o
                0x08000000                g_pfnVectors
                0x080000c0                        . = ALIGN (0x4)

.text           0x080000c0     0x672c
                0x080000c0                        . = ALIGN (0x4)
 *(.text)
 .text          0x080000c0       0x48 D:/stm32_sys/STM32CubeIDE_1.19.0/STM32CubeIDE/plugins/com.st.stm32cube.ide.mcu.externaltools.gnu-tools-for-stm32.13.3.rel1.win32_1.0.0.202411081344/tools/bin/../lib/gcc/arm-none-eabi/13.3.1/thumb/v6-m/nofp/crtbegin.o
 .text          0x08000108        0xe D:/stm32_sys/STM32CubeIDE_1.19.0/STM32CubeIDE/plugins/com.st.stm32cube.ide.mcu.externaltools.gnu-tools-for-stm32.13.3.rel1.win32_1.0.0.202411081344/tools/bin/../lib/gcc/arm-none-eabi/13.3.1/../../../../arm-none-eabi/lib/thumb/v6-m/nofp\libc_nano.a(libc_a-strlen.o)
                0x08000108                strlen
 *fill*         0x08000116        0x2 
 .text          0x08000118      0x114 D:/stm32_sys/STM32CubeIDE_1.19.0/STM32CubeIDE/plugins/com.st.stm32cube.ide.mcu.externaltools.gnu-tools-for-stm32.13.3.rel1.win32_1.0.0.202411081344/tools/bin/../lib/gcc/arm-none-eabi/13.3.1/thumb/v6-m/nofp\libgcc.a(_udivsi3.o)
                0x08000118                __aeabi_uidiv
                0x08000118                __udivsi3
                0x08000224                __aeabi_uidivmod
 .text          0x0800022c      0x1d4 D:/stm32_sys/STM32CubeIDE_1.19.0/STM32CubeIDE/plugins/com.st.stm32cube.ide.mcu.externaltools.gnu-tools-for-stm32.13.3.rel1.win32_1.0.0.202411081344/tools/bin/../lib/gcc/arm-none-eabi/13.3.1/thumb/v6-m/nofp\libgcc.a(_divsi3.o)
                0x0800022c                __divsi3
                0x0800022c                __aeabi_idiv
                0x080003f8                __aeabi_idivmod
 .text          0x08000400        0x4 D:/stm32_sys/STM32CubeIDE_1.19.0/STM32CubeIDE/plugins/com.st.stm32cube.ide.mcu.externaltools.gnu-tools-for-stm32.13.3.rel1.win32_1.0.0.202411081344/tools/bin/../lib/gcc/arm-none-eabi/13.3.1/thumb/v6-m/nofp\libgcc.a(_dvmd_tls.o)
                0x08000400                __aeabi_idiv0
                0x08000400                __aeabi_ldiv0
 .text          0x08000404       0x7c D:/stm32_sys/STM32CubeIDE_1.19.0/STM32CubeIDE/plugins/com.st.stm32cube.ide.mcu.externaltools.gnu-tools-for-stm32.13.3.rel1.win32_1.0.0.202411081344/tools/bin/../lib/gcc/arm-none-eabi/13.3.1/thumb/v6-m/nofp\libgcc.a(_arm_cmpdf2.o)
                0x08000404                __aeabi_cdrcmple
                0x08000414                __aeabi_cdcmple
                0x08000414                __aeabi_cdcmpeq
                0x08000424                __aeabi_dcmpeq
                0x08000430                __aeabi_dcmplt
                0x08000444                __aeabi_dcmple
                0x08000458                __aeabi_dcmpgt
                0x0800046c                __aeabi_dcmpge
 .text          0x08000480       0x74 D:/stm32_sys/STM32CubeIDE_1.19.0/STM32CubeIDE/plugins/com.st.stm32cube.ide.mcu.externaltools.gnu-tools-for-stm32.13.3.rel1.win32_1.0.0.202411081344/tools/bin/../lib/gcc/arm-none-eabi/13.3.1/thumb/v6-m/nofp\libgcc.a(_arm_cmpsf2.o)
                0x08000480                __aeabi_cfrcmple
                0x08000488                __aeabi_cfcmpeq
                0x08000488                __aeabi_cfcmple
                0x08000498                __aeabi_fcmpeq
                0x080004a4                __aeabi_fcmplt
                0x080004b8                __aeabi_fcmple
                0x080004cc                __aeabi_fcmpgt
                0x080004e0                __aeabi_fcmpge
 .text          0x080004f4      0x3e4 D:/stm32_sys/STM32CubeIDE_1.19.0/STM32CubeIDE/plugins/com.st.stm32cube.ide.mcu.externaltools.gnu-tools-for-stm32.13.3.rel1.win32_1.0.0.202411081344/tools/bin/../lib/gcc/arm-none-eabi/13.3.1/thumb/v6-m/nofp\libgcc.a(addsf3.o)
                0x080004f4                __aeabi_fadd
 .text          0x080008d8      0x22c D:/stm32_sys/STM32CubeIDE_1.19.0/STM32CubeIDE/plugins/com.st.stm32cube.ide.mcu.externaltools.gnu-tools-for-stm32.13.3.rel1.win32_1.0.0.202411081344/tools/bin/../lib/gcc/arm-none-eabi/13.3.1/thumb/v6-m/nofp\libgcc.a(divsf3.o)
                0x080008d8                __aeabi_fdiv
 .text          0x08000b04       0x50 D:/stm32_sys/STM32CubeIDE_1.19.0/STM32CubeIDE/plugins/com.st.stm32cube.ide.mcu.externaltools.gnu-tools-for-stm32.13.3.rel1.win32_1.0.0.202411081344/tools/bin/../lib/gcc/arm-none-eabi/13.3.1/thumb/v6-m/nofp\libgcc.a(eqsf2.o)
                0x08000b04                __eqsf2
                0x08000b04                __nesf2
 .text          0x08000b54       0x90 D:/stm32_sys/STM32CubeIDE_1.19.0/STM32CubeIDE/plugins/com.st.stm32cube.ide.mcu.externaltools.gnu-tools-for-stm32.13.3.rel1.win32_1.0.0.202411081344/tools/bin/../lib/gcc/arm-none-eabi/13.3.1/thumb/v6-m/nofp\libgcc.a(gesf2.o)
                0x08000b54                __gesf2
                0x08000b54                __gtsf2
 .text          0x08000be4       0x90 D:/stm32_sys/STM32CubeIDE_1.19.0/STM32CubeIDE/plugins/com.st.stm32cube.ide.mcu.externaltools.gnu-tools-for-stm32.13.3.rel1.win32_1.0.0.202411081344/tools/bin/../lib/gcc/arm-none-eabi/13.3.1/thumb/v6-m/nofp\libgcc.a(lesf2.o)
                0x08000be4                __ltsf2
                0x08000be4                __lesf2
 .text          0x08000c74      0x2b4 D:/stm32_sys/STM32CubeIDE_1.19.0/STM32CubeIDE/plugins/com.st.stm32cube.ide.mcu.externaltools.gnu-tools-for-stm32.13.3.rel1.win32_1.0.0.202411081344/tools/bin/../lib/gcc/arm-none-eabi/13.3.1/thumb/v6-m/nofp\libgcc.a(mulsf3.o)
                0x08000c74                __aeabi_fmul
 .text          0x08000f28      0x4c8 D:/stm32_sys/STM32CubeIDE_1.19.0/STM32CubeIDE/plugins/com.st.stm32cube.ide.mcu.externaltools.gnu-tools-for-stm32.13.3.rel1.win32_1.0.0.202411081344/tools/bin/../lib/gcc/arm-none-eabi/13.3.1/thumb/v6-m/nofp\libgcc.a(subsf3.o)
                0x08000f28                __aeabi_fsub
 .text          0x080013f0       0x40 D:/stm32_sys/STM32CubeIDE_1.19.0/STM32CubeIDE/plugins/com.st.stm32cube.ide.mcu.externaltools.gnu-tools-for-stm32.13.3.rel1.win32_1.0.0.202411081344/tools/bin/../lib/gcc/arm-none-eabi/13.3.1/thumb/v6-m/nofp\libgcc.a(fixsfsi.o)
                0x080013f0                __aeabi_f2iz
 .text          0x08001430       0xa0 D:/stm32_sys/STM32CubeIDE_1.19.0/STM32CubeIDE/plugins/com.st.stm32cube.ide.mcu.externaltools.gnu-tools-for-stm32.13.3.rel1.win32_1.0.0.202411081344/tools/bin/../lib/gcc/arm-none-eabi/13.3.1/thumb/v6-m/nofp\libgcc.a(floatsisf.o)
                0x08001430                __aeabi_i2f
 .text          0x080014d0       0x88 D:/stm32_sys/STM32CubeIDE_1.19.0/STM32CubeIDE/plugins/com.st.stm32cube.ide.mcu.externaltools.gnu-tools-for-stm32.13.3.rel1.win32_1.0.0.202411081344/tools/bin/../lib/gcc/arm-none-eabi/13.3.1/thumb/v6-m/nofp\libgcc.a(eqdf2.o)
                0x080014d0                __nedf2
                0x080014d0                __eqdf2
 .text          0x08001558       0xe0 D:/stm32_sys/STM32CubeIDE_1.19.0/STM32CubeIDE/plugins/com.st.stm32cube.ide.mcu.externaltools.gnu-tools-for-stm32.13.3.rel1.win32_1.0.0.202411081344/tools/bin/../lib/gcc/arm-none-eabi/13.3.1/thumb/v6-m/nofp\libgcc.a(gedf2.o)
                0x08001558                __gedf2
                0x08001558                __gtdf2
 .text          0x08001638       0xdc D:/stm32_sys/STM32CubeIDE_1.19.0/STM32CubeIDE/plugins/com.st.stm32cube.ide.mcu.externaltools.gnu-tools-for-stm32.13.3.rel1.win32_1.0.0.202411081344/tools/bin/../lib/gcc/arm-none-eabi/13.3.1/thumb/v6-m/nofp\libgcc.a(ledf2.o)
                0x08001638                __ledf2
                0x08001638                __ltdf2
 .text          0x08001714      0x5cc D:/stm32_sys/STM32CubeIDE_1.19.0/STM32CubeIDE/plugins/com.st.stm32cube.ide.mcu.externaltools.gnu-tools-for-stm32.13.3.rel1.win32_1.0.0.202411081344/tools/bin/../lib/gcc/arm-none-eabi/13.3.1/thumb/v6-m/nofp\libgcc.a(muldf3.o)
                0x08001714                __aeabi_dmul
 .text          0x08001ce0       0x90 D:/stm32_sys/STM32CubeIDE_1.19.0/STM32CubeIDE/plugins/com.st.stm32cube.ide.mcu.externaltools.gnu-tools-for-stm32.13.3.rel1.win32_1.0.0.202411081344/tools/bin/../lib/gcc/arm-none-eabi/13.3.1/thumb/v6-m/nofp\libgcc.a(extendsfdf2.o)
                0x08001ce0                __aeabi_f2d
 .text          0x08001d70      0x104 D:/stm32_sys/STM32CubeIDE_1.19.0/STM32CubeIDE/plugins/com.st.stm32cube.ide.mcu.externaltools.gnu-tools-for-stm32.13.3.rel1.win32_1.0.0.202411081344/tools/bin/../lib/gcc/arm-none-eabi/13.3.1/thumb/v6-m/nofp\libgcc.a(truncdfsf2.o)
                0x08001d70                __aeabi_d2f
 .text          0x08001e74       0x3c D:/stm32_sys/STM32CubeIDE_1.19.0/STM32CubeIDE/plugins/com.st.stm32cube.ide.mcu.externaltools.gnu-tools-for-stm32.13.3.rel1.win32_1.0.0.202411081344/tools/bin/../lib/gcc/arm-none-eabi/13.3.1/thumb/v6-m/nofp\libgcc.a(_clzsi2.o)
                0x08001e74                __clzsi2
 *(.text*)
 .text.pvPortMalloc
                0x08001eb0      0x164 ./Core/Src/heap_4.o
                0x08001eb0                pvPortMalloc
 .text.vPortFree
                0x08002014       0x74 ./Core/Src/heap_4.o
                0x08002014                vPortFree
 .text.prvHeapInit
                0x08002088       0xb0 ./Core/Src/heap_4.o
 .text.prvInsertBlockIntoFreeList
                0x08002138       0xb0 ./Core/Src/heap_4.o
 .text.vListInitialise
                0x080021e8       0x3c ./Core/Src/list.o
                0x080021e8                vListInitialise
 .text.vListInitialiseItem
                0x08002224       0x16 ./Core/Src/list.o
                0x08002224                vListInitialiseItem
 .text.vListInsert
                0x0800223a       0x6c ./Core/Src/list.o
                0x0800223a                vListInsert
 .text.uxListRemove
                0x080022a6       0x50 ./Core/Src/list.o
                0x080022a6                uxListRemove
 .text.vApplicationMallocFailedHook
                0x080022f6        0xa ./Core/Src/main.o
                0x080022f6                vApplicationMallocFailedHook
 .text.vApplicationStackOverflowHook
                0x08002300       0x10 ./Core/Src/main.o
                0x08002300                vApplicationStackOverflowHook
 .text.LCD_sendNibble_BareMetal
                0x08002310       0x9c ./Core/Src/main.o
                0x08002310                LCD_sendNibble_BareMetal
 .text.LCD_sendByte_BareMetal
                0x080023ac       0x2c ./Core/Src/main.o
                0x080023ac                LCD_sendByte_BareMetal
 .text.LCD_init_BareMetal
                0x080023d8       0x48 ./Core/Src/main.o
                0x080023d8                LCD_init_BareMetal
 .text.LCD_sendCmd
                0x08002420       0x2c ./Core/Src/main.o
                0x08002420                LCD_sendCmd
 .text.LCD_sendChar
                0x0800244c       0x2c ./Core/Src/main.o
                0x0800244c                LCD_sendChar
 .text.LCD_sendByte
                0x08002478       0x2c ./Core/Src/main.o
                0x08002478                LCD_sendByte
 .text.LCD_sendNibble
                0x080024a4       0x9c ./Core/Src/main.o
                0x080024a4                LCD_sendNibble
 .text.LCD_clear
                0x08002540       0x16 ./Core/Src/main.o
                0x08002540                LCD_clear
 .text.LCD_setCursor
                0x08002556       0x4e ./Core/Src/main.o
                0x08002556                LCD_setCursor
 .text.LCD_puts
                0x080025a4       0x2c ./Core/Src/main.o
                0x080025a4                LCD_puts
 .text.set_all_row_high
                0x080025d0       0x44 ./Core/Src/main.o
                0x080025d0                set_all_row_high
 .text.scan_key_pad
                0x08002614       0xd4 ./Core/Src/main.o
                0x08002614                scan_key_pad
 .text.reverse_str
                0x080026e8       0x64 ./Core/Src/main.o
                0x080026e8                reverse_str
 .text.int_to_str
                0x0800274c       0xce ./Core/Src/main.o
                0x0800274c                int_to_str
 *fill*         0x0800281a        0x2 
 .text.float_to_str
                0x0800281c      0x184 ./Core/Src/main.o
                0x0800281c                float_to_str
 .text.eval_simple
                0x080029a0      0x240 ./Core/Src/main.o
                0x080029a0                eval_simple
 .text.handle_input
                0x08002be0      0x18e ./Core/Src/main.o
                0x08002be0                handle_input
 .text.calc     0x08002d6e       0x8a ./Core/Src/main.o
                0x08002d6e                calc
 .text.binary_search_root
                0x08002df8       0xec ./Core/Src/main.o
                0x08002df8                binary_search_root
 .text.solve_the_equation
                0x08002ee4      0x20c ./Core/Src/main.o
                0x08002ee4                solve_the_equation
 .text.Mode1    0x080030f0      0x200 ./Core/Src/main.o
                0x080030f0                Mode1
 .text.Mode2    0x080032f0      0x118 ./Core/Src/main.o
                0x080032f0                Mode2
 .text.vTask_UpdateDisplay
                0x08003408       0xe4 ./Core/Src/main.o
                0x08003408                vTask_UpdateDisplay
 .text.main     0x080034ec       0x3c ./Core/Src/main.o
                0x080034ec                main
 .text.SystemClock_Config
                0x08003528       0x80 ./Core/Src/main.o
                0x08003528                SystemClock_Config
 .text.MX_GPIO_Init
                0x080035a8       0xe8 ./Core/Src/main.o
 .text.HAL_TIM_PeriodElapsedCallback
                0x08003690       0x24 ./Core/Src/main.o
                0x08003690                HAL_TIM_PeriodElapsedCallback
 .text.Error_Handler
                0x080036b4        0xc ./Core/Src/main.o
                0x080036b4                Error_Handler
 .text.vPortSetupTimerInterrupt
                0x080036c0       0x44 ./Core/Src/port.o
                0x080036c0                vPortSetupTimerInterrupt
 .text.prvTaskExitError
                0x08003704       0x1e ./Core/Src/port.o
 *fill*         0x08003722        0x2 
 .text.vPortYield
                0x08003724       0x20 ./Core/Src/port.o
                0x08003724                vPortYield
 .text.vPortEnterCritical
                0x08003744       0x24 ./Core/Src/port.o
                0x08003744                vPortEnterCritical
 .text.vPortExitCritical
                0x08003768       0x24 ./Core/Src/port.o
                0x08003768                vPortExitCritical
 .text.SysTick_Handler
                0x0800378c       0x34 ./Core/Src/port.o
                0x0800378c                SysTick_Handler
 .text.vPortSVCHandler_C
                0x080037c0       0x32 ./Core/Src/port.o
                0x080037c0                vPortSVCHandler_C
 *fill*         0x080037f2        0x2 
 .text.pxPortInitialiseStack
                0x080037f4      0x11c ./Core/Src/port.o
                0x080037f4                pxPortInitialiseStack
 .text.xPortStartScheduler
                0x08003910       0x60 ./Core/Src/port.o
                0x08003910                xPortStartScheduler
 .text.vRestoreContextOfFirstTask
                0x08003970       0x28 ./Core/Src/portasm.o
                0x08003970                vRestoreContextOfFirstTask
 *fill*         0x08003998        0x8 
 .text.vStartFirstTask
                0x080039a0       0x14 ./Core/Src/portasm.o
                0x080039a0                vStartFirstTask
 .text.ulSetInterruptMask
                0x080039b4        0xc ./Core/Src/portasm.o
                0x080039b4                ulSetInterruptMask
 .text.vClearInterruptMask
                0x080039c0        0x8 ./Core/Src/portasm.o
                0x080039c0                vClearInterruptMask
 *fill*         0x080039c8        0x8 
 .text.PendSV_Handler
                0x080039d0       0x48 ./Core/Src/portasm.o
                0x080039d0                PendSV_Handler
 *fill*         0x08003a18        0x8 
 .text.SVC_Handler
                0x08003a20       0x24 ./Core/Src/portasm.o
                0x08003a20                SVC_Handler
 .text.xQueueGenericReset
                0x08003a44       0xfe ./Core/Src/queue.o
                0x08003a44                xQueueGenericReset
 .text.xQueueGenericCreate
                0x08003b42       0xb0 ./Core/Src/queue.o
                0x08003b42                xQueueGenericCreate
 .text.prvInitialiseNewQueue
                0x08003bf2       0x44 ./Core/Src/queue.o
 .text.xQueueReceive
                0x08003c36      0x128 ./Core/Src/queue.o
                0x08003c36                xQueueReceive
 .text.prvCopyDataFromQueue
                0x08003d5e       0x4c ./Core/Src/queue.o
 .text.prvUnlockQueue
                0x08003daa       0xbc ./Core/Src/queue.o
 .text.prvIsQueueEmpty
                0x08003e66       0x2c ./Core/Src/queue.o
 .text.vQueueWaitForMessageRestricted
                0x08003e92       0x66 ./Core/Src/queue.o
                0x08003e92                vQueueWaitForMessageRestricted
 .text.HAL_MspInit
                0x08003ef8       0x48 ./Core/Src/stm32f0xx_hal_msp.o
                0x08003ef8                HAL_MspInit
 .text.HAL_InitTick
                0x08003f40      0x108 ./Core/Src/stm32f0xx_hal_timebase_tim.o
                0x08003f40                HAL_InitTick
 .text.NMI_Handler
                0x08004048        0x8 ./Core/Src/stm32f0xx_it.o
                0x08004048                NMI_Handler
 .text.HardFault_Handler
                0x08004050        0x8 ./Core/Src/stm32f0xx_it.o
                0x08004050                HardFault_Handler
 .text.TIM3_IRQHandler
                0x08004058       0x18 ./Core/Src/stm32f0xx_it.o
                0x08004058                TIM3_IRQHandler
 .text.SystemInit
                0x08004070        0xa ./Core/Src/system_stm32f0xx.o
                0x08004070                SystemInit
 .text.prvCreateTask
                0x0800407a       0x82 ./Core/Src/tasks.o
 .text.xTaskCreate
                0x080040fc       0x4c ./Core/Src/tasks.o
                0x080040fc                xTaskCreate
 .text.prvInitialiseNewTask
                0x08004148       0xe8 ./Core/Src/tasks.o
 .text.prvAddNewTaskToReadyList
                0x08004230      0x118 ./Core/Src/tasks.o
 .text.vTaskDelay
                0x08004348       0x3a ./Core/Src/tasks.o
                0x08004348                vTaskDelay
 *fill*         0x08004382        0x2 
 .text.prvCreateIdleTasks
                0x08004384       0x98 ./Core/Src/tasks.o
 .text.vTaskStartScheduler
                0x0800441c       0x58 ./Core/Src/tasks.o
                0x0800441c                vTaskStartScheduler
 .text.vTaskSuspendAll
                0x08004474       0x18 ./Core/Src/tasks.o
                0x08004474                vTaskSuspendAll
 .text.xTaskResumeAll
                0x0800448c      0x1dc ./Core/Src/tasks.o
                0x0800448c                xTaskResumeAll
 .text.xTaskGetTickCount
                0x08004668       0x1c ./Core/Src/tasks.o
                0x08004668                xTaskGetTickCount
 .text.xTaskIncrementTick
                0x08004684      0x20c ./Core/Src/tasks.o
                0x08004684                xTaskIncrementTick
 .text.vTaskSwitchContext
                0x08004890       0xf0 ./Core/Src/tasks.o
                0x08004890                vTaskSwitchContext
 .text.vTaskPlaceOnEventList
                0x08004980       0x34 ./Core/Src/tasks.o
                0x08004980                vTaskPlaceOnEventList
 .text.vTaskPlaceOnEventListRestricted
                0x080049b4       0x74 ./Core/Src/tasks.o
                0x080049b4                vTaskPlaceOnEventListRestricted
 .text.xTaskRemoveFromEventList
                0x08004a28      0x190 ./Core/Src/tasks.o
                0x08004a28                xTaskRemoveFromEventList
 .text.vTaskInternalSetTimeOutState
                0x08004bb8       0x28 ./Core/Src/tasks.o
                0x08004bb8                vTaskInternalSetTimeOutState
 .text.xTaskCheckForTimeOut
                0x08004be0       0xb4 ./Core/Src/tasks.o
                0x08004be0                xTaskCheckForTimeOut
 .text.vTaskMissedYield
                0x08004c94       0x14 ./Core/Src/tasks.o
                0x08004c94                vTaskMissedYield
 .text.prvIdleTask
                0x08004ca8       0x20 ./Core/Src/tasks.o
 .text.prvInitialiseTaskLists
                0x08004cc8       0x88 ./Core/Src/tasks.o
 .text.prvCheckTasksWaitingTermination
                0x08004d50       0x5c ./Core/Src/tasks.o
 .text.prvDeleteTCB
                0x08004dac       0x22 ./Core/Src/tasks.o
 *fill*         0x08004dce        0x2 
 .text.prvResetNextTaskUnblockTime
                0x08004dd0       0x34 ./Core/Src/tasks.o
 .text.prvAddCurrentTaskToDelayedList
                0x08004e04       0xec ./Core/Src/tasks.o
 .text.xTimerCreateTimerTask
                0x08004ef0       0x48 ./Core/Src/timers.o
                0x08004ef0                xTimerCreateTimerTask
 .text.prvReloadTimer
                0x08004f38       0x42 ./Core/Src/timers.o
 *fill*         0x08004f7a        0x2 
 .text.prvProcessExpiredTimer
                0x08004f7c       0x64 ./Core/Src/timers.o
 .text.prvTimerTask
                0x08004fe0       0x2a ./Core/Src/timers.o
 *fill*         0x0800500a        0x2 
 .text.prvProcessTimerOrBlockTask
                0x0800500c       0x90 ./Core/Src/timers.o
 .text.prvGetNextExpireTime
                0x0800509c       0x44 ./Core/Src/timers.o
 .text.prvSampleTimeNow
                0x080050e0       0x40 ./Core/Src/timers.o
 .text.prvInsertTimerInActiveList
                0x08005120       0x84 ./Core/Src/timers.o
 .text.prvProcessReceivedCommands
                0x080051a4      0x180 ./Core/Src/timers.o
 .text.prvSwitchTimerLists
                0x08005324       0x50 ./Core/Src/timers.o
 .text.prvCheckForValidListAndQueue
                0x08005374       0x5c ./Core/Src/timers.o
 .text.Reset_Handler
                0x080053d0       0x50 ./Core/Startup/startup_stm32f030k6tx.o
                0x080053d0                Reset_Handler
 .text.Default_Handler
                0x08005420        0x2 ./Core/Startup/startup_stm32f030k6tx.o
                0x08005420                TIM1_CC_IRQHandler
                0x08005420                I2C1_IRQHandler
                0x08005420                SPI1_IRQHandler
                0x08005420                EXTI2_3_IRQHandler
                0x08005420                ADC1_IRQHandler
                0x08005420                TIM17_IRQHandler
                0x08005420                RTC_IRQHandler
                0x08005420                TIM16_IRQHandler
                0x08005420                EXTI4_15_IRQHandler
                0x08005420                RCC_IRQHandler
                0x08005420                DMA1_Channel1_IRQHandler
                0x08005420                Default_Handler
                0x08005420                TIM14_IRQHandler
                0x08005420                DMA1_Channel4_5_IRQHandler
                0x08005420                EXTI0_1_IRQHandler
                0x08005420                WWDG_IRQHandler
                0x08005420                DMA1_Channel2_3_IRQHandler
                0x08005420                FLASH_IRQHandler
                0x08005420                USART1_IRQHandler
                0x08005420                TIM1_BRK_UP_TRG_COM_IRQHandler
 *fill*         0x08005422        0x2 
 .text.HAL_Init
                0x08005424       0x28 ./Drivers/STM32F0xx_HAL_Driver/Src/stm32f0xx_hal.o
                0x08005424                HAL_Init
 .text.HAL_IncTick
                0x0800544c       0x24 ./Drivers/STM32F0xx_HAL_Driver/Src/stm32f0xx_hal.o
                0x0800544c                HAL_IncTick
 .text.HAL_GetTick
                0x08005470       0x14 ./Drivers/STM32F0xx_HAL_Driver/Src/stm32f0xx_hal.o
                0x08005470                HAL_GetTick
 .text.HAL_Delay
                0x08005484       0x48 ./Drivers/STM32F0xx_HAL_Driver/Src/stm32f0xx_hal.o
                0x08005484                HAL_Delay
 .text.__NVIC_EnableIRQ
                0x080054cc       0x34 ./Drivers/STM32F0xx_HAL_Driver/Src/stm32f0xx_hal_cortex.o
 .text.__NVIC_SetPriority
                0x08005500       0xdc ./Drivers/STM32F0xx_HAL_Driver/Src/stm32f0xx_hal_cortex.o
 .text.HAL_NVIC_SetPriority
                0x080055dc       0x2a ./Drivers/STM32F0xx_HAL_Driver/Src/stm32f0xx_hal_cortex.o
                0x080055dc                HAL_NVIC_SetPriority
 .text.HAL_NVIC_EnableIRQ
                0x08005606       0x20 ./Drivers/STM32F0xx_HAL_Driver/Src/stm32f0xx_hal_cortex.o
                0x08005606                HAL_NVIC_EnableIRQ
 *fill*         0x08005626        0x2 
 .text.HAL_GPIO_Init
                0x08005628      0x2e0 ./Drivers/STM32F0xx_HAL_Driver/Src/stm32f0xx_hal_gpio.o
                0x08005628                HAL_GPIO_Init
 .text.HAL_GPIO_ReadPin
                0x08005908       0x3a ./Drivers/STM32F0xx_HAL_Driver/Src/stm32f0xx_hal_gpio.o
                0x08005908                HAL_GPIO_ReadPin
 .text.HAL_GPIO_WritePin
                0x08005942       0x3a ./Drivers/STM32F0xx_HAL_Driver/Src/stm32f0xx_hal_gpio.o
                0x08005942                HAL_GPIO_WritePin
 .text.HAL_RCC_OscConfig
                0x0800597c      0x634 ./Drivers/STM32F0xx_HAL_Driver/Src/stm32f0xx_hal_rcc.o
                0x0800597c                HAL_RCC_OscConfig
 .text.HAL_RCC_ClockConfig
                0x08005fb0      0x19c ./Drivers/STM32F0xx_HAL_Driver/Src/stm32f0xx_hal_rcc.o
                0x08005fb0                HAL_RCC_ClockConfig
 .text.HAL_RCC_GetSysClockFreq
                0x0800614c       0xac ./Drivers/STM32F0xx_HAL_Driver/Src/stm32f0xx_hal_rcc.o
                0x0800614c                HAL_RCC_GetSysClockFreq
 .text.HAL_RCC_GetHCLKFreq
                0x080061f8       0x14 ./Drivers/STM32F0xx_HAL_Driver/Src/stm32f0xx_hal_rcc.o
                0x080061f8                HAL_RCC_GetHCLKFreq
 .text.HAL_RCC_GetPCLK1Freq
                0x0800620c       0x2c ./Drivers/STM32F0xx_HAL_Driver/Src/stm32f0xx_hal_rcc.o
                0x0800620c                HAL_RCC_GetPCLK1Freq
 .text.HAL_RCC_GetClockConfig
                0x08006238       0x54 ./Drivers/STM32F0xx_HAL_Driver/Src/stm32f0xx_hal_rcc.o
                0x08006238                HAL_RCC_GetClockConfig
 .text.HAL_TIM_Base_Init
                0x0800628c       0xa0 ./Drivers/STM32F0xx_HAL_Driver/Src/stm32f0xx_hal_tim.o
                0x0800628c                HAL_TIM_Base_Init
 .text.HAL_TIM_Base_MspInit
                0x0800632c       0x10 ./Drivers/STM32F0xx_HAL_Driver/Src/stm32f0xx_hal_tim.o
                0x0800632c                HAL_TIM_Base_MspInit
 .text.HAL_TIM_Base_Start_IT
                0x0800633c       0x8c ./Drivers/STM32F0xx_HAL_Driver/Src/stm32f0xx_hal_tim.o
                0x0800633c                HAL_TIM_Base_Start_IT
 .text.HAL_TIM_IRQHandler
                0x080063c8      0x1dc ./Drivers/STM32F0xx_HAL_Driver/Src/stm32f0xx_hal_tim.o
                0x080063c8                HAL_TIM_IRQHandler
 .text.HAL_TIM_OC_DelayElapsedCallback
                0x080065a4       0x10 ./Drivers/STM32F0xx_HAL_Driver/Src/stm32f0xx_hal_tim.o
                0x080065a4                HAL_TIM_OC_DelayElapsedCallback
 .text.HAL_TIM_IC_CaptureCallback
                0x080065b4       0x10 ./Drivers/STM32F0xx_HAL_Driver/Src/stm32f0xx_hal_tim.o
                0x080065b4                HAL_TIM_IC_CaptureCallback
 .text.HAL_TIM_PWM_PulseFinishedCallback
                0x080065c4       0x10 ./Drivers/STM32F0xx_HAL_Driver/Src/stm32f0xx_hal_tim.o
                0x080065c4                HAL_TIM_PWM_PulseFinishedCallback
 .text.HAL_TIM_TriggerCallback
                0x080065d4       0x10 ./Drivers/STM32F0xx_HAL_Driver/Src/stm32f0xx_hal_tim.o
                0x080065d4                HAL_TIM_TriggerCallback
 .text.TIM_Base_SetConfig
                0x080065e4       0xf4 ./Drivers/STM32F0xx_HAL_Driver/Src/stm32f0xx_hal_tim.o
                0x080065e4                TIM_Base_SetConfig
 .text.HAL_TIMEx_CommutCallback
                0x080066d8       0x10 ./Drivers/STM32F0xx_HAL_Driver/Src/stm32f0xx_hal_tim_ex.o
                0x080066d8                HAL_TIMEx_CommutCallback
 .text.HAL_TIMEx_BreakCallback
                0x080066e8       0x10 ./Drivers/STM32F0xx_HAL_Driver/Src/stm32f0xx_hal_tim_ex.o
                0x080066e8                HAL_TIMEx_BreakCallback
 .text.memset   0x080066f8       0x10 D:/stm32_sys/STM32CubeIDE_1.19.0/STM32CubeIDE/plugins/com.st.stm32cube.ide.mcu.externaltools.gnu-tools-for-stm32.13.3.rel1.win32_1.0.0.202411081344/tools/bin/../lib/gcc/arm-none-eabi/13.3.1/../../../../arm-none-eabi/lib/thumb/v6-m/nofp\libc_nano.a(libc_a-memset.o)
                0x080066f8                memset
 .text.strcat   0x08006708       0x1a D:/stm32_sys/STM32CubeIDE_1.19.0/STM32CubeIDE/plugins/com.st.stm32cube.ide.mcu.externaltools.gnu-tools-for-stm32.13.3.rel1.win32_1.0.0.202411081344/tools/bin/../lib/gcc/arm-none-eabi/13.3.1/../../../../arm-none-eabi/lib/thumb/v6-m/nofp\libc_nano.a(libc_a-strcat.o)
                0x08006708                strcat
 .text.strchr   0x08006722       0x1c D:/stm32_sys/STM32CubeIDE_1.19.0/STM32CubeIDE/plugins/com.st.stm32cube.ide.mcu.externaltools.gnu-tools-for-stm32.13.3.rel1.win32_1.0.0.202411081344/tools/bin/../lib/gcc/arm-none-eabi/13.3.1/../../../../arm-none-eabi/lib/thumb/v6-m/nofp\libc_nano.a(libc_a-strchr.o)
                0x08006722                strchr
 .text.strncpy  0x0800673e       0x28 D:/stm32_sys/STM32CubeIDE_1.19.0/STM32CubeIDE/plugins/com.st.stm32cube.ide.mcu.externaltools.gnu-tools-for-stm32.13.3.rel1.win32_1.0.0.202411081344/tools/bin/../lib/gcc/arm-none-eabi/13.3.1/../../../../arm-none-eabi/lib/thumb/v6-m/nofp\libc_nano.a(libc_a-strncpy.o)
                0x0800673e                strncpy
 *fill*         0x08006766        0x2 
 .text.__libc_init_array
                0x08006768       0x48 D:/stm32_sys/STM32CubeIDE_1.19.0/STM32CubeIDE/plugins/com.st.stm32cube.ide.mcu.externaltools.gnu-tools-for-stm32.13.3.rel1.win32_1.0.0.202411081344/tools/bin/../lib/gcc/arm-none-eabi/13.3.1/../../../../arm-none-eabi/lib/thumb/v6-m/nofp\libc_nano.a(libc_a-init.o)
                0x08006768                __libc_init_array
 .text.strcpy   0x080067b0       0x10 D:/stm32_sys/STM32CubeIDE_1.19.0/STM32CubeIDE/plugins/com.st.stm32cube.ide.mcu.externaltools.gnu-tools-for-stm32.13.3.rel1.win32_1.0.0.202411081344/tools/bin/../lib/gcc/arm-none-eabi/13.3.1/../../../../arm-none-eabi/lib/thumb/v6-m/nofp\libc_nano.a(libc_a-strcpy.o)
                0x080067b0                strcpy
 .text.memcpy   0x080067c0       0x12 D:/stm32_sys/STM32CubeIDE_1.19.0/STM32CubeIDE/plugins/com.st.stm32cube.ide.mcu.externaltools.gnu-tools-for-stm32.13.3.rel1.win32_1.0.0.202411081344/tools/bin/../lib/gcc/arm-none-eabi/13.3.1/../../../../arm-none-eabi/lib/thumb/v6-m/nofp\libc_nano.a(libc_a-memcpy-stub.o)
                0x080067c0                memcpy
 *(.glue_7)
 .glue_7        0x080067d2        0x0 linker stubs
 *(.glue_7t)
 .glue_7t       0x080067d2        0x0 linker stubs
 *(.eh_frame)
 *fill*         0x080067d2        0x2 
 .eh_frame      0x080067d4        0x0 D:/stm32_sys/STM32CubeIDE_1.19.0/STM32CubeIDE/plugins/com.st.stm32cube.ide.mcu.externaltools.gnu-tools-for-stm32.13.3.rel1.win32_1.0.0.202411081344/tools/bin/../lib/gcc/arm-none-eabi/13.3.1/thumb/v6-m/nofp/crtbegin.o
 *(.init)
 .init          0x080067d4        0x4 D:/stm32_sys/STM32CubeIDE_1.19.0/STM32CubeIDE/plugins/com.st.stm32cube.ide.mcu.externaltools.gnu-tools-for-stm32.13.3.rel1.win32_1.0.0.202411081344/tools/bin/../lib/gcc/arm-none-eabi/13.3.1/thumb/v6-m/nofp/crti.o
                0x080067d4                _init
 .init          0x080067d8        0x8 D:/stm32_sys/STM32CubeIDE_1.19.0/STM32CubeIDE/plugins/com.st.stm32cube.ide.mcu.externaltools.gnu-tools-for-stm32.13.3.rel1.win32_1.0.0.202411081344/tools/bin/../lib/gcc/arm-none-eabi/13.3.1/thumb/v6-m/nofp/crtn.o
 *(.fini)
 .fini          0x080067e0        0x4 D:/stm32_sys/STM32CubeIDE_1.19.0/STM32CubeIDE/plugins/com.st.stm32cube.ide.mcu.externaltools.gnu-tools-for-stm32.13.3.rel1.win32_1.0.0.202411081344/tools/bin/../lib/gcc/arm-none-eabi/13.3.1/thumb/v6-m/nofp/crti.o
                0x080067e0                _fini
 .fini          0x080067e4        0x8 D:/stm32_sys/STM32CubeIDE_1.19.0/STM32CubeIDE/plugins/com.st.stm32cube.ide.mcu.externaltools.gnu-tools-for-stm32.13.3.rel1.win32_1.0.0.202411081344/tools/bin/../lib/gcc/arm-none-eabi/13.3.1/thumb/v6-m/nofp/crtn.o
                0x080067ec                        . = ALIGN (0x4)
                0x080067ec                        _etext = .

.vfp11_veneer   0x080067ec        0x0
 .vfp11_veneer  0x080067ec        0x0 linker stubs

.v4_bx          0x080067ec        0x0
 .v4_bx         0x080067ec        0x0 linker stubs

.iplt           0x080067ec        0x0
 .iplt          0x080067ec        0x0 D:/stm32_sys/STM32CubeIDE_1.19.0/STM32CubeIDE/plugins/com.st.stm32cube.ide.mcu.externaltools.gnu-tools-for-stm32.13.3.rel1.win32_1.0.0.202411081344/tools/bin/../lib/gcc/arm-none-eabi/13.3.1/thumb/v6-m/nofp/crtbegin.o

.rodata         0x080067ec      0x230
                0x080067ec                        . = ALIGN (0x4)
 *(.rodata)
 .rodata        0x080067ec       0x3b ./Core/Src/main.o
 *fill*         0x08006827        0x1 
 .rodata        0x08006828        0x5 ./Core/Src/tasks.o
 *fill*         0x0800682d        0x3 
 .rodata        0x08006830        0x8 ./Core/Src/timers.o
 .rodata        0x08006838       0x7c D:/stm32_sys/STM32CubeIDE_1.19.0/STM32CubeIDE/plugins/com.st.stm32cube.ide.mcu.externaltools.gnu-tools-for-stm32.13.3.rel1.win32_1.0.0.202411081344/tools/bin/../lib/gcc/arm-none-eabi/13.3.1/thumb/v6-m/nofp\libgcc.a(divsf3.o)
 *(.rodata*)
 .rodata.AHBPrescTable
                0x080068b4       0x10 ./Core/Src/system_stm32f0xx.o
                0x080068b4                AHBPrescTable
 .rodata.APBPrescTable
                0x080068c4        0x8 ./Core/Src/system_stm32f0xx.o
                0x080068c4                APBPrescTable
 .rodata.uxTopUsedPriority
                0x080068cc        0x4 ./Core/Src/tasks.o
 .rodata.prvProcessReceivedCommands
                0x080068d0       0x28 ./Core/Src/timers.o
 .rodata.aPLLMULFactorTable.1
                0x080068f8       0x10 ./Drivers/STM32F0xx_HAL_Driver/Src/stm32f0xx_hal_rcc.o
 .rodata.aPredivFactorTable.0
                0x08006908       0x10 ./Drivers/STM32F0xx_HAL_Driver/Src/stm32f0xx_hal_rcc.o
 .rodata._ctype_
                0x08006918      0x101 D:/stm32_sys/STM32CubeIDE_1.19.0/STM32CubeIDE/plugins/com.st.stm32cube.ide.mcu.externaltools.gnu-tools-for-stm32.13.3.rel1.win32_1.0.0.202411081344/tools/bin/../lib/gcc/arm-none-eabi/13.3.1/../../../../arm-none-eabi/lib/thumb/v6-m/nofp\libc_nano.a(libc_a-ctype_.o)
                0x08006918                _ctype_
                0x08006a1c                        . = ALIGN (0x4)
 *fill*         0x08006a19        0x3 

.ARM.extab      0x08006a1c        0x0
                0x08006a1c                        . = ALIGN (0x4)
 *(.ARM.extab* .gnu.linkonce.armextab.*)
                0x08006a1c                        . = ALIGN (0x4)

.ARM            0x08006a1c        0x0
                0x08006a1c                        . = ALIGN (0x4)
                0x08006a1c                        __exidx_start = .
 *(.ARM.exidx*)
                0x08006a1c                        __exidx_end = .
                0x08006a1c                        . = ALIGN (0x4)

.preinit_array  0x08006a1c        0x0
                0x08006a1c                        . = ALIGN (0x4)
                0x08006a1c                        PROVIDE (__preinit_array_start = .)
 *(.preinit_array*)
                0x08006a1c                        PROVIDE (__preinit_array_end = .)
                0x08006a1c                        . = ALIGN (0x4)

.init_array     0x08006a1c        0x4
                0x08006a1c                        . = ALIGN (0x4)
                0x08006a1c                        PROVIDE (__init_array_start = .)
 *(SORT_BY_NAME(.init_array.*))
 *(.init_array*)
 .init_array    0x08006a1c        0x4 D:/stm32_sys/STM32CubeIDE_1.19.0/STM32CubeIDE/plugins/com.st.stm32cube.ide.mcu.externaltools.gnu-tools-for-stm32.13.3.rel1.win32_1.0.0.202411081344/tools/bin/../lib/gcc/arm-none-eabi/13.3.1/thumb/v6-m/nofp/crtbegin.o
                0x08006a20                        PROVIDE (__init_array_end = .)
                0x08006a20                        . = ALIGN (0x4)

.fini_array     0x08006a20        0x4
                0x08006a20                        . = ALIGN (0x4)
                [!provide]                        PROVIDE (__fini_array_start = .)
 *(SORT_BY_NAME(.fini_array.*))
 *(.fini_array*)
 .fini_array    0x08006a20        0x4 D:/stm32_sys/STM32CubeIDE_1.19.0/STM32CubeIDE/plugins/com.st.stm32cube.ide.mcu.externaltools.gnu-tools-for-stm32.13.3.rel1.win32_1.0.0.202411081344/tools/bin/../lib/gcc/arm-none-eabi/13.3.1/thumb/v6-m/nofp/crtbegin.o
                [!provide]                        PROVIDE (__fini_array_end = .)
                0x08006a24                        . = ALIGN (0x4)
                0x08006a24                        _sidata = LOADADDR (.data)

.rel.dyn        0x08006a24        0x0
 .rel.iplt      0x08006a24        0x0 D:/stm32_sys/STM32CubeIDE_1.19.0/STM32CubeIDE/plugins/com.st.stm32cube.ide.mcu.externaltools.gnu-tools-for-stm32.13.3.rel1.win32_1.0.0.202411081344/tools/bin/../lib/gcc/arm-none-eabi/13.3.1/thumb/v6-m/nofp/crtbegin.o

.data           0x20000000       0x5c load address 0x08006a24
                0x20000000                        . = ALIGN (0x4)
                0x20000000                        _sdata = .
 *(.data)
 *(.data*)
 .data.keypad   0x20000000       0x14 ./Core/Src/main.o
                0x20000000                keypad
 .data.colPort  0x20000014       0x14 ./Core/Src/main.o
                0x20000014                colPort
 .data.colPin   0x20000028        0xa ./Core/Src/main.o
                0x20000028                colPin
 *fill*         0x20000032        0x2 
 .data.rowPort  0x20000034       0x10 ./Core/Src/main.o
                0x20000034                rowPort
 .data.rowPin   0x20000044        0x8 ./Core/Src/main.o
                0x20000044                rowPin
 .data.ulCriticalNesting
                0x2000004c        0x4 ./Core/Src/port.o
 .data.SystemCoreClock
                0x20000050        0x4 ./Core/Src/system_stm32f0xx.o
                0x20000050                SystemCoreClock
 .data.uwTickPrio
                0x20000054        0x4 ./Drivers/STM32F0xx_HAL_Driver/Src/stm32f0xx_hal.o
                0x20000054                uwTickPrio
 .data.uwTickFreq
                0x20000058        0x1 ./Drivers/STM32F0xx_HAL_Driver/Src/stm32f0xx_hal.o
                0x20000058                uwTickFreq
 *(.RamFunc)
 *(.RamFunc*)
                0x2000005c                        . = ALIGN (0x4)
 *fill*         0x20000059        0x3 
                0x2000005c                        _edata = .

.igot.plt       0x2000005c        0x0 load address 0x08006a80
 .igot.plt      0x2000005c        0x0 D:/stm32_sys/STM32CubeIDE_1.19.0/STM32CubeIDE/plugins/com.st.stm32cube.ide.mcu.externaltools.gnu-tools-for-stm32.13.3.rel1.win32_1.0.0.202411081344/tools/bin/../lib/gcc/arm-none-eabi/13.3.1/thumb/v6-m/nofp/crtbegin.o
                0x2000005c                        . = ALIGN (0x4)

.bss            0x2000005c      0x9a0 load address 0x08006a80
                0x2000005c                        _sbss = .
                0x2000005c                        __bss_start__ = _sbss
 *(.bss)
 .bss           0x2000005c       0x1c D:/stm32_sys/STM32CubeIDE_1.19.0/STM32CubeIDE/plugins/com.st.stm32cube.ide.mcu.externaltools.gnu-tools-for-stm32.13.3.rel1.win32_1.0.0.202411081344/tools/bin/../lib/gcc/arm-none-eabi/13.3.1/thumb/v6-m/nofp/crtbegin.o
 *(.bss*)
 .bss.ucHeap    0x20000078      0x7e8 ./Core/Src/heap_4.o
 .bss.xStart    0x20000860        0x8 ./Core/Src/heap_4.o
 .bss.pxEnd     0x20000868        0x4 ./Core/Src/heap_4.o
 .bss.xFreeBytesRemaining
                0x2000086c        0x4 ./Core/Src/heap_4.o
 .bss.xMinimumEverFreeBytesRemaining
                0x20000870        0x4 ./Core/Src/heap_4.o
 .bss.xNumberOfSuccessfulAllocations
                0x20000874        0x4 ./Core/Src/heap_4.o
 .bss.xNumberOfSuccessfulFrees
                0x20000878        0x4 ./Core/Src/heap_4.o
 .bss.row       0x2000087c        0x4 ./Core/Src/main.o
                0x2000087c                row
 .bss.col       0x20000880        0x4 ./Core/Src/main.o
                0x20000880                col
 .bss.htim3     0x20000884       0x48 ./Core/Src/stm32f0xx_hal_timebase_tim.o
                0x20000884                htim3
 .bss.pxCurrentTCB
                0x200008cc        0x4 ./Core/Src/tasks.o
                0x200008cc                pxCurrentTCB
 .bss.pxReadyTasksLists
                0x200008d0       0x50 ./Core/Src/tasks.o
 .bss.xDelayedTaskList1
                0x20000920       0x14 ./Core/Src/tasks.o
 .bss.xDelayedTaskList2
                0x20000934       0x14 ./Core/Src/tasks.o
 .bss.pxDelayedTaskList
                0x20000948        0x4 ./Core/Src/tasks.o
 .bss.pxOverflowDelayedTaskList
                0x2000094c        0x4 ./Core/Src/tasks.o
 .bss.xPendingReadyList
                0x20000950       0x14 ./Core/Src/tasks.o
 .bss.xTasksWaitingTermination
                0x20000964       0x14 ./Core/Src/tasks.o
 .bss.uxDeletedTasksWaitingCleanUp
                0x20000978        0x4 ./Core/Src/tasks.o
 .bss.xSuspendedTaskList
                0x2000097c       0x14 ./Core/Src/tasks.o
 .bss.uxCurrentNumberOfTasks
                0x20000990        0x4 ./Core/Src/tasks.o
 .bss.xTickCount
                0x20000994        0x4 ./Core/Src/tasks.o
 .bss.uxTopReadyPriority
                0x20000998        0x4 ./Core/Src/tasks.o
 .bss.xSchedulerRunning
                0x2000099c        0x4 ./Core/Src/tasks.o
 .bss.xPendedTicks
                0x200009a0        0x4 ./Core/Src/tasks.o
 .bss.xYieldPendings
                0x200009a4        0x4 ./Core/Src/tasks.o
 .bss.xNumOfOverflows
                0x200009a8        0x4 ./Core/Src/tasks.o
 .bss.uxTaskNumber
                0x200009ac        0x4 ./Core/Src/tasks.o
 .bss.xNextTaskUnblockTime
                0x200009b0        0x4 ./Core/Src/tasks.o
 .bss.xIdleTaskHandles
                0x200009b4        0x4 ./Core/Src/tasks.o
 .bss.uxSchedulerSuspended
                0x200009b8        0x4 ./Core/Src/tasks.o
 .bss.xActiveTimerList1
                0x200009bc       0x14 ./Core/Src/timers.o
 .bss.xActiveTimerList2
                0x200009d0       0x14 ./Core/Src/timers.o
 .bss.pxCurrentTimerList
                0x200009e4        0x4 ./Core/Src/timers.o
 .bss.pxOverflowTimerList
                0x200009e8        0x4 ./Core/Src/timers.o
 .bss.xTimerQueue
                0x200009ec        0x4 ./Core/Src/timers.o
 .bss.xTimerTaskHandle
                0x200009f0        0x4 ./Core/Src/timers.o
 .bss.xLastTime.0
                0x200009f4        0x4 ./Core/Src/timers.o
 .bss.uwTick    0x200009f8        0x4 ./Drivers/STM32F0xx_HAL_Driver/Src/stm32f0xx_hal.o
                0x200009f8                uwTick
 *(COMMON)
                0x200009fc                        . = ALIGN (0x4)
                0x200009fc                        _ebss = .
                0x200009fc                        __bss_end__ = _ebss

._user_heap_stack
                0x200009fc      0x604 load address 0x08006a80
                0x20000a00                        . = ALIGN (0x8)
 *fill*         0x200009fc        0x4 
                [!provide]                        PROVIDE (end = .)
                0x20000a00                        PROVIDE (_end = .)
                0x20000c00                        . = (. + _Min_Heap_Size)
 *fill*         0x20000a00      0x200 
                0x20001000                        . = (. + _Min_Stack_Size)
 *fill*         0x20000c00      0x400 
                0x20001000                        . = ALIGN (0x8)

/DISCARD/
 libc.a(*)
 libm.a(*)
 libgcc.a(*)

.ARM.attributes
                0x00000000       0x28
 *(.ARM.attributes)
 .ARM.attributes
                0x00000000       0x1e D:/stm32_sys/STM32CubeIDE_1.19.0/STM32CubeIDE/plugins/com.st.stm32cube.ide.mcu.externaltools.gnu-tools-for-stm32.13.3.rel1.win32_1.0.0.202411081344/tools/bin/../lib/gcc/arm-none-eabi/13.3.1/thumb/v6-m/nofp/crti.o
 .ARM.attributes
                0x0000001e       0x2c D:/stm32_sys/STM32CubeIDE_1.19.0/STM32CubeIDE/plugins/com.st.stm32cube.ide.mcu.externaltools.gnu-tools-for-stm32.13.3.rel1.win32_1.0.0.202411081344/tools/bin/../lib/gcc/arm-none-eabi/13.3.1/thumb/v6-m/nofp/crtbegin.o
 .ARM.attributes
                0x0000004a       0x2c ./Core/Src/heap_4.o
 .ARM.attributes
                0x00000076       0x2c ./Core/Src/list.o
 .ARM.attributes
                0x000000a2       0x2c ./Core/Src/main.o
 .ARM.attributes
                0x000000ce       0x2c ./Core/Src/port.o
 .ARM.attributes
                0x000000fa       0x2c ./Core/Src/portasm.o
 .ARM.attributes
                0x00000126       0x2c ./Core/Src/queue.o
 .ARM.attributes
                0x00000152       0x2c ./Core/Src/stm32f0xx_hal_msp.o
 .ARM.attributes
                0x0000017e       0x2c ./Core/Src/stm32f0xx_hal_timebase_tim.o
 .ARM.attributes
                0x000001aa       0x2c ./Core/Src/stm32f0xx_it.o
 .ARM.attributes
                0x000001d6       0x2c ./Core/Src/system_stm32f0xx.o
 .ARM.attributes
                0x00000202       0x2c ./Core/Src/tasks.o
 .ARM.attributes
                0x0000022e       0x2c ./Core/Src/timers.o
 .ARM.attributes
                0x0000025a       0x21 ./Core/Startup/startup_stm32f030k6tx.o
 .ARM.attributes
                0x0000027b       0x2c ./Drivers/STM32F0xx_HAL_Driver/Src/stm32f0xx_hal.o
 .ARM.attributes
                0x000002a7       0x2c ./Drivers/STM32F0xx_HAL_Driver/Src/stm32f0xx_hal_cortex.o
 .ARM.attributes
                0x000002d3       0x2c ./Drivers/STM32F0xx_HAL_Driver/Src/stm32f0xx_hal_gpio.o
 .ARM.attributes
                0x000002ff       0x2c ./Drivers/STM32F0xx_HAL_Driver/Src/stm32f0xx_hal_rcc.o
 .ARM.attributes
                0x0000032b       0x2c ./Drivers/STM32F0xx_HAL_Driver/Src/stm32f0xx_hal_tim.o
 .ARM.attributes
                0x00000357       0x2c ./Drivers/STM32F0xx_HAL_Driver/Src/stm32f0xx_hal_tim_ex.o
 .ARM.attributes
                0x00000383       0x2c D:/stm32_sys/STM32CubeIDE_1.19.0/STM32CubeIDE/plugins/com.st.stm32cube.ide.mcu.externaltools.gnu-tools-for-stm32.13.3.rel1.win32_1.0.0.202411081344/tools/bin/../lib/gcc/arm-none-eabi/13.3.1/../../../../arm-none-eabi/lib/thumb/v6-m/nofp\libc_nano.a(libc_a-ctype_.o)
 .ARM.attributes
                0x000003af       0x2c D:/stm32_sys/STM32CubeIDE_1.19.0/STM32CubeIDE/plugins/com.st.stm32cube.ide.mcu.externaltools.gnu-tools-for-stm32.13.3.rel1.win32_1.0.0.202411081344/tools/bin/../lib/gcc/arm-none-eabi/13.3.1/../../../../arm-none-eabi/lib/thumb/v6-m/nofp\libc_nano.a(libc_a-memset.o)
 .ARM.attributes
                0x000003db       0x2c D:/stm32_sys/STM32CubeIDE_1.19.0/STM32CubeIDE/plugins/com.st.stm32cube.ide.mcu.externaltools.gnu-tools-for-stm32.13.3.rel1.win32_1.0.0.202411081344/tools/bin/../lib/gcc/arm-none-eabi/13.3.1/../../../../arm-none-eabi/lib/thumb/v6-m/nofp\libc_nano.a(libc_a-strcat.o)
 .ARM.attributes
                0x00000407       0x2c D:/stm32_sys/STM32CubeIDE_1.19.0/STM32CubeIDE/plugins/com.st.stm32cube.ide.mcu.externaltools.gnu-tools-for-stm32.13.3.rel1.win32_1.0.0.202411081344/tools/bin/../lib/gcc/arm-none-eabi/13.3.1/../../../../arm-none-eabi/lib/thumb/v6-m/nofp\libc_nano.a(libc_a-strchr.o)
 .ARM.attributes
                0x00000433       0x2c D:/stm32_sys/STM32CubeIDE_1.19.0/STM32CubeIDE/plugins/com.st.stm32cube.ide.mcu.externaltools.gnu-tools-for-stm32.13.3.rel1.win32_1.0.0.202411081344/tools/bin/../lib/gcc/arm-none-eabi/13.3.1/../../../../arm-none-eabi/lib/thumb/v6-m/nofp\libc_nano.a(libc_a-strncpy.o)
 .ARM.attributes
                0x0000045f       0x2c D:/stm32_sys/STM32CubeIDE_1.19.0/STM32CubeIDE/plugins/com.st.stm32cube.ide.mcu.externaltools.gnu-tools-for-stm32.13.3.rel1.win32_1.0.0.202411081344/tools/bin/../lib/gcc/arm-none-eabi/13.3.1/../../../../arm-none-eabi/lib/thumb/v6-m/nofp\libc_nano.a(libc_a-init.o)
 .ARM.attributes
                0x0000048b       0x2c D:/stm32_sys/STM32CubeIDE_1.19.0/STM32CubeIDE/plugins/com.st.stm32cube.ide.mcu.externaltools.gnu-tools-for-stm32.13.3.rel1.win32_1.0.0.202411081344/tools/bin/../lib/gcc/arm-none-eabi/13.3.1/../../../../arm-none-eabi/lib/thumb/v6-m/nofp\libc_nano.a(libc_a-strcpy.o)
 .ARM.attributes
                0x000004b7       0x2c D:/stm32_sys/STM32CubeIDE_1.19.0/STM32CubeIDE/plugins/com.st.stm32cube.ide.mcu.externaltools.gnu-tools-for-stm32.13.3.rel1.win32_1.0.0.202411081344/tools/bin/../lib/gcc/arm-none-eabi/13.3.1/../../../../arm-none-eabi/lib/thumb/v6-m/nofp\libc_nano.a(libc_a-memcpy-stub.o)
 .ARM.attributes
                0x000004e3       0x1c D:/stm32_sys/STM32CubeIDE_1.19.0/STM32CubeIDE/plugins/com.st.stm32cube.ide.mcu.externaltools.gnu-tools-for-stm32.13.3.rel1.win32_1.0.0.202411081344/tools/bin/../lib/gcc/arm-none-eabi/13.3.1/../../../../arm-none-eabi/lib/thumb/v6-m/nofp\libc_nano.a(libc_a-strlen.o)
 .ARM.attributes
                0x000004ff       0x1e D:/stm32_sys/STM32CubeIDE_1.19.0/STM32CubeIDE/plugins/com.st.stm32cube.ide.mcu.externaltools.gnu-tools-for-stm32.13.3.rel1.win32_1.0.0.202411081344/tools/bin/../lib/gcc/arm-none-eabi/13.3.1/thumb/v6-m/nofp\libgcc.a(_udivsi3.o)
 .ARM.attributes
                0x0000051d       0x1e D:/stm32_sys/STM32CubeIDE_1.19.0/STM32CubeIDE/plugins/com.st.stm32cube.ide.mcu.externaltools.gnu-tools-for-stm32.13.3.rel1.win32_1.0.0.202411081344/tools/bin/../lib/gcc/arm-none-eabi/13.3.1/thumb/v6-m/nofp\libgcc.a(_divsi3.o)
 .ARM.attributes
                0x0000053b       0x1e D:/stm32_sys/STM32CubeIDE_1.19.0/STM32CubeIDE/plugins/com.st.stm32cube.ide.mcu.externaltools.gnu-tools-for-stm32.13.3.rel1.win32_1.0.0.202411081344/tools/bin/../lib/gcc/arm-none-eabi/13.3.1/thumb/v6-m/nofp\libgcc.a(_dvmd_tls.o)
 .ARM.attributes
                0x00000559       0x1e D:/stm32_sys/STM32CubeIDE_1.19.0/STM32CubeIDE/plugins/com.st.stm32cube.ide.mcu.externaltools.gnu-tools-for-stm32.13.3.rel1.win32_1.0.0.202411081344/tools/bin/../lib/gcc/arm-none-eabi/13.3.1/thumb/v6-m/nofp\libgcc.a(_arm_cmpdf2.o)
 .ARM.attributes
                0x00000577       0x1e D:/stm32_sys/STM32CubeIDE_1.19.0/STM32CubeIDE/plugins/com.st.stm32cube.ide.mcu.externaltools.gnu-tools-for-stm32.13.3.rel1.win32_1.0.0.202411081344/tools/bin/../lib/gcc/arm-none-eabi/13.3.1/thumb/v6-m/nofp\libgcc.a(_arm_cmpsf2.o)
 .ARM.attributes
                0x00000595       0x2c D:/stm32_sys/STM32CubeIDE_1.19.0/STM32CubeIDE/plugins/com.st.stm32cube.ide.mcu.externaltools.gnu-tools-for-stm32.13.3.rel1.win32_1.0.0.202411081344/tools/bin/../lib/gcc/arm-none-eabi/13.3.1/thumb/v6-m/nofp\libgcc.a(addsf3.o)
 .ARM.attributes
                0x000005c1       0x2c D:/stm32_sys/STM32CubeIDE_1.19.0/STM32CubeIDE/plugins/com.st.stm32cube.ide.mcu.externaltools.gnu-tools-for-stm32.13.3.rel1.win32_1.0.0.202411081344/tools/bin/../lib/gcc/arm-none-eabi/13.3.1/thumb/v6-m/nofp\libgcc.a(divsf3.o)
 .ARM.attributes
                0x000005ed       0x2c D:/stm32_sys/STM32CubeIDE_1.19.0/STM32CubeIDE/plugins/com.st.stm32cube.ide.mcu.externaltools.gnu-tools-for-stm32.13.3.rel1.win32_1.0.0.202411081344/tools/bin/../lib/gcc/arm-none-eabi/13.3.1/thumb/v6-m/nofp\libgcc.a(eqsf2.o)
 .ARM.attributes
                0x00000619       0x2c D:/stm32_sys/STM32CubeIDE_1.19.0/STM32CubeIDE/plugins/com.st.stm32cube.ide.mcu.externaltools.gnu-tools-for-stm32.13.3.rel1.win32_1.0.0.202411081344/tools/bin/../lib/gcc/arm-none-eabi/13.3.1/thumb/v6-m/nofp\libgcc.a(gesf2.o)
 .ARM.attributes
                0x00000645       0x2c D:/stm32_sys/STM32CubeIDE_1.19.0/STM32CubeIDE/plugins/com.st.stm32cube.ide.mcu.externaltools.gnu-tools-for-stm32.13.3.rel1.win32_1.0.0.202411081344/tools/bin/../lib/gcc/arm-none-eabi/13.3.1/thumb/v6-m/nofp\libgcc.a(lesf2.o)
 .ARM.attributes
                0x00000671       0x2c D:/stm32_sys/STM32CubeIDE_1.19.0/STM32CubeIDE/plugins/com.st.stm32cube.ide.mcu.externaltools.gnu-tools-for-stm32.13.3.rel1.win32_1.0.0.202411081344/tools/bin/../lib/gcc/arm-none-eabi/13.3.1/thumb/v6-m/nofp\libgcc.a(mulsf3.o)
 .ARM.attributes
                0x0000069d       0x2c D:/stm32_sys/STM32CubeIDE_1.19.0/STM32CubeIDE/plugins/com.st.stm32cube.ide.mcu.externaltools.gnu-tools-for-stm32.13.3.rel1.win32_1.0.0.202411081344/tools/bin/../lib/gcc/arm-none-eabi/13.3.1/thumb/v6-m/nofp\libgcc.a(subsf3.o)
 .ARM.attributes
                0x000006c9       0x2c D:/stm32_sys/STM32CubeIDE_1.19.0/STM32CubeIDE/plugins/com.st.stm32cube.ide.mcu.externaltools.gnu-tools-for-stm32.13.3.rel1.win32_1.0.0.202411081344/tools/bin/../lib/gcc/arm-none-eabi/13.3.1/thumb/v6-m/nofp\libgcc.a(fixsfsi.o)
 .ARM.attributes
                0x000006f5       0x2c D:/stm32_sys/STM32CubeIDE_1.19.0/STM32CubeIDE/plugins/com.st.stm32cube.ide.mcu.externaltools.gnu-tools-for-stm32.13.3.rel1.win32_1.0.0.202411081344/tools/bin/../lib/gcc/arm-none-eabi/13.3.1/thumb/v6-m/nofp\libgcc.a(floatsisf.o)
 .ARM.attributes
                0x00000721       0x2c D:/stm32_sys/STM32CubeIDE_1.19.0/STM32CubeIDE/plugins/com.st.stm32cube.ide.mcu.externaltools.gnu-tools-for-stm32.13.3.rel1.win32_1.0.0.202411081344/tools/bin/../lib/gcc/arm-none-eabi/13.3.1/thumb/v6-m/nofp\libgcc.a(eqdf2.o)
 .ARM.attributes
                0x0000074d       0x2c D:/stm32_sys/STM32CubeIDE_1.19.0/STM32CubeIDE/plugins/com.st.stm32cube.ide.mcu.externaltools.gnu-tools-for-stm32.13.3.rel1.win32_1.0.0.202411081344/tools/bin/../lib/gcc/arm-none-eabi/13.3.1/thumb/v6-m/nofp\libgcc.a(gedf2.o)
 .ARM.attributes
                0x00000779       0x2c D:/stm32_sys/STM32CubeIDE_1.19.0/STM32CubeIDE/plugins/com.st.stm32cube.ide.mcu.externaltools.gnu-tools-for-stm32.13.3.rel1.win32_1.0.0.202411081344/tools/bin/../lib/gcc/arm-none-eabi/13.3.1/thumb/v6-m/nofp\libgcc.a(ledf2.o)
 .ARM.attributes
                0x000007a5       0x2c D:/stm32_sys/STM32CubeIDE_1.19.0/STM32CubeIDE/plugins/com.st.stm32cube.ide.mcu.externaltools.gnu-tools-for-stm32.13.3.rel1.win32_1.0.0.202411081344/tools/bin/../lib/gcc/arm-none-eabi/13.3.1/thumb/v6-m/nofp\libgcc.a(muldf3.o)
 .ARM.attributes
                0x000007d1       0x2c D:/stm32_sys/STM32CubeIDE_1.19.0/STM32CubeIDE/plugins/com.st.stm32cube.ide.mcu.externaltools.gnu-tools-for-stm32.13.3.rel1.win32_1.0.0.202411081344/tools/bin/../lib/gcc/arm-none-eabi/13.3.1/thumb/v6-m/nofp\libgcc.a(extendsfdf2.o)
 .ARM.attributes
                0x000007fd       0x2c D:/stm32_sys/STM32CubeIDE_1.19.0/STM32CubeIDE/plugins/com.st.stm32cube.ide.mcu.externaltools.gnu-tools-for-stm32.13.3.rel1.win32_1.0.0.202411081344/tools/bin/../lib/gcc/arm-none-eabi/13.3.1/thumb/v6-m/nofp\libgcc.a(truncdfsf2.o)
 .ARM.attributes
                0x00000829       0x1e D:/stm32_sys/STM32CubeIDE_1.19.0/STM32CubeIDE/plugins/com.st.stm32cube.ide.mcu.externaltools.gnu-tools-for-stm32.13.3.rel1.win32_1.0.0.202411081344/tools/bin/../lib/gcc/arm-none-eabi/13.3.1/thumb/v6-m/nofp\libgcc.a(_clzsi2.o)
 .ARM.attributes
                0x00000847       0x1e D:/stm32_sys/STM32CubeIDE_1.19.0/STM32CubeIDE/plugins/com.st.stm32cube.ide.mcu.externaltools.gnu-tools-for-stm32.13.3.rel1.win32_1.0.0.202411081344/tools/bin/../lib/gcc/arm-none-eabi/13.3.1/thumb/v6-m/nofp/crtn.o
OUTPUT(casio_stm32.elf elf32-littlearm)
LOAD linker stubs
LOAD D:/stm32_sys/STM32CubeIDE_1.19.0/STM32CubeIDE/plugins/com.st.stm32cube.ide.mcu.externaltools.gnu-tools-for-stm32.13.3.rel1.win32_1.0.0.202411081344/tools/bin/../lib/gcc/arm-none-eabi/13.3.1/../../../../arm-none-eabi/lib/thumb/v6-m/nofp\libc.a
LOAD D:/stm32_sys/STM32CubeIDE_1.19.0/STM32CubeIDE/plugins/com.st.stm32cube.ide.mcu.externaltools.gnu-tools-for-stm32.13.3.rel1.win32_1.0.0.202411081344/tools/bin/../lib/gcc/arm-none-eabi/13.3.1/../../../../arm-none-eabi/lib/thumb/v6-m/nofp\libm.a
LOAD D:/stm32_sys/STM32CubeIDE_1.19.0/STM32CubeIDE/plugins/com.st.stm32cube.ide.mcu.externaltools.gnu-tools-for-stm32.13.3.rel1.win32_1.0.0.202411081344/tools/bin/../lib/gcc/arm-none-eabi/13.3.1/thumb/v6-m/nofp\libgcc.a

.debug_info     0x00000000     0xcc7f
 .debug_info    0x00000000      0x4b5 ./Core/Src/heap_4.o
 .debug_info    0x000004b5      0x2aa ./Core/Src/list.o
 .debug_info    0x0000075f     0x165e ./Core/Src/main.o
 .debug_info    0x00001dbd      0x31b ./Core/Src/port.o
 .debug_info    0x000020d8      0x153 ./Core/Src/portasm.o
 .debug_info    0x0000222b     0x10f8 ./Core/Src/queue.o
 .debug_info    0x00003323      0x199 ./Core/Src/stm32f0xx_hal_msp.o
 .debug_info    0x000034bc      0x919 ./Core/Src/stm32f0xx_hal_timebase_tim.o
 .debug_info    0x00003dd5      0x61f ./Core/Src/stm32f0xx_it.o
 .debug_info    0x000043f4      0x242 ./Core/Src/system_stm32f0xx.o
 .debug_info    0x00004636     0x1f0b ./Core/Src/tasks.o
 .debug_info    0x00006541      0xe65 ./Core/Src/timers.o
 .debug_info    0x000073a6       0x30 ./Core/Startup/startup_stm32f030k6tx.o
 .debug_info    0x000073d6      0x652 ./Drivers/STM32F0xx_HAL_Driver/Src/stm32f0xx_hal.o
 .debug_info    0x00007a28      0x67d ./Drivers/STM32F0xx_HAL_Driver/Src/stm32f0xx_hal_cortex.o
 .debug_info    0x000080a5      0x5c8 ./Drivers/STM32F0xx_HAL_Driver/Src/stm32f0xx_hal_gpio.o
 .debug_info    0x0000866d      0x844 ./Drivers/STM32F0xx_HAL_Driver/Src/stm32f0xx_hal_rcc.o
 .debug_info    0x00008eb1     0x2946 ./Drivers/STM32F0xx_HAL_Driver/Src/stm32f0xx_hal_tim.o
 .debug_info    0x0000b7f7     0x1488 ./Drivers/STM32F0xx_HAL_Driver/Src/stm32f0xx_hal_tim_ex.o

.debug_abbrev   0x00000000     0x2582
 .debug_abbrev  0x00000000      0x1f3 ./Core/Src/heap_4.o
 .debug_abbrev  0x000001f3       0xee ./Core/Src/list.o
 .debug_abbrev  0x000002e1      0x3fa ./Core/Src/main.o
 .debug_abbrev  0x000006db      0x1bd ./Core/Src/port.o
 .debug_abbrev  0x00000898       0xb8 ./Core/Src/portasm.o
 .debug_abbrev  0x00000950      0x26f ./Core/Src/queue.o
 .debug_abbrev  0x00000bbf       0xc6 ./Core/Src/stm32f0xx_hal_msp.o
 .debug_abbrev  0x00000c85      0x21f ./Core/Src/stm32f0xx_hal_timebase_tim.o
 .debug_abbrev  0x00000ea4      0x191 ./Core/Src/stm32f0xx_it.o
 .debug_abbrev  0x00001035      0x11c ./Core/Src/system_stm32f0xx.o
 .debug_abbrev  0x00001151      0x317 ./Core/Src/tasks.o
 .debug_abbrev  0x00001468      0x2ab ./Core/Src/timers.o
 .debug_abbrev  0x00001713       0x24 ./Core/Startup/startup_stm32f030k6tx.o
 .debug_abbrev  0x00001737      0x24b ./Drivers/STM32F0xx_HAL_Driver/Src/stm32f0xx_hal.o
 .debug_abbrev  0x00001982      0x28c ./Drivers/STM32F0xx_HAL_Driver/Src/stm32f0xx_hal_cortex.o
 .debug_abbrev  0x00001c0e      0x1c6 ./Drivers/STM32F0xx_HAL_Driver/Src/stm32f0xx_hal_gpio.o
 .debug_abbrev  0x00001dd4      0x28b ./Drivers/STM32F0xx_HAL_Driver/Src/stm32f0xx_hal_rcc.o
 .debug_abbrev  0x0000205f      0x28c ./Drivers/STM32F0xx_HAL_Driver/Src/stm32f0xx_hal_tim.o
 .debug_abbrev  0x000022eb      0x297 ./Drivers/STM32F0xx_HAL_Driver/Src/stm32f0xx_hal_tim_ex.o

.debug_aranges  0x00000000      0xf10
 .debug_aranges
                0x00000000       0x68 ./Core/Src/heap_4.o
 .debug_aranges
                0x00000068       0x40 ./Core/Src/list.o
 .debug_aranges
                0x000000a8      0x110 ./Core/Src/main.o
 .debug_aranges
                0x000001b8       0x70 ./Core/Src/port.o
 .debug_aranges
                0x00000228       0x60 ./Core/Src/portasm.o
 .debug_aranges
                0x00000288      0x110 ./Core/Src/queue.o
 .debug_aranges
                0x00000398       0x20 ./Core/Src/stm32f0xx_hal_msp.o
 .debug_aranges
                0x000003b8       0x30 ./Core/Src/stm32f0xx_hal_timebase_tim.o
 .debug_aranges
                0x000003e8       0x30 ./Core/Src/stm32f0xx_it.o
 .debug_aranges
                0x00000418       0x28 ./Core/Src/system_stm32f0xx.o
 .debug_aranges
                0x00000440      0x210 ./Core/Src/tasks.o
 .debug_aranges
                0x00000650       0xf8 ./Core/Src/timers.o
 .debug_aranges
                0x00000748       0x28 ./Core/Startup/startup_stm32f030k6tx.o
 .debug_aranges
                0x00000770       0xd0 ./Drivers/STM32F0xx_HAL_Driver/Src/stm32f0xx_hal.o
 .debug_aranges
                0x00000840       0xc0 ./Drivers/STM32F0xx_HAL_Driver/Src/stm32f0xx_hal_cortex.o
 .debug_aranges
                0x00000900       0x58 ./Drivers/STM32F0xx_HAL_Driver/Src/stm32f0xx_hal_gpio.o
 .debug_aranges
                0x00000958       0x80 ./Drivers/STM32F0xx_HAL_Driver/Src/stm32f0xx_hal_rcc.o
 .debug_aranges
                0x000009d8      0x3d0 ./Drivers/STM32F0xx_HAL_Driver/Src/stm32f0xx_hal_tim.o
 .debug_aranges
                0x00000da8      0x168 ./Drivers/STM32F0xx_HAL_Driver/Src/stm32f0xx_hal_tim_ex.o

.debug_rnglists
                0x00000000      0xba9
 .debug_rnglists
                0x00000000       0x4d ./Core/Src/heap_4.o
 .debug_rnglists
                0x0000004d       0x2b ./Core/Src/list.o
 .debug_rnglists
                0x00000078       0xd6 ./Core/Src/main.o
 .debug_rnglists
                0x0000014e       0x50 ./Core/Src/port.o
 .debug_rnglists
                0x0000019e       0x43 ./Core/Src/portasm.o
 .debug_rnglists
                0x000001e1       0xd2 ./Core/Src/queue.o
 .debug_rnglists
                0x000002b3       0x13 ./Core/Src/stm32f0xx_hal_msp.o
 .debug_rnglists
                0x000002c6       0x20 ./Core/Src/stm32f0xx_hal_timebase_tim.o
 .debug_rnglists
                0x000002e6       0x1f ./Core/Src/stm32f0xx_it.o
 .debug_rnglists
                0x00000305       0x1a ./Core/Src/system_stm32f0xx.o
 .debug_rnglists
                0x0000031f      0x1b5 ./Core/Src/tasks.o
 .debug_rnglists
                0x000004d4       0xb8 ./Core/Src/timers.o
 .debug_rnglists
                0x0000058c       0x19 ./Core/Startup/startup_stm32f030k6tx.o
 .debug_rnglists
                0x000005a5       0x97 ./Drivers/STM32F0xx_HAL_Driver/Src/stm32f0xx_hal.o
 .debug_rnglists
                0x0000063c       0x8c ./Drivers/STM32F0xx_HAL_Driver/Src/stm32f0xx_hal_cortex.o
 .debug_rnglists
                0x000006c8       0x3f ./Drivers/STM32F0xx_HAL_Driver/Src/stm32f0xx_hal_gpio.o
 .debug_rnglists
                0x00000707       0x61 ./Drivers/STM32F0xx_HAL_Driver/Src/stm32f0xx_hal_rcc.o
 .debug_rnglists
                0x00000768      0x31b ./Drivers/STM32F0xx_HAL_Driver/Src/stm32f0xx_hal_tim.o
 .debug_rnglists
                0x00000a83      0x126 ./Drivers/STM32F0xx_HAL_Driver/Src/stm32f0xx_hal_tim_ex.o

.debug_macro    0x00000000     0x371a
 .debug_macro   0x00000000      0x382 ./Core/Src/heap_4.o
 .debug_macro   0x00000382       0x16 ./Core/Src/heap_4.o
 .debug_macro   0x00000398       0x3c ./Core/Src/heap_4.o
 .debug_macro   0x000003d4       0x20 ./Core/Src/heap_4.o
 .debug_macro   0x000003f4      0x2ed ./Core/Src/list.o
 .debug_macro   0x000006e1      0x38b ./Core/Src/main.o
 .debug_macro   0x00000a6c       0xb8 ./Core/Src/main.o
 .debug_macro   0x00000b24       0x61 ./Core/Src/main.o
 .debug_macro   0x00000b85       0x16 ./Core/Src/main.o
 .debug_macro   0x00000b9b       0x10 ./Core/Src/main.o
 .debug_macro   0x00000bab       0x16 ./Core/Src/main.o
 .debug_macro   0x00000bc1       0x16 ./Core/Src/main.o
 .debug_macro   0x00000bd7      0x146 ./Core/Src/main.o
 .debug_macro   0x00000d1d       0x4c ./Core/Src/main.o
 .debug_macro   0x00000d69      0x11e ./Core/Src/main.o
 .debug_macro   0x00000e87       0x80 ./Core/Src/main.o
 .debug_macro   0x00000f07       0x77 ./Core/Src/main.o
 .debug_macro   0x00000f7e      0x19b ./Core/Src/main.o
 .debug_macro   0x00001119       0x22 ./Core/Src/main.o
 .debug_macro   0x0000113b      0x11f ./Core/Src/main.o
 .debug_macro   0x0000125a      0x3b7 ./Core/Src/port.o
 .debug_macro   0x00001611      0x1b4 ./Core/Src/port.o
 .debug_macro   0x000017c5      0x231 ./Core/Src/portasm.o
 .debug_macro   0x000019f6      0x384 ./Core/Src/queue.o
 .debug_macro   0x00001d7a      0x1bc ./Core/Src/stm32f0xx_hal_msp.o
 .debug_macro   0x00001f36      0x1ad ./Core/Src/stm32f0xx_hal_timebase_tim.o
 .debug_macro   0x000020e3      0x23d ./Core/Src/stm32f0xx_it.o
 .debug_macro   0x00002320      0x1ad ./Core/Src/system_stm32f0xx.o
 .debug_macro   0x000024cd      0x411 ./Core/Src/tasks.o
 .debug_macro   0x000028de       0x16 ./Core/Src/tasks.o
 .debug_macro   0x000028f4      0x33c ./Core/Src/timers.o
 .debug_macro   0x00002c30       0x9e ./Core/Src/timers.o
 .debug_macro   0x00002cce      0x1d1 ./Drivers/STM32F0xx_HAL_Driver/Src/stm32f0xx_hal.o
 .debug_macro   0x00002e9f      0x1ad ./Drivers/STM32F0xx_HAL_Driver/Src/stm32f0xx_hal_cortex.o
 .debug_macro   0x0000304c      0x1b4 ./Drivers/STM32F0xx_HAL_Driver/Src/stm32f0xx_hal_gpio.o
 .debug_macro   0x00003200      0x1bf ./Drivers/STM32F0xx_HAL_Driver/Src/stm32f0xx_hal_rcc.o
 .debug_macro   0x000033bf      0x1ae ./Drivers/STM32F0xx_HAL_Driver/Src/stm32f0xx_hal_tim.o
 .debug_macro   0x0000356d      0x1ad ./Drivers/STM32F0xx_HAL_Driver/Src/stm32f0xx_hal_tim_ex.o

.debug_line     0x00000000    0x1189f
 .debug_line    0x00000000      0xd1c ./Core/Src/heap_4.o
 .debug_line    0x00000d1c      0xad9 ./Core/Src/list.o
 .debug_line    0x000017f5     0x13b3 ./Core/Src/main.o
 .debug_line    0x00002ba8      0x9b1 ./Core/Src/port.o
 .debug_line    0x00003559      0x879 ./Core/Src/portasm.o
 .debug_line    0x00003dd2     0x13ae ./Core/Src/queue.o
 .debug_line    0x00005180      0x71b ./Core/Src/stm32f0xx_hal_msp.o
 .debug_line    0x0000589b      0x799 ./Core/Src/stm32f0xx_hal_timebase_tim.o
 .debug_line    0x00006034      0x7e1 ./Core/Src/stm32f0xx_it.o
 .debug_line    0x00006815      0x78b ./Core/Src/system_stm32f0xx.o
 .debug_line    0x00006fa0     0x1db6 ./Core/Src/tasks.o
 .debug_line    0x00008d56      0xf73 ./Core/Src/timers.o
 .debug_line    0x00009cc9       0x7b ./Core/Startup/startup_stm32f030k6tx.o
 .debug_line    0x00009d44      0x99a ./Drivers/STM32F0xx_HAL_Driver/Src/stm32f0xx_hal.o
 .debug_line    0x0000a6de      0xa42 ./Drivers/STM32F0xx_HAL_Driver/Src/stm32f0xx_hal_cortex.o
 .debug_line    0x0000b120      0xaff ./Drivers/STM32F0xx_HAL_Driver/Src/stm32f0xx_hal_gpio.o
 .debug_line    0x0000bc1f      0xe2b ./Drivers/STM32F0xx_HAL_Driver/Src/stm32f0xx_hal_rcc.o
 .debug_line    0x0000ca4a     0x362b ./Drivers/STM32F0xx_HAL_Driver/Src/stm32f0xx_hal_tim.o
 .debug_line    0x00010075     0x182a ./Drivers/STM32F0xx_HAL_Driver/Src/stm32f0xx_hal_tim_ex.o

.debug_str      0x00000000    0x71cd2
 .debug_str     0x00000000    0x71cd2 ./Core/Src/heap_4.o
                              0x6856e (size before relaxing)
 .debug_str     0x00071cd2    0x66a2a ./Core/Src/list.o
 .debug_str     0x00071cd2    0x6aff3 ./Core/Src/main.o
 .debug_str     0x00071cd2    0x662a9 ./Core/Src/port.o
 .debug_str     0x00071cd2    0x63603 ./Core/Src/portasm.o
 .debug_str     0x00071cd2    0x69219 ./Core/Src/queue.o
 .debug_str     0x00071cd2    0x59c15 ./Core/Src/stm32f0xx_hal_msp.o
 .debug_str     0x00071cd2    0x5a163 ./Core/Src/stm32f0xx_hal_timebase_tim.o
 .debug_str     0x00071cd2    0x65215 ./Core/Src/stm32f0xx_it.o
 .debug_str     0x00071cd2    0x59a37 ./Core/Src/system_stm32f0xx.o
 .debug_str     0x00071cd2    0x6a2ed ./Core/Src/tasks.o
 .debug_str     0x00071cd2    0x69694 ./Core/Src/timers.o
 .debug_str     0x00071cd2       0x6d ./Core/Startup/startup_stm32f030k6tx.o
 .debug_str     0x00071cd2    0x59f96 ./Drivers/STM32F0xx_HAL_Driver/Src/stm32f0xx_hal.o
 .debug_str     0x00071cd2    0x59d87 ./Drivers/STM32F0xx_HAL_Driver/Src/stm32f0xx_hal_cortex.o
 .debug_str     0x00071cd2    0x59bd8 ./Drivers/STM32F0xx_HAL_Driver/Src/stm32f0xx_hal_gpio.o
 .debug_str     0x00071cd2    0x59e73 ./Drivers/STM32F0xx_HAL_Driver/Src/stm32f0xx_hal_rcc.o
 .debug_str     0x00071cd2    0x5ae4d ./Drivers/STM32F0xx_HAL_Driver/Src/stm32f0xx_hal_tim.o
 .debug_str     0x00071cd2    0x5a659 ./Drivers/STM32F0xx_HAL_Driver/Src/stm32f0xx_hal_tim_ex.o

.comment        0x00000000       0x43
 .comment       0x00000000       0x43 ./Core/Src/heap_4.o
                                 0x44 (size before relaxing)
 .comment       0x00000043       0x44 ./Core/Src/list.o
 .comment       0x00000043       0x44 ./Core/Src/main.o
 .comment       0x00000043       0x44 ./Core/Src/port.o
 .comment       0x00000043       0x44 ./Core/Src/portasm.o
 .comment       0x00000043       0x44 ./Core/Src/queue.o
 .comment       0x00000043       0x44 ./Core/Src/stm32f0xx_hal_msp.o
 .comment       0x00000043       0x44 ./Core/Src/stm32f0xx_hal_timebase_tim.o
 .comment       0x00000043       0x44 ./Core/Src/stm32f0xx_it.o
 .comment       0x00000043       0x44 ./Core/Src/system_stm32f0xx.o
 .comment       0x00000043       0x44 ./Core/Src/tasks.o
 .comment       0x00000043       0x44 ./Core/Src/timers.o
 .comment       0x00000043       0x44 ./Drivers/STM32F0xx_HAL_Driver/Src/stm32f0xx_hal.o
 .comment       0x00000043       0x44 ./Drivers/STM32F0xx_HAL_Driver/Src/stm32f0xx_hal_cortex.o
 .comment       0x00000043       0x44 ./Drivers/STM32F0xx_HAL_Driver/Src/stm32f0xx_hal_gpio.o
 .comment       0x00000043       0x44 ./Drivers/STM32F0xx_HAL_Driver/Src/stm32f0xx_hal_rcc.o
 .comment       0x00000043       0x44 ./Drivers/STM32F0xx_HAL_Driver/Src/stm32f0xx_hal_tim.o
 .comment       0x00000043       0x44 ./Drivers/STM32F0xx_HAL_Driver/Src/stm32f0xx_hal_tim_ex.o

.debug_frame    0x00000000     0x3918
 .debug_frame   0x00000000      0x140 ./Core/Src/heap_4.o
 .debug_frame   0x00000140       0xb0 ./Core/Src/list.o
 .debug_frame   0x000001f0      0x3f8 ./Core/Src/main.o
 .debug_frame   0x000005e8      0x15c ./Core/Src/port.o
 .debug_frame   0x00000744       0xa0 ./Core/Src/portasm.o
 .debug_frame   0x000007e4      0x3f8 ./Core/Src/queue.o
 .debug_frame   0x00000bdc       0x30 ./Core/Src/stm32f0xx_hal_msp.o
 .debug_frame   0x00000c0c       0x6c ./Core/Src/stm32f0xx_hal_timebase_tim.o
 .debug_frame   0x00000c78       0x64 ./Core/Src/stm32f0xx_it.o
 .debug_frame   0x00000cdc       0x4c ./Core/Src/system_stm32f0xx.o
 .debug_frame   0x00000d28      0x7e0 ./Core/Src/tasks.o
 .debug_frame   0x00001508      0x384 ./Core/Src/timers.o
 .debug_frame   0x0000188c      0x2a4 ./Drivers/STM32F0xx_HAL_Driver/Src/stm32f0xx_hal.o
 .debug_frame   0x00001b30      0x2a0 ./Drivers/STM32F0xx_HAL_Driver/Src/stm32f0xx_hal_cortex.o
 .debug_frame   0x00001dd0      0x110 ./Drivers/STM32F0xx_HAL_Driver/Src/stm32f0xx_hal_gpio.o
 .debug_frame   0x00001ee0      0x198 ./Drivers/STM32F0xx_HAL_Driver/Src/stm32f0xx_hal_rcc.o
 .debug_frame   0x00002078      0xf00 ./Drivers/STM32F0xx_HAL_Driver/Src/stm32f0xx_hal_tim.o
 .debug_frame   0x00002f78      0x560 ./Drivers/STM32F0xx_HAL_Driver/Src/stm32f0xx_hal_tim_ex.o
 .debug_frame   0x000034d8       0x20 D:/stm32_sys/STM32CubeIDE_1.19.0/STM32CubeIDE/plugins/com.st.stm32cube.ide.mcu.externaltools.gnu-tools-for-stm32.13.3.rel1.win32_1.0.0.202411081344/tools/bin/../lib/gcc/arm-none-eabi/13.3.1/../../../../arm-none-eabi/lib/thumb/v6-m/nofp\libc_nano.a(libc_a-memset.o)
 .debug_frame   0x000034f8       0x28 D:/stm32_sys/STM32CubeIDE_1.19.0/STM32CubeIDE/plugins/com.st.stm32cube.ide.mcu.externaltools.gnu-tools-for-stm32.13.3.rel1.win32_1.0.0.202411081344/tools/bin/../lib/gcc/arm-none-eabi/13.3.1/../../../../arm-none-eabi/lib/thumb/v6-m/nofp\libc_nano.a(libc_a-strcat.o)
 .debug_frame   0x00003520       0x20 D:/stm32_sys/STM32CubeIDE_1.19.0/STM32CubeIDE/plugins/com.st.stm32cube.ide.mcu.externaltools.gnu-tools-for-stm32.13.3.rel1.win32_1.0.0.202411081344/tools/bin/../lib/gcc/arm-none-eabi/13.3.1/../../../../arm-none-eabi/lib/thumb/v6-m/nofp\libc_nano.a(libc_a-strchr.o)
 .debug_frame   0x00003540       0x2c D:/stm32_sys/STM32CubeIDE_1.19.0/STM32CubeIDE/plugins/com.st.stm32cube.ide.mcu.externaltools.gnu-tools-for-stm32.13.3.rel1.win32_1.0.0.202411081344/tools/bin/../lib/gcc/arm-none-eabi/13.3.1/../../../../arm-none-eabi/lib/thumb/v6-m/nofp\libc_nano.a(libc_a-strncpy.o)
 .debug_frame   0x0000356c       0x2c D:/stm32_sys/STM32CubeIDE_1.19.0/STM32CubeIDE/plugins/com.st.stm32cube.ide.mcu.externaltools.gnu-tools-for-stm32.13.3.rel1.win32_1.0.0.202411081344/tools/bin/../lib/gcc/arm-none-eabi/13.3.1/../../../../arm-none-eabi/lib/thumb/v6-m/nofp\libc_nano.a(libc_a-init.o)
 .debug_frame   0x00003598       0x20 D:/stm32_sys/STM32CubeIDE_1.19.0/STM32CubeIDE/plugins/com.st.stm32cube.ide.mcu.externaltools.gnu-tools-for-stm32.13.3.rel1.win32_1.0.0.202411081344/tools/bin/../lib/gcc/arm-none-eabi/13.3.1/../../../../arm-none-eabi/lib/thumb/v6-m/nofp\libc_nano.a(libc_a-strcpy.o)
 .debug_frame   0x000035b8       0x28 D:/stm32_sys/STM32CubeIDE_1.19.0/STM32CubeIDE/plugins/com.st.stm32cube.ide.mcu.externaltools.gnu-tools-for-stm32.13.3.rel1.win32_1.0.0.202411081344/tools/bin/../lib/gcc/arm-none-eabi/13.3.1/../../../../arm-none-eabi/lib/thumb/v6-m/nofp\libc_nano.a(libc_a-memcpy-stub.o)
 .debug_frame   0x000035e0       0x20 D:/stm32_sys/STM32CubeIDE_1.19.0/STM32CubeIDE/plugins/com.st.stm32cube.ide.mcu.externaltools.gnu-tools-for-stm32.13.3.rel1.win32_1.0.0.202411081344/tools/bin/../lib/gcc/arm-none-eabi/13.3.1/thumb/v6-m/nofp\libgcc.a(_udivsi3.o)
 .debug_frame   0x00003600       0x20 D:/stm32_sys/STM32CubeIDE_1.19.0/STM32CubeIDE/plugins/com.st.stm32cube.ide.mcu.externaltools.gnu-tools-for-stm32.13.3.rel1.win32_1.0.0.202411081344/tools/bin/../lib/gcc/arm-none-eabi/13.3.1/thumb/v6-m/nofp\libgcc.a(_divsi3.o)
 .debug_frame   0x00003620       0x38 D:/stm32_sys/STM32CubeIDE_1.19.0/STM32CubeIDE/plugins/com.st.stm32cube.ide.mcu.externaltools.gnu-tools-for-stm32.13.3.rel1.win32_1.0.0.202411081344/tools/bin/../lib/gcc/arm-none-eabi/13.3.1/thumb/v6-m/nofp\libgcc.a(addsf3.o)
 .debug_frame   0x00003658       0x38 D:/stm32_sys/STM32CubeIDE_1.19.0/STM32CubeIDE/plugins/com.st.stm32cube.ide.mcu.externaltools.gnu-tools-for-stm32.13.3.rel1.win32_1.0.0.202411081344/tools/bin/../lib/gcc/arm-none-eabi/13.3.1/thumb/v6-m/nofp\libgcc.a(divsf3.o)
 .debug_frame   0x00003690       0x2c D:/stm32_sys/STM32CubeIDE_1.19.0/STM32CubeIDE/plugins/com.st.stm32cube.ide.mcu.externaltools.gnu-tools-for-stm32.13.3.rel1.win32_1.0.0.202411081344/tools/bin/../lib/gcc/arm-none-eabi/13.3.1/thumb/v6-m/nofp\libgcc.a(eqsf2.o)
 .debug_frame   0x000036bc       0x2c D:/stm32_sys/STM32CubeIDE_1.19.0/STM32CubeIDE/plugins/com.st.stm32cube.ide.mcu.externaltools.gnu-tools-for-stm32.13.3.rel1.win32_1.0.0.202411081344/tools/bin/../lib/gcc/arm-none-eabi/13.3.1/thumb/v6-m/nofp\libgcc.a(gesf2.o)
 .debug_frame   0x000036e8       0x2c D:/stm32_sys/STM32CubeIDE_1.19.0/STM32CubeIDE/plugins/com.st.stm32cube.ide.mcu.externaltools.gnu-tools-for-stm32.13.3.rel1.win32_1.0.0.202411081344/tools/bin/../lib/gcc/arm-none-eabi/13.3.1/thumb/v6-m/nofp\libgcc.a(lesf2.o)
 .debug_frame   0x00003714       0x38 D:/stm32_sys/STM32CubeIDE_1.19.0/STM32CubeIDE/plugins/com.st.stm32cube.ide.mcu.externaltools.gnu-tools-for-stm32.13.3.rel1.win32_1.0.0.202411081344/tools/bin/../lib/gcc/arm-none-eabi/13.3.1/thumb/v6-m/nofp\libgcc.a(mulsf3.o)
 .debug_frame   0x0000374c       0x38 D:/stm32_sys/STM32CubeIDE_1.19.0/STM32CubeIDE/plugins/com.st.stm32cube.ide.mcu.externaltools.gnu-tools-for-stm32.13.3.rel1.win32_1.0.0.202411081344/tools/bin/../lib/gcc/arm-none-eabi/13.3.1/thumb/v6-m/nofp\libgcc.a(subsf3.o)
 .debug_frame   0x00003784       0x20 D:/stm32_sys/STM32CubeIDE_1.19.0/STM32CubeIDE/plugins/com.st.stm32cube.ide.mcu.externaltools.gnu-tools-for-stm32.13.3.rel1.win32_1.0.0.202411081344/tools/bin/../lib/gcc/arm-none-eabi/13.3.1/thumb/v6-m/nofp\libgcc.a(fixsfsi.o)
 .debug_frame   0x000037a4       0x2c D:/stm32_sys/STM32CubeIDE_1.19.0/STM32CubeIDE/plugins/com.st.stm32cube.ide.mcu.externaltools.gnu-tools-for-stm32.13.3.rel1.win32_1.0.0.202411081344/tools/bin/../lib/gcc/arm-none-eabi/13.3.1/thumb/v6-m/nofp\libgcc.a(floatsisf.o)
 .debug_frame   0x000037d0       0x38 D:/stm32_sys/STM32CubeIDE_1.19.0/STM32CubeIDE/plugins/com.st.stm32cube.ide.mcu.externaltools.gnu-tools-for-stm32.13.3.rel1.win32_1.0.0.202411081344/tools/bin/../lib/gcc/arm-none-eabi/13.3.1/thumb/v6-m/nofp\libgcc.a(eqdf2.o)
 .debug_frame   0x00003808       0x3c D:/stm32_sys/STM32CubeIDE_1.19.0/STM32CubeIDE/plugins/com.st.stm32cube.ide.mcu.externaltools.gnu-tools-for-stm32.13.3.rel1.win32_1.0.0.202411081344/tools/bin/../lib/gcc/arm-none-eabi/13.3.1/thumb/v6-m/nofp\libgcc.a(gedf2.o)
 .debug_frame   0x00003844       0x3c D:/stm32_sys/STM32CubeIDE_1.19.0/STM32CubeIDE/plugins/com.st.stm32cube.ide.mcu.externaltools.gnu-tools-for-stm32.13.3.rel1.win32_1.0.0.202411081344/tools/bin/../lib/gcc/arm-none-eabi/13.3.1/thumb/v6-m/nofp\libgcc.a(ledf2.o)
 .debug_frame   0x00003880       0x3c D:/stm32_sys/STM32CubeIDE_1.19.0/STM32CubeIDE/plugins/com.st.stm32cube.ide.mcu.externaltools.gnu-tools-for-stm32.13.3.rel1.win32_1.0.0.202411081344/tools/bin/../lib/gcc/arm-none-eabi/13.3.1/thumb/v6-m/nofp\libgcc.a(muldf3.o)
 .debug_frame   0x000038bc       0x2c D:/stm32_sys/STM32CubeIDE_1.19.0/STM32CubeIDE/plugins/com.st.stm32cube.ide.mcu.externaltools.gnu-tools-for-stm32.13.3.rel1.win32_1.0.0.202411081344/tools/bin/../lib/gcc/arm-none-eabi/13.3.1/thumb/v6-m/nofp\libgcc.a(extendsfdf2.o)
 .debug_frame   0x000038e8       0x30 D:/stm32_sys/STM32CubeIDE_1.19.0/STM32CubeIDE/plugins/com.st.stm32cube.ide.mcu.externaltools.gnu-tools-for-stm32.13.3.rel1.win32_1.0.0.202411081344/tools/bin/../lib/gcc/arm-none-eabi/13.3.1/thumb/v6-m/nofp\libgcc.a(truncdfsf2.o)

.debug_line_str
                0x00000000       0x51
 .debug_line_str
                0x00000000       0x51 ./Core/Startup/startup_stm32f030k6tx.o
