../Core/Src/main.c:80:6:vApplicationMallocFailedHook	8	static,ignoring_inline_asm
../Core/Src/main.c:86:6:vApplicationStackOverflowHook	16	static,ignoring_inline_asm
../Core/Src/main.c:94:6:LCD_sendNibble_BareMetal	16	static
../Core/Src/main.c:109:6:LCD_sendByte_BareMetal	16	static
../Core/Src/main.c:114:6:LCD_init_BareMetal	8	static
../Core/Src/main.c:127:6:LCD_sendCmd	16	static
../Core/Src/main.c:132:6:LCD_sendChar	16	static
../Core/Src/main.c:137:6:LCD_sendByte	16	static
../Core/Src/main.c:142:6:LCD_sendNibble	16	static
../Core/Src/main.c:156:6:LCD_clear	8	static
../Core/Src/main.c:161:6:LCD_setCursor	24	static
../Core/Src/main.c:167:6:LCD_puts	16	static
../Core/Src/main.c:174:6:LCD_scroll	16	static
../Core/Src/main.c:180:6:set_all_row_high	16	static
../Core/Src/main.c:186:6:scan_key_pad	16	static
../Core/Src/main.c:207:6:reverse_str	32	static
../Core/Src/main.c:220:6:int_to_str	40	static
../Core/Src/main.c:244:6:float_to_str	72	static
../Core/Src/main.c:304:7:eval_simple	136	static
../Core/Src/main.c:351:7:handle_input	256	static
../Core/Src/main.c:387:7:calc	128	static
../Core/Src/main.c:402:5:binary_search_root	40	static
../Core/Src/main.c:430:6:solve_the_equation	88	static
../Core/Src/main.c:477:6:Mode1	80	static
../Core/Src/main.c:551:6:Mode2	48	static
../Core/Src/main.c:601:6:vTask_UpdateDisplay	32	static
../Core/Src/main.c:642:5:main	16	static
../Core/Src/main.c:685:6:SystemClock_Config	80	static
../Core/Src/main.c:718:13:MX_GPIO_Init	48	static
../Core/Src/main.c:777:6:HAL_TIM_PeriodElapsedCallback	16	static
../Core/Src/main.c:793:6:Error_Handler	8	static,ignoring_inline_asm
